✔ [1/75] Built PureSFormal.Research.ProtectedTrieCertificates (4.3s)
✔ [2/78] Built PureSFormal.CTS.Core (4.6s)
✔ [3/80] Built PureSFormal.PureS.Term (4.0s)
✔ [4/82] Built PureSFormal.Rogozhin.Table (5.1s)
✔ [5/82] Built PureSFormal.Research.ProtectedTrieFinitePrefix (971ms)
✔ [6/84] Built PureSFormal.PureS.Pattern (1.1s)
✔ [7/84] Built PureSFormal.Research.ProtectedTrieMachine (1.5s)
✔ [8/85] Built PureSFormal.PureS.Reduction (932ms)
✔ [9/85] Built PureSFormal.PureS.Dispatcher (1.2s)
✔ [10/85] Built PureSFormal.WeakPath.Interface (808ms)
✔ [11/87] Built PureSFormal.PureS.Cursor (1.1s)
✔ [12/87] Built PureSFormal.Research.ProtectedTrieTableau (1.2s)
✔ [13/87] Built PureSFormal.PureS.CountedReduction (760ms)
✔ [14/87] Built PureSFormal.Research.ProtectedTrieMachineAgreement (974ms)
✔ [15/87] Built PureSFormal.Research.ProtectedTrieTableauLabel (1.0s)
✔ [16/87] Built PureSFormal.Research.ProtectedTrieMachineCode (1.1s)
✔ [17/92] Built PureSFormal.PureS.Script (981ms)
✔ [18/96] Built PureSFormal.PureS.Probe (1.2s)
✔ [19/98] Built PureSFormal.PureS.ClosedTerms (948ms)
✔ [20/98] Built PureSFormal.PureS.FiniteController (1.5s)
✔ [21/98] Built PureSFormal.Research.ProtectedTrieTableauExactCost (3.1s)
✔ [22/98] Built PureSFormal.Computation.Enumerable (2.4s)
✔ [23/98] Built PureSFormal.PureS.ProbeCompiler (3.7s)
✔ [24/98] Built PureSFormal.Research.ProtectedTrieAlgebra (1.1s)
✔ [25/98] Built PureSFormal.PureS.Appender (911ms)
✔ [26/98] Built PureSFormal.Computation.ThreeCounter (947ms)
✔ [27/100] Built PureSFormal.PureS.Activation (1.1s)
✔ [28/100] Built PureSFormal.Research.ProtectedTrieParser (1.6s)
✔ [29/100] Built PureSFormal.PureS.Arity (844ms)
✔ [30/102] Built PureSFormal.PureS.Actions (886ms)
✔ [31/102] Built PureSFormal.Computation.StandardMachine (1.4s)
✔ [32/102] Built PureSFormal.Research.ProtectedTrieEnumeration (946ms)
✔ [33/102] Built PureSFormal.Research.ProtectedTrieSeed (887ms)
✔ [34/102] Built PureSFormal.Research.ProtectedTrieSingleOpening (2.9s)
✔ [35/102] Built PureSFormal.PureS.RouteGrammar (746ms)
✔ [36/102] Built PureSFormal.Research.ProtectedTrieTableauExactResource (6.8s)
✔ [37/102] Built PureSFormal.PureS.ActionParser (961ms)
✔ [38/102] Built PureSFormal.PureS.Frame (890ms)
✔ [39/106] Built PureSFormal.PureS.ActionTree (1.1s)
✔ [40/106] Built PureSFormal.Rogozhin.Machine (950ms)
✔ [41/106] Built PureSFormal.Research.ProtectedTrieEncoderSize (790ms)
✔ [42/106] Built PureSFormal.Research.ProtectedTrieBuild (1.1s)
✔ [43/106] Built PureSFormal.Computation.CounterMachine (1.8s)
✔ [44/106] Built PureSFormal.Research.ProtectedTrieSubdivisionMeasure (983ms)
✔ [45/106] Built PureSFormal.PureS.RouteExecution (876ms)
✔ [46/106] Built PureSFormal.PureS.RouteParser (1.4s)
✔ [47/106] Built PureSFormal.PureS.Carrier (1.1s)
✔ [48/106] Built PureSFormal.PureS.Clock (730ms)
✔ [49/106] Built PureSFormal.PureS.PrimitiveScripts (1.2s)
✔ [50/106] Built PureSFormal.Computation.RogozhinTagInput (1.2s)
✔ [51/106] Built PureSFormal.Research.ProtectedTriePrefixBuild (991ms)
✔ [52/106] Built PureSFormal.PureS.RouteAction (741ms)
✔ [53/106] Built PureSFormal.PureS.DispatchParser (979ms)
✔ [54/106] Built PureSFormal.PureS.CellSpine (1.0s)
✔ [55/106] Built PureSFormal.Cook.Tag (20s)
✔ [56/106] Built PureSFormal.PureS.Dovetail (849ms)
✔ [57/110] Built PureSFormal.PureS.PrimitiveFuel (814ms)
✔ [58/110] Built PureSFormal.PureS.PrimitiveClock (872ms)
✔ [59/110] Built PureSFormal.Computation.RogozhinT2Semantics (854ms)
✔ [60/110] Built PureSFormal.PureS.PrimitiveRoute (1.3s)
✔ [61/110] Built PureSFormal.Research.ProtectedTrieMonotoneBuild (922ms)
✔ [62/110] Built PureSFormal.Research.ProtectedTrieConfluence (874ms)
✔ [63/110] Built PureSFormal.PureS.LocalResponse (963ms)
✔ [64/110] Built PureSFormal.PureS.ActionDecode (924ms)
✔ [65/110] Built PureSFormal.PureS.CellDeletion (1.1s)
✔ [66/110] Built PureSFormal.PureS.BasePath (1.0s)
✔ [67/110] Built PureSFormal.Research.ProtectedTrieProjection (2.1s)
✔ [68/112] Built PureSFormal.PureS.PrimitiveLocalResponse (829ms)
✔ [69/113] Built PureSFormal.Cook.CTS (4.8s)
✔ [70/113] Built PureSFormal.PureS.PendingFrame (983ms)
✔ [71/113] Built PureSFormal.Computation.DeletionTwoT2Normalizer (4.2s)
✔ [72/117] Built PureSFormal.Research.ProtectedTrieStrong (1.2s)
✔ [73/117] Built PureSFormal.PureS.MutableBase (1.4s)
✔ [74/117] Built PureSFormal.PureS.BalancedActionTree (1.4s)
✔ [75/117] Built PureSFormal.Research.ProtectedTrieSubdivision (5.1s)
✔ [76/117] Built PureSFormal.Research.ProtectedTrieLabelledObserver (1.1s)
✔ [77/117] Built PureSFormal.Cook.Macroperiod (6.5s)
✔ [78/117] Built PureSFormal.PureS.CanonicalStep (1.5s)
✔ [79/117] Built PureSFormal.PureS.RootPath (744ms)
✔ [80/117] Built PureSFormal.Research.ProtectedTrieSimplePath (1.4s)
✔ [81/117] Built PureSFormal.Cook.HaltCleanup (2.5s)
✔ [82/117] Built PureSFormal.PureS.CarrierDecoder (1.6s)
✔ [83/117] Built PureSFormal.PureS.ReachableAudit (1.3s)
✔ [84/117] Built PureSFormal.Cook.TagTrajectory (882ms)
✔ [85/117] Built PureSFormal.Research.ProtectedTrieWholeObserverExactCost (8.0s)
✔ [86/117] Built PureSFormal.Cook.HaltCleanupFirstEmpty (909ms)
✔ [87/117] Built PureSFormal.PureS.CompleteLayer (874ms)
✔ [88/117] Built PureSFormal.PureS.CheckpointDecoder (3.4s)
✔ [89/117] Built PureSFormal.PureS.CanonicalTraversal (3.5s)
✔ [90/117] Built PureSFormal.Research.ProtectedTrieStrongTheorem (1.1s)
✔ [91/117] Built PureSFormal.PureS.CarrierActionDecode (733ms)
✔ [92/117] Built PureSFormal.PureS.CheckpointConstructors (888ms)
✔ [93/117] Built PureSFormal.PureS.ContextCursor (960ms)
✔ [94/117] Built PureSFormal.Research.ProtectedTrieStrongCompleteness (1.5s)
✔ [95/117] Built PureSFormal.Research.ProtectedTrieLabelSemantics (1.0s)
✔ [96/119] Built PureSFormal.PureS.LocalTransition (924ms)
✔ [97/119] Built PureSFormal.Computation.CounterMachineTag (28s)
✔ [98/120] Built PureSFormal.Research.ProtectedTrieDeterministicCompiler (1.0s)
✔ [99/120] Built PureSFormal.PureS.CheckedTransition (1.2s)
✔ [100/124] Built PureSFormal.WeakPath.CheckpointTime (707ms)
✔ [101/124] Built PureSFormal.PureS.SchedulerControl (9.7s)
✔ [102/124] Built PureSFormal.Computation.DeterministicTapeCounterCompiler (1.6s)
✔ [103/124] Built PureSFormal.Computation.ThreeCounterTag (4.7s)
✔ [104/128] Built PureSFormal.PureS.BoundedJob (751ms)
✔ [105/129] Built PureSFormal.PureS.SchedulerExecution (1.0s)
✔ [106/129] Built PureSFormal.PureS.StageRun (970ms)
✔ [107/129] Built PureSFormal.Computation.RogozhinT2Simulation (46s)
✔ [108/129] Built PureSFormal.Cook.PassClassification (22s)
✔ [109/129] Built PureSFormal.Research.RootResetDeletionGadget (1.7s)
✔ [110/129] Built PureSFormal.Computation.DeterministicTapeThreeCounterCompiler (4.4s)
✔ [111/130] Built PureSFormal.PureS.SchedulerDescent (2.2s)
✔ [112/134] Built PureSFormal.PureS.DovetailRun (807ms)
✔ [113/134] Built PureSFormal.Computation.RogozhinT2Iteration (1.0s)
✔ [114/134] Built PureSFormal.Research.RootResetSelectorContract (1.5s)
✔ [115/136] Built PureSFormal.Research.RootResetProgressRoles (1.2s)
✔ [116/136] Built PureSFormal.PureS.CheckpointRun (2.1s)
✔ [117/138] Built PureSFormal.Computation.RogozhinT2Halt (1.7s)
✔ [118/139] Built PureSFormal.Research.RootResetProgressSpine (1.9s)
✔ [119/160] Built PureSFormal.PureS.ExactCheckpointRun (1.6s)
✔ [120/160] Built PureSFormal.Computation.RogozhinT2Correctness (1.1s)
✔ [121/160] Built PureSFormal.PureS.CursorPositions (948ms)
✔ [122/160] Built PureSFormal.Computation.RogozhinT2Cook (872ms)
✔ [123/160] Built PureSFormal.PureS.CheckpointExclusion (2.5s)
✔ [124/161] Built PureSFormal.Computation.DeterministicTapeCook (865ms)
✔ [125/181] Built PureSFormal.PureS.PublicDecoder (1.0s)
✔ [126/181] Built PureSFormal.PureS.FiniteControllerBound (1.2s)
✔ [127/181] Built PureSFormal.PureS.SchedulerStageCases (942ms)
✔ [128/678] Built PureSFormal.PureS.SchedulerBound (1.2s)
✔ [129/678] Built PureSFormal.PureS.TermNatCode (1.2s)
✔ [130/678] Built PureSFormal.PureS.EncoderSize (1.7s)
✔ [131/678] Built PureSFormal.PureS.MutationFreePeriodicity (971ms)
✔ [132/678] Built PureSFormal.PureS.ControllerProjection (1.0s)
✔ [133/678] Built PureSFormal.PureS.ControllerTrajectory (1.6s)
✔ [134/678] Built PureSFormal.PureS.CheckpointTime (2.1s)
✔ [135/678] Built PureSFormal.PureS.SchedulerInvariant (8.2s)
✔ [136/678] Built PureSFormal.PureS.TermGrowth (1.2s)
✔ [137/678] Built PureSFormal.Cook.PassDecoder (2.1s)
✔ [138/678] Built PureSFormal.Research.ProtectedTrieExecutableSchedule (2.4s)
✔ [139/678] Built PureSFormal.Computation.SigmaOne (1.5s)
✔ [140/678] Built PureSFormal.Computation.PrimitiveRecursive (1.9s)
✔ [141/678] Built PureSFormal.Research.RootResetEulerWalker (17s)
✔ [142/678] Built PureSFormal.Computation.DeterministicTapeTrajectoryDecoder (737ms)
✔ [143/678] Built PureSFormal.Computation.LegacyCompilerGrowth (633ms)
✔ [144/678] Built PureSFormal.Computation.Simulation (570ms)
✔ [145/678] Built PureSFormal.Computation.TrajectoryEvent (585ms)
✔ [146/678] Built PureSFormal.DefinitionAgreement (1.2s)
✔ [147/678] Built PureSFormal.Research.RootResetBoundedDepthObstruction (708ms)
✔ [148/678] Built PureSFormal.Research.RootResetCarrierBoundaryGrammar (619ms)
✔ [149/678] Built PureSFormal.Research.ProtectedTrieFairness (511ms)
✔ [150/678] Built PureSFormal.Research.ProtectedTrieConfluenceObstruction (523ms)
✔ [151/678] Built PureSFormal.Research.RootResetProgressWalker (1.0s)
✔ [152/678] Built PureSFormal.Research.ProtectedTrieConfigurationQuotient (694ms)
✔ [153/678] Built PureSFormal.Computation.ThreeCounterTagOutputBoundary (616ms)
✔ [154/678] Built PureSFormal.Research.FiniteBranchBinaryCompiler (764ms)
✔ [155/678] Built PureSFormal.Computation.DeletionTwoT2Readback (676ms)
✔ [156/678] Built PureSFormal.PureS.ParserPrimitiveMachine (844ms)
✔ [157/678] Built PureSFormal.Research.RootResetPatternFragment (652ms)
✔ [158/678] Built PureSFormal.Research.RootResetTermOnlyTransfer (394ms)
✔ [159/678] Built PureSFormal.Research.RootResetContractProjection (442ms)
✔ [160/678] Built PureSFormal.Research.FiniteTreeAutomatonPowerset (863ms)
✔ [161/678] Built PureSFormal.Computation.DeletionTwoNormalizationMachine (1.0s)
✔ [163/679] Built PureSFormal.AppendixF.FiniteTables (658ms)
✔ [164/679] Built PureSFormal.Computation.DeterministicTapeInfiniteTape (956ms)
✔ [165/679] Built PureSFormal.AppendixF.FiniteOrbit (614ms)
✔ [166/679] Built PureSFormal.Computation.RogozhinMiddleSweepExclusion (3.8s)
✔ [167/679] Built PureSFormal.PureS.SchedulerDecoder (640ms)
✔ [168/679] Built PureSFormal.PureS.SchedulerProductivity (644ms)
✔ [169/679] Built PureSFormal.PureS.ParentLinkedController (1.3s)
✔ [170/679] Built PureSFormal.Research.RootResetRuntimeContextBridge (665ms)
✔ [171/679] Built PureSFormal.PureS.SchedulerResponse (1.2s)
✔ [172/679] Built PureSFormal.CostModel.TreeBounds (850ms)
✔ [173/679] Built PureSFormal.PureS.SchedulerAscent (1.7s)
✔ [174/679] Built PureSFormal.Computation.CookArrivalReflection (765ms)
✔ [175/679] Built PureSFormal.Research.ProtectedTrieExecutableScheduleStrong (814ms)
✔ [176/679] Built PureSFormal.Research.ProtectedTrieBoundedTerminal (1.2s)
✔ [177/679] Built PureSFormal.Computation.RogozhinConcrete (770ms)
✔ [178/679] Built PureSFormal.Computation.SigmaOneEvent (670ms)
✔ [179/679] Built PureSFormal.PureS.ControllerStateCount (19s)
✔ [180/679] Built PureSFormal.Computation.PartialRecursive (1.1s)
✔ [181/679] Built PureSFormal.Research.PureSContractionOccurrenceInjectivity (761ms)
✔ [182/679] Built PureSFormal.Computation.DeterministicTapeCode (1.1s)
✔ [183/679] Built PureSFormal.Computation.RogozhinBridge (740ms)
✔ [184/679] Built PureSFormal.Research.ProtectedTrieFairStream (1.0s)
✔ [185/679] Built PureSFormal.Computation.DeterministicTapePrimitiveBoundaryReflection (1.1s)
✔ [186/679] Built PureSFormal.Research.RootResetAccumulatorClassifier (1.4s)
✔ [187/679] Built PureSFormal.Computation.ThreeCounterTagBoundaryReflection (1.0s)
✔ [188/679] Built PureSFormal.Computation.RogozhinT2BoundaryReadback (1.3s)
✔ [189/679] Built PureSFormal.Research.FiniteBranchBinaryMachineCompiler (1.6s)
✔ [190/679] Built PureSFormal.Research.RootResetLocalContinuationFragment (859ms)
✔ [191/679] Built PureSFormal.PureS.EncoderPrimitive (861ms)
✔ [192/679] Built PureSFormal.PureS.ParserActionPrimitive (1.1s)
✔ [193/679] Built PureSFormal.PureS.ParserRouteShellPrimitive (821ms)
✔ [194/679] Built PureSFormal.Research.FiniteTreeAutomatonEnumeration (661ms)
✔ [195/679] Built PureSFormal.PureS.ParserWordPrimitive (1.2s)
✔ [196/679] Built PureSFormal.PureS.TermEvent (730ms)
✔ [197/679] Built PureSFormal.AppendixF.Carrier (1.3s)
✔ [198/679] Built PureSFormal.Research.RootResetProgressCompleteness (4.5s)
✔ [199/679] Built PureSFormal.PureS.SchedulerContinuation (823ms)
✔ [200/679] Built PureSFormal.Computation.CounterMachineCook (491ms)
✔ [201/679] Built PureSFormal.Research.ProtectedTrieObserverNecessity (495ms)
✔ [202/679] Built PureSFormal.CostModel.SharedArena (1.1s)
✔ [203/679] Built PureSFormal.PureS.SchedulerResponseInvariant (1.6s)
✔ [204/679] Built PureSFormal.Research.ProtectedTrieCertificateEnumeration (774ms)
✔ [205/679] Built PureSFormal.Computation.PrimitiveRecursiveListCode (1.0s)
✔ [206/679] Built PureSFormal.Computation.CookRegisteredReadback (660ms)
✔ [207/679] Built PureSFormal.Research.RootResetCompletedLocalPatterns (674ms)
✔ [208/679] Built PureSFormal.Computation.RogozhinProgramReadback (941ms)
✔ [209/679] Built PureSFormal.PureS.ParserLocalShellPrimitive (1.2s)
✔ [210/679] Built PureSFormal.Research.ClosedSetTreeAutomaton (838ms)
✔ [211/679] Built PureSFormal.PureS.ParserCellSpinePrimitive (857ms)
✔ [212/679] Built PureSFormal.AppendixF.RecursiveCall (1.5s)
✔ [213/679] Built PureSFormal.PureS.ParserEnvelopePrimitive (2.2s)
✔ [214/679] Built PureSFormal.AppendixF.CarrierSummaryBound (700ms)
✔ [215/679] Built PureSFormal.AppendixF.CarrierPath (609ms)
✔ [216/679] Built PureSFormal.AppendixF.CarrierRecognition (691ms)
✔ [217/679] Built PureSFormal.Computation.PureSEvent (470ms)
✔ [218/679] Built PureSFormal.PureS.CountedCheckpointDecoder (1.1s)
✔ [219/679] Built PureSFormal.PureS.ParserRoutePrimitive (5.8s)
✔ [220/679] Built PureSFormal.PureS.SchedulerEmpty (659ms)
✔ [221/679] Built PureSFormal.Research.ProtectedTrieCurrentTermObserverNecessity (561ms)
✔ [222/679] Built PureSFormal.CostModel.SharedDevelopment (605ms)
✔ [223/679] Built PureSFormal.Research.ProtectedPrefixGeneratorCalibration (617ms)
✔ [224/679] Built PureSFormal.Research.RootResetFrameCarrierGuard (671ms)
✔ [225/679] Built PureSFormal.AppendixF.AAABoundary (6.3s)
✔ [226/679] Built PureSFormal.Research.RootResetAppenderStages (1.2s)
✔ [227/679] Built PureSFormal.Research.RootResetDispatcherNodeStages (1.0s)
✔ [228/679] Built PureSFormal.Computation.DeterministicTapeEncodingPrimitives (578ms)
✔ [229/679] Built PureSFormal.AppendixF.PrimitiveTreeFold (669ms)
✔ [230/679] Built PureSFormal.Computation.ThreeCounterCookReadback (616ms)
✔ [231/679] Built PureSFormal.Research.RootResetCompletedLocalFragment (784ms)
✔ [232/679] Built PureSFormal.Research.RootResetStageRegistry (1.8s)
✔ [233/679] Built PureSFormal.PureS.ParserCellPrimitive (607ms)
✔ [234/679] Built PureSFormal.Research.ClosedSetCertificateSoundness (813ms)
✔ [235/679] Built PureSFormal.AppendixF.RecursiveObservation (1.2s)
✔ [236/679] Built PureSFormal.PureS.ParserTerminalPrimitive (874ms)
✔ [237/679] Built PureSFormal.AppendixF.PositiveBlocks (601ms)
✔ [238/679] Built PureSFormal.AppendixF.CarrierTreeReader (879ms)
✔ [239/679] Built PureSFormal.Computation.CounterMachinePureS (462ms)
✔ [240/679] Built PureSFormal.AppendixF.CarrierAvoidance (624ms)
✔ [241/679] Built PureSFormal.Computation.FixedCookBridge (591ms)
✔ [242/679] Built PureSFormal.PureS.ParserBasePrimitive (2.9s)
✔ [243/679] Built PureSFormal.PureS.DispatchParserPrimitive (1.5s)
✔ [244/679] Built PureSFormal.Research.ProtectedTrieObserverBoundary (868ms)
✔ [245/679] Built PureSFormal.CostModel.ConcreteContraction (815ms)
✔ [246/679] Built PureSFormal.AppendixF.HeadInvariant (899ms)
✔ [247/679] Built PureSFormal.PureS.SchedulerCycle (2.3s)
✔ [248/679] Built PureSFormal.AppendixF.AutomatonComputability (531ms)
✔ [249/679] Built PureSFormal.Computation.DeterministicTapeInitialComputability (623ms)
✔ [250/679] Built PureSFormal.Computation.DeterministicTapeStatePadding (582ms)
✔ [251/679] Built PureSFormal.Research.ClosedSetCertificateCompleteness (742ms)
✔ [252/679] Built PureSFormal.Research.RootResetReachableStageGrammar (1.2s)
✔ [253/679] Built PureSFormal.AppendixF.RecursiveOrbit (883ms)
✔ [254/679] Built PureSFormal.PureS.ParserNatPrimitive (642ms)
✔ [255/679] Built PureSFormal.PureS.ParserPhasePrimitive (609ms)
✔ [256/679] Built PureSFormal.AppendixF.PrefixPath (454ms)
✔ [257/679] Built PureSFormal.Computation.DeletionTwoReadbackPrimitive (1.3s)
✔ [258/679] Built PureSFormal.AppendixF.CarrierFeatures (634ms)
✔ [259/679] Built PureSFormal.Computation.FixedCookSigmaOne (517ms)
✔ [260/679] Built PureSFormal.StrongMultiwayUniversality (621ms)
✔ [261/679] Built PureSFormal.CostModel.EdgeCopy (739ms)
✔ [262/679] Built PureSFormal.PureS.ParserCarrierPrimitive (1.3s)
✔ [263/679] Built PureSFormal.AppendixF.ProgramRecognition (753ms)
✔ [264/679] Built PureSFormal.PureS.SchedulerResponseClassification (564ms)
✔ [265/679] Built PureSFormal.AppendixF.MaximalPaths (478ms)
✔ [266/679] Built PureSFormal.AppendixF.NumericPrograms (499ms)
✔ [267/679] Built PureSFormal.Computation.DeterministicTapePrimitiveChronology (685ms)
✔ [268/679] Built PureSFormal.Computation.DeterministicTapeThreeCounterComputability (1.1s)
✔ [269/679] Built PureSFormal.Computation.DeterministicTapeCookTrajectoryReadback (632ms)
✔ [270/679] Built PureSFormal.Research.FiniteReadonlyTreeAutomaton (486ms)
✔ [271/679] Built PureSFormal.AppendixF.RecursivePath (441ms)
✔ [272/679] Built PureSFormal.PureS.ParserNatDivisionPrimitive (599ms)
✔ [273/679] Built PureSFormal.PureS.ParserNatPowerPrimitive (530ms)
✔ [274/679] Built PureSFormal.Research.RootResetWholeStageClassifier (1.4s)
✔ [275/679] Built PureSFormal.AppendixF.RegularAvoidance (548ms)
✔ [276/679] Built PureSFormal.Research.RootResetProgressTotality (17s)
✔ [277/679] Built PureSFormal.CostModel.Privatization (658ms)
✔ [278/679] Built PureSFormal.PureS.ParserLocalPrimitive (513ms)
✔ [279/679] Built PureSFormal.PureS.ParserChainPrimitive (710ms)
✔ [280/679] Built PureSFormal.AppendixF.AutonomousObstruction (553ms)
✔ [281/679] Built PureSFormal.PureS.SchedulerRootContinuation (1.1s)
✔ [282/679] Built PureSFormal.AppendixF.CertificateSearch (707ms)
✔ [283/679] Built PureSFormal.PureS.SchedulerRecurrence (1.1s)
✔ [284/679] Built PureSFormal.AppendixF.NativeSuccessors (879ms)
✔ [285/679] Built PureSFormal.Computation.SourceChronologyOrdinaryTag (506ms)
✔ [286/679] Built PureSFormal.Computation.DeletionTwoT2Computability (650ms)
✔ [287/679] Built PureSFormal.Research.FiniteControllerReindexing (648ms)
✔ [288/679] Built PureSFormal.Computation.CookSeedReadbackContext (1.1s)
✔ [289/679] Built PureSFormal.AppendixF.CallRecognition (788ms)
✔ [290/679] Built PureSFormal.AppendixF.HoldInvariant (557ms)
✔ [291/679] Built PureSFormal.Computation.TapeStackPrimitive (820ms)
✔ [292/679] Built PureSFormal.Research.RootResetReachableActiveContext (839ms)
✔ [293/679] Built PureSFormal.Research.RootResetWholeDispatcherStages (1.7s)
✔ [294/679] Built PureSFormal.Research.RootResetWholeAppenderStages (1.6s)
✔ [295/679] Built PureSFormal.CostModel.PathLift (755ms)
✔ [296/679] Built PureSFormal.PureS.SchedulerCompletedContext (836ms)
✔ [297/679] Built PureSFormal.PureS.ParserPositivePrimitive (1.0s)
✔ [298/679] Built PureSFormal.Research.RootResetClockFuelStages (3.6s)
✔ [299/679] Built PureSFormal.AppendixF.IndexedCertificates (689ms)
✔ [300/679] Built PureSFormal.PureS.SchedulerGlobalRecurrence (1.0s)
✔ [301/679] Built PureSFormal.Computation.SourceChronologyNormalizedTag (768ms)
✔ [302/679] Built PureSFormal.Computation.ThreeCounterTagComputability (1.6s)
✔ [303/679] Built PureSFormal.Computation.CookSeedTerminalReadback (974ms)
✔ [304/679] Built PureSFormal.Computation.CookSeedBoundaryReflection (968ms)
✔ [305/679] Built PureSFormal.Research.RootResetPersistentSelectedAddressBridge (640ms)
✔ [306/679] Built PureSFormal.AppendixF.HoldCarrierExclusion (836ms)
✔ [307/679] Built PureSFormal.Research.RootResetDispatcherSelectedHandoff (607ms)
✔ [308/679] Built PureSFormal.CostModel.Allocation (535ms)
✔ [309/679] Built PureSFormal.PureS.ParserCheckpointPrimitive (672ms)
✔ [310/679] Built PureSFormal.Research.RootResetResponseBoundaryStages (1.0s)
✔ [311/679] Built PureSFormal.Computation.TapeRowPrimitive (1.0s)
✔ [312/679] Built PureSFormal.AppendixF.PrimitiveMembership (569ms)
✔ [313/679] Built PureSFormal.AppendixF.CodeGraph (741ms)
✔ [314/679] Built PureSFormal.Research.RootResetClockFuelCanonicalGrammar (1.6s)
✔ [315/679] Built PureSFormal.Research.RootResetClockGrowthWalker (2.1s)
✔ [316/679] Built PureSFormal.PureS.SchedulerNestedPhase (1.8s)
✔ [317/679] Built PureSFormal.Computation.SourceChronologyRogozhin (523ms)
✔ [318/679] Built PureSFormal.Computation.ThreeCounterTagConstructionSize (869ms)
✔ [319/679] Built PureSFormal.Computation.RogozhinFirstSweepExclusion (728ms)
✔ [320/679] Built PureSFormal.Computation.RogozhinInputComputability (1.1s)
✔ [321/679] Built PureSFormal.Computation.CookSeedOutputExample (511ms)
✔ [322/679] Built PureSFormal.Computation.CookSeedTerminalSoundness (600ms)
✔ [323/679] Built PureSFormal.AppendixF.ClockBoundary (576ms)
✔ [324/679] Built PureSFormal.AppendixF.HoldLeaf (587ms)
✔ [325/679] Built PureSFormal.CostModel.SharedCostTheorem (476ms)
✔ [326/679] Built PureSFormal.PureS.TermEventPrimitive (689ms)
✔ [327/679] Built PureSFormal.Computation.CookWordPrimitive (1.1s)
✔ [328/679] Built PureSFormal.Computation.RogozhinFramePrimitive (1.3s)
✔ [329/679] Built PureSFormal.PureS.PublicDecoderPrimitive (1.1s)
✔ [330/679] Built PureSFormal.Research.RootResetWholeDispatcherSelectedHandoff (903ms)
✔ [331/679] Built PureSFormal.Research.RootResetCarrierEdgePatterns (848ms)
✔ [332/679] Built PureSFormal.AppendixF.FinitePathPrograms (651ms)
✔ [333/679] Built PureSFormal.AppendixF.GraphCertificates (765ms)
✔ [334/679] Built PureSFormal.Research.RootResetPendingAdmissionFuelPatterns (700ms)
✔ [335/679] Built PureSFormal.Research.RootResetClockFuelCanonicalTransitions (647ms)
✔ [336/679] Built PureSFormal.Research.RootResetCompositeStageRegistry (1.7s)
✔ [337/679] Built PureSFormal.PureS.SchedulerJobHandoff (736ms)
✔ [338/679] Built PureSFormal.PureS.SchedulerTraceAlgebra (670ms)
✔ [339/679] Built PureSFormal.Computation.ThreeCounterNumericBoundaryReflection (631ms)
✔ [340/679] Built PureSFormal.Computation.RogozhinBoundaryOperationalReflection (728ms)
✔ [341/679] Built PureSFormal.AppendixF.HoldAllData (702ms)
✔ [342/679] Built PureSFormal.AppendixF.IncomparableBasins (686ms)
✔ [343/679] Built PureSFormal.PureS.SchedulerNestedResponse (2.2s)
✔ [344/679] Built PureSFormal.Computation.CookCounterPrimitive (766ms)
✔ [345/679] Built PureSFormal.CostModel.FiniteArenaMachine (904ms)
✔ [346/679] Built PureSFormal.Research.RootResetEdgeFragment (738ms)
✔ [347/679] Built PureSFormal.AppendixF.PathConcatenation (569ms)
✔ [348/679] Built PureSFormal.Research.RootResetResponseSampleParserBridge (1.1s)
✔ [349/679] Built PureSFormal.AppendixF.ComputabilityCertificates (487ms)
✔ [350/679] Built PureSFormal.Research.RootResetPersistentFuelCarrier (1.1s)
✔ [351/679] Built PureSFormal.PureS.SchedulerAllStages (898ms)
✔ [352/679] Built PureSFormal.Research.RootResetTwentySevenStageRegistry (1.9s)
✔ [353/679] Built PureSFormal.Computation.DeterministicTapeTagBoundaryReflection (468ms)
✔ [354/679] Built PureSFormal.AppendixF.ClassicalSeeds (638ms)
✔ [355/679] Built PureSFormal.PureS.SchedulerNonfinalJobs (726ms)
✔ [356/679] Built PureSFormal.Research.RootResetProgressEulerSelector (21s)
✔ [357/679] Built PureSFormal.CostModel.PointerWordCost (630ms)
✔ [358/679] Built PureSFormal.Computation.CookRunWordPrimitive (1.4s)
✔ [359/679] Built PureSFormal.PureS.SchedulerNestedEmpty (1.0s)
✔ [360/679] Built PureSFormal.Research.RootResetAppenderFiniteRows (964ms)
✔ [361/679] Built PureSFormal.CostModel.DAGLocalObserver (1.6s)
✔ [362/679] Built PureSFormal.Research.RootResetDispatcherStageRows (1.1s)
✔ [363/679] Built PureSFormal.Research.RootResetEdgeSpine (683ms)
✔ [364/679] Built PureSFormal.AppendixF.PathSearchPrograms (632ms)
✔ [365/679] Built PureSFormal.Computation.DeterministicTapeTagSourceReflection (547ms)
✔ [366/679] Built PureSFormal.Research.RootResetPersistentInitialBridge (719ms)
✔ [367/679] Built PureSFormal.Research.RootResetPersistentRouteA (1.2s)
✔ [368/679] Built PureSFormal.Computation.CookBoundaryPrimitive (996ms)
✔ [369/679] Built PureSFormal.Research.RootResetAppenderMutationFiniteRows (611ms)
✔ [370/679] Built PureSFormal.PureS.SchedulerFirstEmpty (2.0s)
✔ [371/679] Built PureSFormal.Research.RootResetAppenderRouteRows (706ms)
✔ [372/679] Built PureSFormal.AppendixF.DecidablePathObstruction (572ms)
✔ [373/679] Built PureSFormal.Computation.CookSeedPassReadback (604ms)
✔ [374/679] Built PureSFormal.Research.RootResetPersistentRouteAFuel (860ms)
✔ [375/679] Built PureSFormal.Research.RootResetClockParityWalker (10s)
✔ [376/679] Built PureSFormal.Computation.CookArrivalPrimitive (1.1s)
✔ [377/679] Built PureSFormal.PureS.SchedulerMixedNonfinalJobs (791ms)
✔ [378/679] Built PureSFormal.PureS.SchedulerNonfinalEmptyJobs (674ms)
✔ [379/679] Built PureSFormal.Research.RootResetDispatcherLocalRows (620ms)
✔ [380/679] Built PureSFormal.Research.RootResetSelectedActionRows (801ms)
✔ [381/679] Built PureSFormal.Computation.SourceChronologyCook (641ms)
✔ [382/679] Built PureSFormal.AppendixF.PathFamilies (847ms)
✔ [383/679] Built PureSFormal.Computation.CookSeedPassSourceReflection (561ms)
✔ [384/679] Built PureSFormal.Research.RootResetPersistentSelector (598ms)
✔ [385/679] Built PureSFormal.Research.RootResetPersistentRouteAFuelSchedulerBridge (838ms)
✔ [386/679] Built PureSFormal.Computation.CookPassPrimitive (760ms)
✔ [387/679] Built PureSFormal.Computation.SourceChronologySourceCTS (792ms)
✔ [388/679] Built PureSFormal.AppendixF.Audit (625ms)
✔ [389/679] Built PureSFormal.PureS.SchedulerStageAssembly (1.5s)
✔ [390/679] Built PureSFormal.Computation.RogozhinSeedPrimitive (811ms)
✔ [391/679] Built PureSFormal.Computation.EncodedSigmaOneTermEvent (531ms)
✔ [392/679] Built PureSFormal.Research.RootResetExactTraceAgreement (682ms)
✔ [393/679] Built PureSFormal.Computation.DeterministicTapePureS (507ms)
✔ [394/679] Built PureSFormal.PureS.CheckpointSeedReadback (582ms)
✔ [395/679] Built PureSFormal.Computation.EncodedSigmaOneNatEvent (543ms)
✔ [396/679] Built PureSFormal.Computation.RogozhinFramePrimitiveSize (644ms)
✔ [397/679] Built PureSFormal.Research.RootResetPersistentCarrierTraversalAgreement (791ms)
✔ [398/679] Built PureSFormal.Research.RootResetCertifiedStageAssembly (702ms)
✔ [399/679] Built PureSFormal.Computation.FixedEndpointUniformity (658ms)
✔ [400/679] Built PureSFormal.Computation.DeterministicTapePureSComputability (958ms)
✔ [401/679] Built PureSFormal.Research.RootResetPersistentClockFuelAgreement (2.0s)
✔ [402/679] Built PureSFormal.PureS.CheckpointSeedReflection (537ms)
✔ [403/679] Built PureSFormal.PureS.CheckpointSeedReadbackPrimitive (830ms)
✔ [404/679] Built PureSFormal.WeakPathUniversality (600ms)
✔ [405/679] Built PureSFormal.Computation.CookEncodingComputability (693ms)
✔ [406/679] Built PureSFormal.PureS.PrimitiveInterfaceCertificates (493ms)
✔ [407/679] Built PureSFormal.Research.RootResetSelectedFrontParserAgreement (826ms)
✔ [408/679] Built PureSFormal.Research.RootResetProgressEulerTotality (12s)
✔ [409/679] Built PureSFormal.WeakPathUniversalityTrajectory (542ms)
✔ [410/679] Built PureSFormal.Computation.BareTermReadbackFields (576ms)
✔ [411/679] Built PureSFormal.WeakPathPolynomialCost (628ms)
✔ [412/679] Built PureSFormal.EvaluatorBounds (678ms)
✔ [413/679] Built PureSFormal.CostModel.UnifiedResourceLedger (701ms)
✔ [414/679] Built PureSFormal.Computation.DeterministicTapeStatePaddingComputability (819ms)
✔ [415/679] Built PureSFormal.Computation.DeterministicTapeEffectiveReduction (554ms)
✔ [416/679] Built PureSFormal.WeakPathUniversalityExclusion (1.2s)
✔ [417/679] Built PureSFormal.Research.RootResetPersistentResponseSelector (1.9s)
✔ [418/679] Built PureSFormal.Challenge (922ms)
✔ [419/679] Built PureSFormal.Computation.DeterministicTapePureSOutput (886ms)
✔ [420/679] Built PureSFormal.Computation.CookWordConstructionMachine (3.9s)
✔ [421/679] Built PureSFormal.Research.RootResetFirstResponseSelectorChain (634ms)
✔ [422/679] Built PureSFormal.Research.RootResetTermOnlyUniversalityTransfer (893ms)
✔ [423/679] Built PureSFormal.Research.RootResetCompletedAppenderPriority (707ms)
✔ [424/679] Built PureSFormal.Research.RootResetResponseSelectorInitialAgreement (727ms)
✔ [425/679] Built PureSFormal.Research.RootResetTraversableCompletedParents (866ms)
✔ [426/679] Built PureSFormal.Research.RootResetResponseCarrierChronology (739ms)
✔ [427/679] Built Demo (2.4s)
✔ [428/679] Built PureSFormal.Research.RootResetResponseClockFuelAgreement (1.4s)
✔ [429/679] Built PureSFormal.Computation.RogozhinInputConstructionMachine (2.6s)
✔ [430/679] Built PureSFormal.Research.RootResetInitialContractionPrefix (567ms)
✔ [431/679] Built PureSFormal.Research.RootResetFrameFirstSelectorProof (797ms)
✔ [432/679] Built PureSFormal.Research.RootResetFrameSecondSelectorProof (1.1s)
✔ [433/679] Built PureSFormal.Computation.RogozhinContextWeightPrimitive (1.3s)
✔ [434/679] Built PureSFormal.Research.RootResetProgressEulerContract (8.3s)
✔ [435/679] Built PureSFormal.Computation.RogozhinProgramConstructionMachine (1.4s)
✔ [436/679] Built PureSFormal.PureS.RegisteredMarkerBridge (703ms)
✔ [437/679] Built PureSFormal.Research.RootResetNormalResponseSelectorChain (471ms)
✔ [438/679] Built PureSFormal.Research.RootResetSuccessfulEdgeMoves (455ms)
✔ [439/679] Built PureSFormal.PureS.RegisteredMarkerCompleteness (767ms)
✔ [440/679] Built PureSFormal.Research.RootResetEmptyResponseSelectorChain (909ms)
✔ [441/679] Built PureSFormal.Computation.DeletionTwoTableConstructionMachine (1.4s)
✔ [442/679] Built PureSFormal.PureS.RegisteredMarkerSampling (614ms)
✔ [443/679] Built PureSFormal.Research.RootResetEmptyResponseCommit (833ms)
✔ [444/679] Built PureSFormal.Research.RootResetWrappedFrameSelectorProof (974ms)
✔ [445/679] Built PureSFormal.Computation.ThreeCounterTagTypedConstructionMachine (1.3s)
✔ [446/679] Built PureSFormal.PureS.RegisteredMarkerExclusion (630ms)
✔ [447/679] Built PureSFormal.Research.RootResetMarkedFrameSelectorProof (912ms)
✔ [448/679] Built PureSFormal.Computation.ThreeCounterTagNumericConstructionMachine (1.2s)
✔ [449/679] Built PureSFormal.Computation.RogozhinContextDataPrimitive (5.7s)
✔ [450/679] Built PureSFormal.PureS.RegisteredMarkerNonemptyPrefix (922ms)
✔ [451/679] Built PureSFormal.Research.RootResetEmptyRouteSelectorChain (875ms)
✔ [452/679] Built PureSFormal.Computation.ThreeCounterTagProgramConstructionMachine (694ms)
✔ [453/679] Built PureSFormal.Computation.RogozhinContextProgramPrimitive (1.2s)
✔ [454/679] Built PureSFormal.PureS.RegisteredMarkerJobs (1.2s)
✔ [455/679] Built PureSFormal.Research.RootResetPendingResponseContext (761ms)
✔ [456/679] Built PureSFormal.Research.RootResetFrameSpineWalker (8.3s)
✔ [457/679] Built PureSFormal.Computation.ThreeCounterTagInputConstructionMachine (827ms)
✔ [458/679] Built PureSFormal.Computation.RogozhinContextBoundaryPrimitive (715ms)
✔ [459/679] Built PureSFormal.PureS.RegisteredMarkerPhases (524ms)
✔ [460/679] Built PureSFormal.Research.RootResetWrappedEmptyRouteSelectorChain (713ms)
✔ [461/679] Built PureSFormal.Computation.DeterministicTapeInitialConstructionMachine (734ms)
✔ [462/679] Built PureSFormal.PureS.RegisteredMarkerStages (837ms)
✔ [463/679] Built PureSFormal.PureS.RegisteredMarkerGlobalSoundness (601ms)
✔ [464/679] Built PureSFormal.Research.RootResetWrappedEmptyCommit (1.1s)
✔ [465/679] Built PureSFormal.Research.RootResetActivatedRouteExclusion (615ms)
✔ [466/679] Built PureSFormal.Research.RootResetEmptyHandoffContext (747ms)
✔ [467/679] Built PureSFormal.Computation.DeterministicTapeDecodeConstructionMachine (1.7s)
✔ [468/679] Built PureSFormal.Computation.CookSeedTerminalPrimitive (5.1s)
✔ [469/679] Built PureSFormal.Research.RootResetNonemptyAppenderSelector (755ms)
✔ [470/679] Built PureSFormal.Computation.CookDecodedRowPrimitive (731ms)
✔ [471/679] Built PureSFormal.Research.RootResetEmptyPostMarkerHandoff (1.7s)
✔ [472/679] Built PureSFormal.Computation.CookSeedOrdinaryPrimitive (1.1s)
✔ [473/679] Built PureSFormal.Research.RootResetAppenderSelectorChain (844ms)
✔ [474/679] Built PureSFormal.Research.RootResetEmptySweepSelectorChain (676ms)
✔ [475/679] Built PureSFormal.Research.RootResetNormalResponseBodyChain (608ms)
✔ [476/679] Built PureSFormal.Research.RootResetInitialEmptySweep (654ms)
✔ [477/679] Built PureSFormal.Research.RootResetWrappedAppenderSelectorChain (783ms)
✔ [478/679] Built PureSFormal.Computation.DeterministicTapeTableConstructionMachine (3.4s)
✔ [479/679] Built PureSFormal.Research.RootResetEmptyTerminalResponse (505ms)
✔ [480/679] Built PureSFormal.Research.RootResetNormalResponseContextChain (505ms)
✔ [481/679] Built PureSFormal.Research.RootResetEmptyContinuationSelector (512ms)
✔ [482/679] Built PureSFormal.Research.RootResetFirstNormalResponseChain (462ms)
✔ [483/679] Built PureSFormal.Research.RootResetEmptyContinuationChain (485ms)
✔ [484/679] Built PureSFormal.Research.RootResetGeneratedTraversableParents (422ms)
✔ [485/679] Built PureSFormal.Research.RootResetEmptyJobSelectorChain (501ms)
✔ [486/679] Built PureSFormal.Research.RootResetMarkedFuelSelectorChain (583ms)
✔ [487/679] Built PureSFormal.Research.RootResetCompleteEmptyJob (498ms)
✔ [488/679] Built PureSFormal.Research.RootResetEmptyJobsSelectorChain (512ms)
✔ [489/679] Built PureSFormal.Research.RootResetMarkedClockSelectorChain (558ms)
✔ [490/679] Built PureSFormal.Research.RootResetEmptyStagesSelectorChain (698ms)
✔ [491/679] Built PureSFormal.Research.RootResetFreshClockSelectorChain (1.1s)
✔ [492/679] Built PureSFormal.Research.RootResetFreshFuelSelectorChain (1.1s)
✔ [493/679] Built PureSFormal.Computation.DeterministicTapeEncoderConstructionMachine (6.8s)
✔ [494/679] Built PureSFormal.Research.RootResetFreshResponseSelectorChain (1.2s)
✔ [495/679] Built PureSFormal.Research.RootResetFreshAppenderSelectorChain (844ms)
✔ [496/679] Built PureSFormal.Research.RootResetCarrierChronologyPreservation (783ms)
✔ [497/679] Built PureSFormal.Research.RootResetFreshNormalResponseChain (837ms)
✔ [498/679] Built PureSFormal.Research.RootResetCleanTraversableParents (557ms)
✔ [499/679] Built PureSFormal.Research.RootResetGeneratedFrontParserAgreement (643ms)
✔ [500/679] Built PureSFormal.Research.RootResetPendingCompletedResponse (1.2s)
✔ [501/679] Built PureSFormal.Research.RootResetGeneratedJobTraversability (1.2s)
✔ [502/679] Built PureSFormal.Research.RootResetMixedResponseContext (1.8s)
✔ [503/679] Built PureSFormal.Research.RootResetFrontNonemptyAgreement (613ms)
✔ [504/679] Built PureSFormal.Computation.DeterministicTapePaddingConstructionMachine (4.5s)
✔ [505/679] Built PureSFormal.Research.RootResetPendingDeletedResponse (1.0s)
✔ [506/679] Built PureSFormal.Research.RootResetCleanParentPrefix (915ms)
✔ [507/679] Built PureSFormal.Research.RootResetMixedClockFuelSelectorChain (885ms)
✔ [508/679] Built PureSFormal.Research.RootResetGeneratedEmptyTraversability (1.9s)
✔ [509/679] Built PureSFormal.Computation.ThreeCounterRadixReadbackPrimitive (865ms)
✔ [510/679] Built PureSFormal.Research.RootResetCarrierScanParentBoundary (622ms)
✔ [511/679] Built PureSFormal.Computation.DeterministicTapePaddedEncoderConstructionMachine (684ms)
✔ [512/679] Built PureSFormal.Research.RootResetPendingResponseFrontHandoff (1.2s)
✔ [513/679] Built PureSFormal.Research.RootResetMixedStagePhaseSelectorChain (1.0s)
✔ [514/679] Built PureSFormal.Research.RootResetGeneratedStageTraversability (1.3s)
✔ [515/679] Built PureSFormal.Research.RootResetMixedEmptyCommit (1.6s)
✔ [516/679] Built PureSFormal.Research.RootResetCompletedFrontPreservation (705ms)
✔ [517/679] Built PureSFormal.Research.RootResetMixedJobHandoff (627ms)
✔ [518/679] Built PureSFormal.Research.RootResetCarrierImmediateLive (717ms)
✔ [519/679] Built PureSFormal.Research.RootResetOrderedCarrier (1.2s)
✔ [520/679] Built PureSFormal.Computation.ThreeCounterSymbolReadbackPrimitive (2.3s)
✔ [521/679] Built PureSFormal.Research.RootResetMixedCompletedFrontHandoff (1.5s)
✔ [522/679] Built PureSFormal.Research.RootResetCarrierNonemptyRows (821ms)
✔ [523/679] Built PureSFormal.Research.RootResetCarrierNonemptyAgreement (968ms)
✔ [524/679] Built PureSFormal.Research.RootResetMixedNormalResponseChain (1.3s)
✔ [525/679] Built PureSFormal.Research.RootResetInverseEdgeFragment (1.3s)
✔ [526/679] Built PureSFormal.Research.RootResetMixedEmptyResponseChain (782ms)
✔ [527/679] Built PureSFormal.Research.RootResetInverseEdgeSpine (923ms)
✔ [528/679] Built PureSFormal.Research.RootResetMixedNonemptySweep (1.2s)
✔ [529/679] Built PureSFormal.Computation.ThreeCounterLiveReadbackPrimitive (2.0s)
✔ [530/679] Built PureSFormal.Research.RootResetMixedMarkedHandoff (1.4s)
✔ [531/679] Built PureSFormal.Research.RootResetCarrierNonemptyProbe (1.3s)
✔ [532/679] Built PureSFormal.Research.RootResetMixedNonemptyStages (1.1s)
✔ [533/679] Built PureSFormal.Computation.ThreeCounterCookReadbackPrimitive (917ms)
✔ [534/679] Built PureSFormal.Research.RootResetMixedEmptySweep (867ms)
✔ [535/679] Built PureSFormal.Research.RootResetCarrierInverseBoundary (667ms)
✔ [536/679] Built PureSFormal.Research.RootResetReadonlySelector (1.2s)
✔ [537/679] Built PureSFormal.Research.RootResetMixedFirstEmptyStages (1.3s)
✔ [538/679] Built PureSFormal.Computation.CookSeedOutputPrimitive (745ms)
✔ [539/679] Built PureSFormal.Research.RootResetStageSelectionLaws (595ms)
✔ [540/679] Built PureSFormal.Research.RootResetMixedFirstEmptyJob (1.1s)
✔ [541/679] Built PureSFormal.Computation.DeterministicTapeOutputPrimitive (706ms)
✔ [542/679] Built PureSFormal.Research.RootResetCarrierInverseUnique (1.2s)
✔ [543/679] Built PureSFormal.Research.RootResetMixedBitConsJob (657ms)
✔ [544/679] Built PureSFormal.Research.RootResetParametricNonemptyStages (1.1s)
✔ [545/679] Built PureSFormal.Research.RootResetNestedClockPatterns (644ms)
✔ [546/679] Built PureSFormal.Computation.DeterministicTapeOutputQuartic (883ms)
✔ [547/679] Built PureSFormal.Research.RootResetNestedFramePatterns (674ms)
✔ [548/679] Built PureSFormal.Research.RootResetAllInputsTraceAgreement (746ms)
✔ [549/679] Built PureSFormal.Research.RootResetCarrierProbeLocalBound (1.2s)
✔ [550/679] Built PureSFormal.Research.RootResetMixedLocalFragment (1.4s)
✔ [551/679] Built PureSFormal.Research.RootResetPendingAdmissionPatterns (660ms)
✔ [552/679] Built PureSFormal.Research.RootResetParametricFirstEmptyStages (1.2s)
✔ [553/679] Built PureSFormal.Research.RootResetNestedFrameProbe (1.0s)
✔ [554/679] Built PureSFormal.Research.RootResetNestedClockCoreProbe (1.1s)
✔ [555/679] Built PureSFormal.Research.RootResetMarkedAncestorProbe (1.1s)
✔ [556/679] Built PureSFormal.Research.RootResetFreshAncestorProbe (1.2s)
✔ [557/679] Built PureSFormal.Research.RootResetProbeSequence (1.0s)
✔ [558/679] Built PureSFormal.Research.RootResetMixedLocalAmortized (915ms)
✔ [559/679] Built PureSFormal.Research.RootResetLabelledPatternFragment (1.3s)
✔ [560/679] Built PureSFormal.Research.RootResetDecodedCarrierNonemptyAgreement (741ms)
✔ [561/679] Built PureSFormal.Research.RootResetPendingAdmissionCarrierRejection (773ms)
✔ [562/679] Built PureSFormal.Research.RootResetParametricNonemptyTraceAgreement (599ms)
✔ [563/679] Built PureSFormal.Research.RootResetFuelFiniteRows (746ms)
✔ [564/679] Built PureSFormal.Research.RootResetNestedFrameAgreement (733ms)
✔ [565/679] Built PureSFormal.Research.RootResetReplayProbe (730ms)
✔ [566/679] Built PureSFormal.Research.FiniteWorkerTreeAutomaton (671ms)
✔ [567/679] Built PureSFormal.Research.RootResetNestedClockGrowthProbe (929ms)
✔ [568/679] Built PureSFormal.Research.RootResetMixedContinuationSpine (801ms)
✔ [569/679] Built PureSFormal.Research.RootResetProbeBranch (1.2s)
✔ [570/679] Built PureSFormal.Research.RootResetPendingAdmissionFragment (1.1s)
✔ [571/679] Built PureSFormal.Research.RootResetLabelledEdgeProbe (1.1s)
✔ [572/679] Built PureSFormal.Research.RootResetPriorityReplay (780ms)
✔ [573/679] Built PureSFormal.Research.RootResetNestedFrameCost (886ms)
✔ [574/679] Built PureSFormal.Research.RootResetNestedClockGrowthAgreement (743ms)
✔ [575/679] Built PureSFormal.Research.RootResetNestedUnaryScan (960ms)
✔ [576/679] Built PureSFormal.Research.RootResetCellSpineRows (631ms)
✔ [577/679] Built PureSFormal.Research.RootResetPendingAdmissionInterleaved (1.4s)
✔ [578/679] Built PureSFormal.Research.RootResetCompleteCarrierRows (702ms)
✔ [579/679] Built PureSFormal.Research.RootResetCarrierPhaseProbe (806ms)
✔ [580/679] Built PureSFormal.Research.RootResetPendingAdmissionSegment (750ms)
✔ [581/679] Built PureSFormal.Research.RootResetPendingParentProbe (933ms)
✔ [582/679] Built PureSFormal.Research.RootResetDeletedBitRows (853ms)
✔ [583/679] Built PureSFormal.Research.RootResetPendingAdmissionFrameBridge (729ms)
✔ [584/679] Built PureSFormal.Research.RootResetCarrierOldestLiveProbe (1.5s)
✔ [585/679] Built PureSFormal.Research.RootResetNestedUnaryParity (2.5s)
✔ [586/679] Built PureSFormal.Research.RootResetDeletedBitAgreement (649ms)
✔ [587/679] Built PureSFormal.Research.RootResetCarrierOldestLiveAgreement (937ms)
✔ [588/679] Built PureSFormal.Research.RootResetScopedCarrierWorker (1.5s)
✔ [589/679] Built PureSFormal.Research.RootResetCarrierParityProbe (1.5s)
✔ [590/679] Built PureSFormal.Research.RootResetNestedClockFirstPass (989ms)
✔ [591/679] Built PureSFormal.Research.RootResetEmptyOriginProbe (769ms)
✔ [592/679] Built PureSFormal.Research.RootResetResponseBitFiniteValue (621ms)
✔ [593/679] Built PureSFormal.Research.RootResetCarrierParityAgreement (979ms)
✔ [594/679] Built PureSFormal.Research.RootResetActiveMarkedFrontend (2.1s)
✔ [595/679] Built PureSFormal.Research.RootResetNormalCarrierEmptyExclusion (851ms)
✔ [596/679] Built PureSFormal.Research.RootResetNestedClockSecondPass (3.3s)
✔ [597/679] Built PureSFormal.Research.RootResetGeneratedCarrierLabels (765ms)
✔ [598/679] Built PureSFormal.Research.RootResetCompletedResponseAtoms (836ms)
✔ [599/679] Built PureSFormal.Research.RootResetFrontBitProbe (1.1s)
✔ [600/679] Built PureSFormal.Research.RootResetActiveCleanParentsAgreement (826ms)
✔ [601/679] Built PureSFormal.Research.RootResetCompletedResponseProbe (854ms)
✔ [602/679] Built PureSFormal.Research.RootResetPendingAncestorProbe (1.1s)
✔ [603/679] Built PureSFormal.Research.RootResetNestedClockProbe (1.3s)
✔ [604/679] Built PureSFormal.Research.RootResetEmptyAwareResponseProbe (731ms)
✔ [605/679] Built PureSFormal.Research.RootResetActivePendingAgreement (894ms)
✔ [606/679] Built PureSFormal.Research.RootResetLocalDispatcherProbe (1.7s)
✔ [607/679] Built PureSFormal.Research.RootResetCompletedResponseAgreement (947ms)
✔ [608/679] Built PureSFormal.Research.RootResetBaseQueueProbe (656ms)
✔ [609/679] Built PureSFormal.Research.RootResetNestedClockProbeAgreement (679ms)
✔ [610/679] Built PureSFormal.Research.RootResetFreshAncestorExitAgreement (789ms)
✔ [611/679] Built PureSFormal.Research.RootResetEndpointPipeline (765ms)
✔ [612/679] Built PureSFormal.Research.RootResetEmptyAwareResponseAgreement (615ms)
✔ [613/679] Built PureSFormal.Research.RootResetPendingBaseProbe (1.1s)
✔ [614/679] Built PureSFormal.Research.RootResetBaseQueueAgreement (886ms)
✔ [615/679] Built PureSFormal.Research.RootResetEndpointGeneratedMisses (881ms)
✔ [616/679] Built PureSFormal.Research.RootResetActiveBaseAgreement (642ms)
✔ [617/679] Built PureSFormal.Research.RootResetFuelClockExclusion (2.8s)
✔ [618/679] Built PureSFormal.Research.RootResetFuelEndpointPipeline (628ms)
✔ [619/679] Built PureSFormal.Research.RootResetScopedResponseProbes (528ms)
✔ [620/679] Built PureSFormal.Research.RootResetActiveFuelEndpointAgreement (611ms)
✔ [621/679] Built PureSFormal.Research.RootResetActiveEndpointProbe (604ms)
✔ [622/679] Built PureSFormal.Research.RootResetActiveClockEndpointAgreement (543ms)
✔ [623/679] Built PureSFormal.Research.RootResetResponseCandidateProbe (638ms)
✔ [624/679] Built PureSFormal.Research.RootResetMarkedCandidateProbe (648ms)
✔ [625/679] Built PureSFormal.Research.RootResetScopedBaseMisses (710ms)
✔ [626/679] Built PureSFormal.Research.RootResetFreshResponsePass (642ms)
✔ [627/679] Built PureSFormal.Research.RootResetMarkedHandoffPass (641ms)
✔ [628/679] Built PureSFormal.Research.RootResetActiveEndpointExecution (696ms)
✔ [629/679] Built PureSFormal.Research.RootResetFreshResponseExecution (678ms)
✔ [630/679] Built PureSFormal.Research.RootResetFinitePrioritySelector (606ms)
✔ [631/679] Built PureSFormal.Research.RootResetMarkedHandoffAgreement (836ms)
✔ [632/679] Built PureSFormal.Research.RootResetBaseEndpointExecution (878ms)
✔ [633/679] Built PureSFormal.Research.RootResetFinitePriorityExecution (614ms)
✔ [634/679] Built PureSFormal.Research.RootResetFreshHistoryRejection (702ms)
✔ [635/679] Built PureSFormal.Research.RootResetFinitePriorityAgreement (585ms)
✔ [636/679] Built PureSFormal.Research.RootResetGeneratedFreshResponseExecution (983ms)
✔ [637/679] Built PureSFormal.Research.RootResetHistoricalPriorityRejection (749ms)
✔ [638/679] Built PureSFormal.Research.RootResetInitialEmptyCommitAgreement (736ms)
✔ [639/679] Built PureSFormal.Research.RootResetFiniteResponseEndpointAgreement (894ms)
✔ [640/679] Built PureSFormal.Research.RootResetFiniteBaseAgreement (1.2s)
✔ [641/679] Built PureSFormal.Research.RootResetRegisteredMarkerOccurrence (1.2s)
✔ [642/679] Built PureSFormal.Research.RootResetFiniteFrameAgreement (711ms)
✔ [643/679] Built PureSFormal.Research.RootResetFiniteMarkerObserver (789ms)
✔ [644/679] Built PureSFormal.Research.RootResetFiniteNormalResponseChain (893ms)
✔ [645/679] Built PureSFormal.Research.RootResetFiniteEmptyResponseChain (668ms)
✔ [646/679] Built PureSFormal.Research.RootResetFiniteCompletedBoundaries (770ms)
✔ [647/679] Built PureSFormal.Research.RootResetPhasePriorityClear (5.0s)
✔ [648/679] Built PureSFormal.Research.RootResetFiniteEmptySweep (744ms)
✔ [649/679] Built PureSFormal.Research.RootResetFiniteMixedNonemptySweep (872ms)
✔ [650/679] Built PureSFormal.Research.RootResetFiniteClockFuelSelection (651ms)
✔ [651/679] Built PureSFormal.Research.RootResetMarkerObserverDecidableEq (2.5s)
✔ [652/679] Built PureSFormal.Research.RootResetFiniteFirstEmptyJob (862ms)
✔ [653/679] Built PureSFormal.Research.RootResetFiniteStagePhaseSelectorChain (797ms)
✔ [654/679] Built PureSFormal.Research.RootResetFiniteBitConsJob (606ms)
✔ [655/679] Built PureSFormal.Research.RootResetFiniteInitialPrelude (485ms)
✔ [656/679] Built PureSFormal.Research.RootResetFiniteJobHandoff (521ms)
✔ [657/679] Built PureSFormal.Research.RootResetFiniteStageLaws (423ms)
✔ [658/679] Built PureSFormal.Research.RootResetFiniteInitialEmptyStages (599ms)
✔ [659/679] Built PureSFormal.Research.RootResetFiniteAllInputsTraceAgreement (502ms)
✔ [660/679] Built PureSFormal.Computation.DeterministicTapeRootResetOutput (502ms)
✔ [661/679] Built PureSFormal.Research.RootResetMarkerTrajectoryCompleteness (725ms)
✔ [662/679] Built PureSFormal.Computation.SourceChronologyRootReset (544ms)
✔ [663/679] Built PureSFormal.RootResetChallenge (831ms)
✔ [664/679] Built PureSFormal.Research.RootResetMarkerPhysicalSoundness (577ms)
✔ [665/679] Built PureSFormal.Research.RootResetCumulativeResources (593ms)
✔ [666/679] Built PureSFormal.PureS.PhysicalMarkerExclusion (733ms)
✔ [667/679] Built PureSFormal.PureS.PhysicalMarkerNonemptyPrefix (927ms)
✔ [668/679] Built PureSFormal.PureS.PhysicalMarkerJobs (853ms)
✔ [669/679] Built PureSFormal.PureS.PhysicalMarkerPhases (478ms)
✔ [670/679] Built PureSFormal.PureS.PhysicalMarkerStages (731ms)
✔ [671/679] Built PureSFormal.PureS.PhysicalMarkerGlobalSoundness (541ms)
✔ [672/679] Built PureSFormal.Research.RootResetMarkerObserverSoundness (441ms)
✔ [673/679] Built PureSFormal.Research.RootResetMarkerTreeAutomaton (459ms)
✔ [674/679] Built PureSFormal.Research.RootResetRegularMarkerLanguage (462ms)
✔ [675/679] Built PureSFormal.RootResetHeadline (539ms)
✔ [676/679] Built PureSFormal.AxiomAudit (499ms)
✔ [677/679] Built PureSFormal.Public (544ms)
✔ [678/679] Built PureSFormal (410ms)
Build completed successfully (679 jobs).
✔ [208/221] Built PureSFormal.Computation.CookArrivalReflectionAudit (370ms)
✔ [209/221] Built PureSFormal.Computation.CookCounterPrimitiveAudit (381ms)
✔ [211/252] Built PureSFormal.Compatibility (415ms)
✔ [212/252] Built PureSFormal.Computation.BareTermReadbackFieldsAudit (408ms)
✔ [237/254] Built PureSFormal.ChallengeAudit (412ms)
✔ [238/254] Built PureSFormal.Computation.CookArrivalPrimitiveAudit (390ms)
✔ [239/254] Built PureSFormal.Computation.CookBoundaryPrimitiveAudit (386ms)
✔ [244/257] Built PureSFormal.Computation.CookPassPrimitiveAudit (393ms)
✔ [250/259] Built PureSFormal.Computation.CookRegisteredReadbackAudit (396ms)
✔ [251/259] Built PureSFormal.Computation.CookRunWordPrimitiveAudit (397ms)
✔ [253/271] Built PureSFormal.Computation.CookEncodingComputabilityAudit (410ms)
✔ [254/271] Built PureSFormal.Computation.CookSeedBoundaryReflectionAudit (413ms)
✔ [266/293] Built PureSFormal.Computation.CookDecodedRowPrimitiveAudit (402ms)
✔ [277/301] Built PureSFormal.Computation.CookSeedOrdinaryPrimitiveAudit (420ms)
✔ [278/301] Built PureSFormal.Computation.CookSeedOutputExampleAudit (392ms)
✔ [289/302] Built PureSFormal.Computation.CookSeedCounterShapePrimitive (722ms)
✔ [291/303] Built PureSFormal.Computation.CookSeedPassReadbackAudit (406ms)
✔ [292/303] Built PureSFormal.Computation.CookSeedReadbackContextAudit (382ms)
✔ [294/303] Built PureSFormal.Computation.CookSeedTerminalPrimitiveAudit (445ms)
✔ [295/304] Built PureSFormal.Computation.CookSeedTerminalReadbackAudit (422ms)
✔ [297/305] Built PureSFormal.Computation.CookSeedCounterShapePrimitiveAudit (475ms)
✔ [300/305] Built PureSFormal.Computation.CookSeedPassSourceReflectionAudit (429ms)
✔ [301/305] Built PureSFormal.Computation.CookSeedTerminalSoundnessAudit (425ms)
✔ [302/305] Built PureSFormal.Computation.CookWordConstructionMachineAudit (472ms)
✔ [303/305] Built PureSFormal.Computation.CookWordPrimitiveAudit (433ms)
✔ [304/305] Built PureSFormal.Computation.CounterMachineAudit (412ms)
✔ [305/305] Built PureSFormal.Computation.CookSeedOutputPrimitiveAudit (447ms)
Build completed successfully (305 jobs).
✔ [96/156] Built PureSFormal.Computation.CounterMachineCookAudit (410ms)
✔ [101/156] Built PureSFormal.Computation.CounterMachineTagAudit (370ms)
✔ [102/156] Built PureSFormal.Computation.CounterMachineTagGranularAudit (378ms)
✔ [103/156] Built PureSFormal.Computation.DeletionTwoNormalizationMachineAudit (381ms)
✔ [138/198] Built PureSFormal.Computation.CounterMachinePureSAudit (425ms)
✔ [139/198] Built PureSFormal.Computation.DeletionTwoReadbackPrimitiveAudit (459ms)
✔ [153/198] Built PureSFormal.Computation.DeletionTwoT2NormalizerAudit (422ms)
✔ [154/198] Built PureSFormal.Computation.DeletionTwoT2ReadbackAudit (376ms)
✔ [199/216] Built PureSFormal.Computation.DeletionTwoT2ComputabilityAudit (407ms)
✔ [200/216] Built PureSFormal.Computation.DeterministicTapeCodeAudit (391ms)
✔ [201/216] Built PureSFormal.Computation.DeterministicTapeCookAudit (400ms)
✔ [207/227] Built PureSFormal.Computation.DeletionTwoTableConstructionMachineAudit (445ms)
✔ [221/230] Built PureSFormal.Computation.DeterministicTapeCookTrajectoryReadbackAudit (403ms)
✔ [222/230] Built PureSFormal.Computation.DeterministicTapeCounterCompilerAudit (428ms)
✔ [225/233] Built PureSFormal.Computation.DeterministicTapeDecodeConstructionMachineAudit (433ms)
✔ [226/233] Built PureSFormal.Computation.DeterministicTapeEffectiveReductionAudit (427ms)
✔ [228/233] Built PureSFormal.Computation.DeterministicTapeEncodingPrimitivesAudit (398ms)
✔ [230/302] Built PureSFormal.Computation.DeterministicTapeEncoderConstructionMachineAudit (441ms)
✔ [231/302] Built PureSFormal.Computation.DeterministicTapeInfiniteTapeAudit (438ms)
✔ [296/302] Built PureSFormal.Computation.DeterministicTapeInitialComputabilityAudit (409ms)
✔ [298/302] Built PureSFormal.Computation.DeterministicTapeInitialConstructionMachineAudit (481ms)
✔ [299/302] Built PureSFormal.Computation.DeterministicTapeOutputPrimitiveAudit (437ms)
✔ [300/302] Built PureSFormal.Computation.DeterministicTapePaddedEncoderConstructionMachineAudit (467ms)
✔ [301/302] Built PureSFormal.Computation.DeterministicTapePaddingConstructionMachineAudit (435ms)
✔ [302/302] Built PureSFormal.Computation.DeterministicTapeOutputQuarticAudit (374ms)
Build completed successfully (302 jobs).
✔ [187/207] Built PureSFormal.Computation.DeterministicTapePrimitiveBoundaryReflectionAudit (388ms)
✔ [188/207] Built PureSFormal.Computation.DeterministicTapePrimitiveChronologyAudit (375ms)
✔ [202/364] Built PureSFormal.Computation.DeterministicTapePureSAudit (421ms)
✔ [203/364] Built PureSFormal.Computation.DeterministicTapePureSComputabilityAudit (411ms)
✔ [519/546] Built PureSFormal.Computation.DeterministicTapePureSOutputAudit (449ms)
✔ [522/547] Built PureSFormal.Computation.DeterministicTapePureSReadback (536ms)
✔ [525/548] Built PureSFormal.Computation.DeterministicTapeStatePaddingAudit (420ms)
✔ [526/548] Built PureSFormal.Computation.DeterministicTapeStatePaddingComputabilityAudit (445ms)
✔ [529/550] Built PureSFormal.Computation.DeterministicTapeTableConstructionMachineAudit (484ms)
✔ [530/550] Built PureSFormal.Computation.DeterministicTapeTagBoundaryReflectionAudit (421ms)
✔ [531/551] Built PureSFormal.Computation.DeterministicTapePureSReadbackAudit (445ms)
✔ [534/552] Built PureSFormal.Computation.DeterministicTapeTagSourceReflectionAudit (443ms)
✔ [536/552] Built PureSFormal.Computation.DeterministicTapeThreeCounterCompilerAudit (426ms)
✔ [544/560] Built PureSFormal.Computation.DeterministicTapeThreeCounterComputabilityAudit (446ms)
✔ [550/560] Built PureSFormal.Computation.DeterministicTapeTrajectoryDecoderAudit (409ms)
✔ [553/561] Built PureSFormal.Computation.EncodedSigmaOneNatEventAudit (454ms)
✔ [555/566] Built PureSFormal.Computation.EncodedSigmaOneTermEventAudit (442ms)
✔ [556/566] Built PureSFormal.Computation.EnumerableAudit (389ms)
✔ [561/568] Built PureSFormal.Computation.FixedCookBridgeAudit (421ms)
✔ [562/568] Built PureSFormal.Computation.FixedCookSigmaOneAudit (435ms)
✔ [564/569] Built PureSFormal.Computation.FixedEndpointUniformityAudit (428ms)
✔ [565/569] Built PureSFormal.Computation.DeterministicTapeRootResetOutputAudit (506ms)
✔ [566/569] Built PureSFormal.Computation.LegacyCompilerGrowthAudit (400ms)
✔ [567/569] Built PureSFormal.Computation.PartialRecursiveAudit (404ms)
✔ [568/569] Built PureSFormal.Computation.PrimitiveRecursiveAudit (391ms)
✔ [569/569] Built PureSFormal.Computation.PrimitiveRecursiveListCodeAudit (380ms)
Build completed successfully (569 jobs).
✔ [229/246] Built PureSFormal.Computation.PureSEventAudit (380ms)
✔ [230/246] Built PureSFormal.Computation.RogozhinBoundaryOperationalReflectionAudit (380ms)
✔ [232/246] Built PureSFormal.Computation.RogozhinConcreteAudit (361ms)
✔ [235/247] Built PureSFormal.Computation.RogozhinContextWeightPrimitiveAudit (414ms)
✔ [237/248] Built PureSFormal.Computation.RogozhinContextDataPrimitiveAudit (417ms)
✔ [238/248] Built PureSFormal.Computation.RogozhinFirstSweepExclusionAudit (421ms)
✔ [239/248] Built PureSFormal.Computation.RogozhinFramePrimitiveAudit (396ms)
✔ [240/249] Built PureSFormal.Computation.RogozhinCellComparisonExecution (567ms)
✔ [242/251] Built PureSFormal.Computation.RogozhinContextProgramPrimitiveAudit (411ms)
✔ [243/251] Built PureSFormal.Computation.RogozhinFramePrimitiveSizeAudit (398ms)
✔ [244/251] Built PureSFormal.Computation.RogozhinInputComputabilityAudit (374ms)
✔ [245/251] Built PureSFormal.Computation.RogozhinInputConstructionMachineAudit (458ms)
✔ [246/253] Built PureSFormal.Computation.RogozhinCellComparisonExecutionAudit (449ms)
✔ [247/253] Built PureSFormal.Computation.RogozhinMiddleSweepExclusionAudit (426ms)
✔ [248/254] Built PureSFormal.Computation.RogozhinContextBoundaryPrimitiveAudit (486ms)
✔ [249/255] Built PureSFormal.Computation.RogozhinProgramConstructionMachineAudit (434ms)
✔ [250/257] Built PureSFormal.Computation.RogozhinProgramReadbackAudit (408ms)
✔ [251/257] Built PureSFormal.Computation.RogozhinSeedPrimitiveAudit (419ms)
✔ [252/258] Built PureSFormal.Computation.RogozhinT2BoundaryReadbackAudit (378ms)
✔ [254/259] Built PureSFormal.Computation.RogozhinT2CookAudit (377ms)
✔ [255/259] Built PureSFormal.Computation.RogozhinT2CorrectnessAudit (367ms)
✔ [256/259] Built PureSFormal.Computation.RogozhinT2HaltAudit (380ms)
✔ [257/259] Built PureSFormal.Computation.RogozhinT2IterationAudit (373ms)
✔ [258/259] Built PureSFormal.Computation.RogozhinT2SemanticsAudit (352ms)
✔ [259/259] Built PureSFormal.Computation.RogozhinT2SimulationAudit (327ms)
Build completed successfully (259 jobs).
✔ [85/100] Built PureSFormal.Computation.SigmaOneAudit (350ms)
✔ [86/100] Built PureSFormal.Computation.SigmaOneEventAudit (346ms)
✔ [87/100] Built PureSFormal.Computation.SimulationAudit (351ms)
✔ [96/123] Built PureSFormal.Computation.SourceChronologyNormalizedTagAudit (375ms)
✔ [288/445] Built PureSFormal.Computation.SourceChronologyCookAudit (402ms)
✔ [289/445] Built PureSFormal.Computation.SourceChronologyOrdinaryTagAudit (411ms)
✔ [290/445] Built PureSFormal.Computation.SourceChronologyRogozhinAudit (420ms)
✔ [531/558] Built PureSFormal.Computation.SourceChronologySourceCTSAudit (469ms)
✔ [532/558] Built PureSFormal.Computation.StandardMachineAudit (388ms)
✔ [533/558] Built PureSFormal.Computation.TapeRowPrimitiveAudit (437ms)
✔ [540/562] Built PureSFormal.Computation.SourceChronologySourceModel (543ms)
✔ [542/563] Built PureSFormal.Computation.TapeStackPrimitiveAudit (436ms)
✔ [543/563] Built PureSFormal.Computation.ThreeCounterCookReadbackAudit (414ms)
✔ [546/564] Built PureSFormal.Computation.ThreeCounterNumericBoundaryReflectionAudit (447ms)
✔ [547/565] Built PureSFormal.Computation.ThreeCounterRadixReadbackPrimitiveAudit (496ms)
✔ [551/566] Built PureSFormal.Computation.SourceChronologySourceModelAudit (447ms)
✔ [552/566] Built PureSFormal.Computation.ThreeCounterSymbolReadbackPrimitiveAudit (494ms)
✔ [554/567] Built PureSFormal.Computation.ThreeCounterTagAudit (467ms)
✔ [555/567] Built PureSFormal.Computation.ThreeCounterLiveReadbackPrimitiveAudit (513ms)
✔ [558/568] Built PureSFormal.Computation.ThreeCounterTagBoundaryReflectionAudit (492ms)
✔ [559/568] Built PureSFormal.Computation.ThreeCounterTagComputabilityAudit (471ms)
✔ [564/568] Built PureSFormal.Computation.ThreeCounterCookReadbackPrimitiveAudit (523ms)
✔ [565/568] Built PureSFormal.Computation.ThreeCounterTagConstructionSizeAudit (481ms)
✔ [566/568] Built PureSFormal.Computation.ThreeCounterTagInputConstructionMachineAudit (505ms)
✔ [567/568] Built PureSFormal.Computation.ThreeCounterTagNumericConstructionMachineAudit (505ms)
✔ [568/568] Built PureSFormal.Computation.SourceChronologyRootResetAudit (541ms)
Build completed successfully (568 jobs).
✔ [170/193] Built PureSFormal.Computation.ThreeCounterTagOutputBoundaryAudit (473ms)
✔ [184/206] Built PureSFormal.Cook.CTSAudit (448ms)
✔ [185/206] Built PureSFormal.Cook.HaltCleanupAudit (470ms)
✔ [186/206] Built PureSFormal.Cook.HaltCleanupFirstEmptyAudit (440ms)
✔ [192/227] Built PureSFormal.Cook.MacroperiodAudit (463ms)
✔ [193/227] Built PureSFormal.Cook.PassDecoderAudit (439ms)
✔ [194/227] Built PureSFormal.Cook.TagAudit (445ms)
✔ [212/227] Built PureSFormal.Computation.ThreeCounterTagTypedConstructionMachineAudit (501ms)
✔ [216/229] Built PureSFormal.CostModel.SharedCostTheoremAudit (394ms)
✔ [217/233] Built PureSFormal.Computation.ThreeCounterTagProgramConstructionMachineAudit (463ms)
✔ [218/233] Built PureSFormal.CostModel.PointerWordCostAudit (429ms)
✔ [226/233] Built PureSFormal.CostModel.SharedImplementationTest (494ms)
✔ [228/388] Built PureSFormal.CostModel.SharedImplementationAudit (426ms)
✔ [229/388] Built PureSFormal.DefinitionAgreementAudit (400ms)
✔ [230/388] Built PureSFormal.EvaluatorBoundsAudit (462ms)
✔ [619/680] Built PureSFormal.CostModel.UnifiedResourceLedgerAudit (480ms)
✔ [680/680] Built PureSFormal.PublicAudit (533ms)
Build completed successfully (680 jobs).
✔ [97/105] Built PureSFormal.PureS.AppenderAudit (393ms)
✔ [99/132] Built PureSFormal.PureS.BalancedActionTreeAudit (408ms)
✔ [100/132] Built PureSFormal.PureS.CheckpointExclusionAudit (415ms)
✔ [101/132] Built PureSFormal.PureS.CheckpointSeedReadbackAudit (417ms)
✔ [126/139] Built PureSFormal.PureS.CheckpointSeedReflectionAudit (441ms)
✔ [127/139] Built PureSFormal.PureS.CheckpointTimeAudit (416ms)
✔ [128/139] Built PureSFormal.PureS.ClosedTermsAudit (426ms)
✔ [133/139] Built PureSFormal.PureS.CheckpointSeedReadbackPrimitiveAudit (435ms)
✔ [135/140] Built PureSFormal.PureS.ControllerProjectionAudit (431ms)
✔ [136/140] Built PureSFormal.PureS.ControllerTrajectoryAudit (423ms)
✔ [137/140] Built PureSFormal.PureS.CursorPositionsAudit (427ms)
✔ [138/140] Built PureSFormal.PureS.CountedCheckpointDecoderAudit (478ms)
✔ [139/140] Built PureSFormal.PureS.DispatchParserPrimitiveAudit (398ms)
✔ [140/140] Built PureSFormal.PureS.DispatcherAudit (397ms)
Build completed successfully (140 jobs).
✔ [58/67] Built PureSFormal.PureS.EncoderSizeAudit (381ms)
✔ [60/76] Built PureSFormal.PureS.EncoderPrimitiveAudit (385ms)
✔ [61/76] Built PureSFormal.PureS.FiniteControllerBoundAudit (400ms)
✔ [62/76] Built PureSFormal.PureS.MutationFreePeriodicityAudit (389ms)
✔ [69/82] Built PureSFormal.PureS.ExactCheckpointRunAudit (448ms)
✔ [70/82] Built PureSFormal.PureS.ParentLinkedControllerAudit (428ms)
✔ [71/82] Built PureSFormal.PureS.ParserActionPrimitiveAudit (418ms)
✔ [72/82] Built PureSFormal.PureS.ParserBasePrimitiveAudit (427ms)
✔ [78/97] Built PureSFormal.PureS.ParserCarrierPrimitiveAudit (392ms)
✔ [79/97] Built PureSFormal.PureS.ParserCellPrimitiveAudit (414ms)
✔ [80/97] Built PureSFormal.PureS.ParserCellSpinePrimitiveAudit (404ms)
✔ [81/97] Built PureSFormal.PureS.ParserChainPrimitiveAudit (430ms)
✔ [91/102] Built PureSFormal.PureS.ParserCheckpointPrimitiveAudit (404ms)
✔ [92/102] Built PureSFormal.PureS.ParserEnvelopePrimitiveAudit (396ms)
✔ [93/102] Built PureSFormal.PureS.ParserLocalPrimitiveAudit (390ms)
✔ [94/102] Built PureSFormal.PureS.ParserLocalShellPrimitiveAudit (391ms)
✔ [98/103] Built PureSFormal.PureS.ParserNatDivisionPrimitiveAudit (371ms)
✔ [99/103] Built PureSFormal.PureS.ParserNatPowerPrimitiveAudit (384ms)
✔ [100/103] Built PureSFormal.PureS.ParserNatPrimitiveAudit (383ms)
✔ [101/103] Built PureSFormal.PureS.ParserPhasePrimitiveAudit (370ms)
✔ [102/103] Built PureSFormal.PureS.ParserPositivePrimitiveAudit (344ms)
✔ [103/103] Built PureSFormal.PureS.ParserPrimitiveMachineAudit (336ms)
Build completed successfully (103 jobs).
✔ [46/106] Built PureSFormal.PureS.ParserRoutePrimitiveAudit (361ms)
✔ [47/106] Built PureSFormal.PureS.ParserTerminalPrimitiveAudit (344ms)
✔ [48/106] Built PureSFormal.PureS.ParserWordPrimitiveAudit (351ms)
✔ [96/377] Built PureSFormal.PureS.ParserRouteShellPrimitiveAudit (392ms)
✔ [457/484] Built PureSFormal.PureS.PublicDecoderAudit (393ms)
✔ [458/484] Built PureSFormal.PureS.RegisteredMarkerBridgeAudit (399ms)
✔ [459/484] Built PureSFormal.PureS.RegisteredMarkerCompletenessAudit (425ms)
✔ [460/484] Built PureSFormal.PureS.RegisteredMarkerExclusionAudit (389ms)
✔ [471/484] Built PureSFormal.PureS.PublicDecoderPrimitiveAudit (391ms)
✔ [472/484] Built PureSFormal.PureS.RegisteredMarkerGlobalSoundnessAudit (404ms)
✔ [473/484] Built PureSFormal.PureS.RegisteredMarkerJobsAudit (399ms)
✔ [474/484] Built PureSFormal.PureS.RegisteredMarkerNonemptyPrefixAudit (391ms)
✔ [477/484] Built PureSFormal.PureS.PhysicalMarkerNonemptyPrefixAudit (432ms)
✔ [478/484] Built PureSFormal.PureS.PrimitiveInterfaceCertificatesAudit (401ms)
✔ [479/484] Built PureSFormal.PureS.PhysicalMarkerExclusionAudit (469ms)
✔ [481/484] Built PureSFormal.PureS.PhysicalMarkerJobsAudit (454ms)
✔ [482/484] Built PureSFormal.PureS.PhysicalMarkerPhasesAudit (410ms)
✔ [483/484] Built PureSFormal.PureS.PhysicalMarkerStagesAudit (420ms)
✔ [484/484] Built PureSFormal.PureS.PhysicalMarkerGlobalSoundnessAudit (398ms)
Build completed successfully (484 jobs).
✔ [132/156] Built PureSFormal.PureS.SchedulerBoundAudit (388ms)
✔ [133/156] Built PureSFormal.PureS.SchedulerCompletedContextAudit (390ms)
✔ [134/156] Built PureSFormal.PureS.SchedulerContinuationAudit (387ms)
✔ [138/157] Built PureSFormal.PureS.SchedulerAllStagesAudit (452ms)
✔ [141/160] Built PureSFormal.PureS.SchedulerCycleAudit (415ms)
✔ [142/160] Built PureSFormal.PureS.SchedulerDecoderAudit (405ms)
✔ [143/160] Built PureSFormal.PureS.SchedulerDescentAudit (402ms)
✔ [145/161] Built PureSFormal.PureS.SchedulerEmptyAudit (412ms)
✔ [148/163] Built PureSFormal.PureS.SchedulerExecutionAudit (405ms)
✔ [149/163] Built PureSFormal.PureS.SchedulerFirstEmptyAudit (404ms)
✔ [150/163] Built PureSFormal.PureS.SchedulerGlobalRecurrenceAudit (410ms)
✔ [152/164] Built PureSFormal.PureS.SchedulerJobHandoffAudit (408ms)
✔ [156/166] Built PureSFormal.PureS.RegisteredMarkerSamplingAudit (383ms)
✔ [157/166] Built PureSFormal.PureS.SchedulerMixedNonfinalJobsAudit (394ms)
✔ [158/166] Built PureSFormal.PureS.SchedulerNestedEmptyAudit (399ms)
✔ [161/166] Built PureSFormal.PureS.SchedulerNestedPhaseAudit (404ms)
✔ [162/166] Built PureSFormal.PureS.SchedulerNestedResponseAudit (403ms)
✔ [163/166] Built PureSFormal.PureS.SchedulerNonfinalEmptyJobsAudit (394ms)
✔ [164/166] Built PureSFormal.PureS.SchedulerNonfinalJobsAudit (389ms)
✔ [165/166] Built PureSFormal.PureS.RegisteredMarkerPhasesAudit (397ms)
✔ [166/166] Built PureSFormal.PureS.RegisteredMarkerStagesAudit (346ms)
Build completed successfully (166 jobs).
✔ [77/101] Built PureSFormal.PureS.SchedulerStageCasesAudit (358ms)
✔ [78/106] Built PureSFormal.PureS.SchedulerProductivityAudit (383ms)
✔ [80/106] Built PureSFormal.PureS.SchedulerResponseAudit (389ms)
✔ [81/106] Built PureSFormal.PureS.SchedulerResponseInvariantAudit (384ms)
✔ [95/130] Built PureSFormal.PureS.SchedulerRecurrenceAudit (390ms)
✔ [96/130] Built PureSFormal.PureS.SchedulerResponseClassificationAudit (403ms)
✔ [97/130] Built PureSFormal.PureS.SchedulerRootContinuationAudit (392ms)
✔ [103/130] Built PureSFormal.PureS.SchedulerTraceAlgebraAudit (411ms)
✔ [124/178] Built PureSFormal.PureS.SchedulerStageAssemblyAudit (453ms)
✔ [125/178] Built PureSFormal.PureS.TermEventAudit (429ms)
✔ [127/178] Built PureSFormal.PureS.TermGrowthAudit (434ms)
✔ [128/178] Built PureSFormal.PureS.TermNatCodeAudit (383ms)
✔ [166/182] Built PureSFormal.PureS.TermEventPrimitiveAudit (396ms)
✔ [169/182] Built PureSFormal.Research.ClosedSetCertificateCompletenessAudit (384ms)
✔ [170/182] Built PureSFormal.Research.ClosedSetCertificateSoundnessAudit (352ms)
✔ [171/182] Built PureSFormal.Research.ClosedSetTreeAutomatonAudit (355ms)
✔ [178/289] Built PureSFormal.Research.FiniteControllerReindexingAudit (380ms)
✔ [179/289] Built PureSFormal.Research.FiniteReadonlyTreeAutomatonAudit (384ms)
✔ [180/289] Built PureSFormal.Research.FiniteTreeAutomatonEnumerationAudit (374ms)
✔ [181/289] Built PureSFormal.Research.FiniteTreeAutomatonPowersetAudit (389ms)
✔ [287/289] Built PureSFormal.Research.CarrierParserExamples (459ms)
✔ [288/289] Built PureSFormal.Research.FiniteWorkerTreeAutomatonAudit (376ms)
✔ [289/289] Built PureSFormal.Research.ProtectedPrefixGeneratorCalibrationAudit (350ms)
Build completed successfully (289 jobs).
✔ [49/65] Built PureSFormal.Research.ProtectedTrieBoundedTerminalAudit (357ms)
✔ [51/65] Built PureSFormal.Research.ProtectedTrieConfluenceObstructionAudit (366ms)
✔ [52/65] Built PureSFormal.Research.ProtectedTrieStrongTheoremAudit (370ms)
✔ [54/65] Built PureSFormal.Research.ProtectedTrieFairnessAudit (389ms)
✔ [55/65] Built PureSFormal.Research.ProtectedTrieObserverNecessityAudit (412ms)
✔ [57/65] Built PureSFormal.Research.ProtectedTrieFairStreamAudit (395ms)
✔ [59/65] Built PureSFormal.Research.ProtectedTrieSemanticBridgeAudit (423ms)
✔ [60/65] Built PureSFormal.Research.ProtectedTrieExecutableScheduleFixture (522ms)
✔ [61/65] Built PureSFormal.Research.ProtectedTrieCertificateEnumerationAudit (380ms)
✔ [62/65] Built PureSFormal.Research.ProtectedTrieCurrentTermObserverNecessityAudit (379ms)
✔ [63/65] Built PureSFormal.Research.ProtectedTrieObserverBoundaryAudit (373ms)
✔ [64/65] Built PureSFormal.Research.ProtectedTrieExecutableScheduleStrongAudit (384ms)
✔ [65/65] Built PureSFormal.Research.ProtectedTrieExecutableScheduleAudit (330ms)
Build completed successfully (65 jobs).
✔ [58/103] Built PureSFormal.Research.ProtectedTrieTableauExactCostAudit (375ms)
✔ [59/103] Built PureSFormal.Research.ProtectedTrieTableauLabelAudit (372ms)
✔ [89/180] Built PureSFormal.Research.ProtectedTrieTableauExactResourceAudit (404ms)
✔ [90/180] Built PureSFormal.Research.PureSContractionOccurrenceInjectivityAudit (439ms)
✔ [176/239] Built PureSFormal.Research.RootResetAccumulatorClassifierAudit (411ms)
✔ [215/328] Built PureSFormal.Research.ResponseSelectorExamples (455ms)
✔ [216/328] Built PureSFormal.Research.RootResetActivatedRouteExclusionAudit (442ms)
✔ [315/328] Built PureSFormal.Research.ResponseSelectorFixtures (835ms)
✔ [316/331] Built PureSFormal.Research.RootResetActiveClockEndpointAgreementAudit (425ms)
✔ [320/331] Built PureSFormal.Research.RootResetActiveFuelEndpointAgreementAudit (406ms)
✔ [322/331] Built PureSFormal.Research.RootResetActiveMarkedFrontendAudit (426ms)
✔ [323/402] Built PureSFormal.Research.RootResetActiveEndpointProbeAudit (442ms)
✔ [388/404] Built PureSFormal.Research.RootResetActiveResponseEndpointExecution (693ms)
✔ [390/405] Built PureSFormal.Research.RootResetActiveEndpointExecutionAudit (455ms)
✔ [391/405] Built PureSFormal.Research.RootResetActiveFrameFrontend (1.2s)
✔ [393/406] Built PureSFormal.Research.RootResetAppenderFiniteRowsAudit (409ms)
✔ [394/406] Built PureSFormal.Research.RootResetAppenderMutationFiniteRowsAudit (405ms)
✔ [395/407] Built PureSFormal.Research.RootResetActiveResponseEndpointExecutionAudit (415ms)
✔ [397/407] Built PureSFormal.Research.RootResetAppenderRouteRowsAudit (383ms)
✔ [399/409] Built PureSFormal.Research.RootResetActiveFrameFrontendAudit (401ms)
✔ [403/409] Built PureSFormal.Research.RootResetAppenderSelectorChainAudit (412ms)
✔ [404/409] Built PureSFormal.Research.RootResetAppenderStagesAudit (393ms)
✔ [405/409] Built PureSFormal.Research.RootResetActiveFrameAgreement (558ms)
✔ [406/409] Built PureSFormal.Research.RootResetBaseQueueAgreementAudit (437ms)
✔ [407/409] Built PureSFormal.Research.RootResetAllInputsTraceAgreementAudit (420ms)
✔ [408/409] Built PureSFormal.Research.RootResetBaseQueueProbeAudit (420ms)
✔ [409/409] Built PureSFormal.Research.RootResetActiveFrameAgreementAudit (405ms)
Build completed successfully (409 jobs).
✔ [151/223] Built PureSFormal.Research.RootResetBoundedDepthObstructionAudit (413ms)
✔ [152/223] Built PureSFormal.Research.RootResetCarrierBoundaryGrammarAudit (429ms)
✔ [194/224] Built PureSFormal.Research.RootResetCarrierEdgePatternsAudit (442ms)
✔ [195/228] Built PureSFormal.Research.RootResetCarrierChronologyPreservationAudit (629ms)
✔ [196/228] Built PureSFormal.Research.RootResetCarrierImmediateLiveAudit (577ms)
✔ [202/229] Built PureSFormal.Research.RootResetCarrierNonemptyRowsAudit (580ms)
✔ [203/230] Built PureSFormal.Research.RootResetCarrierHandoffStages (1.3s)
✔ [206/231] Built PureSFormal.Research.RootResetCarrierNonemptyAgreementAudit (479ms)
✔ [207/231] Built PureSFormal.Research.RootResetCarrierNonemptyProbeAudit (494ms)
✔ [208/231] Built PureSFormal.Research.RootResetCarrierScanParentBoundaryAudit (479ms)
✔ [211/231] Built PureSFormal.Research.RootResetCarrierInverseBoundaryAudit (395ms)
✔ [213/236] Built PureSFormal.Research.RootResetCarrierHandoffStagesAudit (430ms)
✔ [219/236] Built PureSFormal.Research.RootResetCarrierInverseUniqueAudit (498ms)
✔ [222/236] Built PureSFormal.Research.RootResetCertifiedStageAssemblyAudit (469ms)
✔ [226/242] Built PureSFormal.Research.RootResetCarrierProbeLocalBoundAudit (560ms)
✔ [228/243] Built PureSFormal.Research.RootResetCleanTraversableParentsAudit (516ms)
✔ [231/244] Built PureSFormal.Research.RootResetCleanParentPrefixAudit (552ms)
✔ [232/245] Built PureSFormal.Research.RootResetCarrierPhaseProbeAudit (582ms)
✔ [234/245] Built PureSFormal.Research.RootResetCarrierOldestLiveProbeAudit (576ms)
✔ [236/246] Built PureSFormal.Research.RootResetCarrierParityProbeAudit (592ms)
✔ [237/246] Built PureSFormal.Research.RootResetCarrierOldestLiveAgreementAudit (581ms)
✔ [238/246] Built PureSFormal.Research.RootResetCarrierParityAgreementAudit (543ms)
✔ [239/246] Built PureSFormal.Research.RootResetClockFirstAxiomAudit (562ms)
✔ [240/246] Built PureSFormal.Research.RootResetClockParityTotality (912ms)
✔ [241/246] Built PureSFormal.Research.RootResetClockEulerSelector (8.4s)
✔ [242/246] Built PureSFormal.Research.RootResetClockEulerSelectorAudit (505ms)
✔ [243/246] Built PureSFormal.Research.RootResetClockEulerBound (4.1s)
✔ [244/246] Built PureSFormal.Research.RootResetClockEulerBoundAudit (397ms)
✔ [245/246] Built PureSFormal.Research.RootResetClockEulerPhaseGap (576ms)
✔ [246/246] Built PureSFormal.Research.RootResetClockEulerPhaseGapAudit (359ms)
Build completed successfully (246 jobs).
✔ [111/125] Built PureSFormal.Research.RootResetClockFuelStagesAudit (522ms)
✔ [112/125] Built PureSFormal.Research.RootResetClockGrowthWalkerAudit (506ms)
✔ [119/217] Built PureSFormal.Research.RootResetClockFuelCanonicalGrammarAudit (537ms)
✔ [120/217] Built PureSFormal.Research.RootResetClockFuelCanonicalTransitionsAudit (529ms)
✔ [159/218] Built PureSFormal.Research.RootResetClockParityTotalityAudit (509ms)
✔ [160/218] Built PureSFormal.Research.RootResetClockParityWalkerAudit (520ms)
✔ [184/233] Built PureSFormal.Research.RootResetCompletedAppenderPriorityAudit (488ms)
✔ [185/233] Built PureSFormal.Research.RootResetCompletedLocalFragmentAudit (462ms)
✔ [215/265] Built PureSFormal.Research.RootResetCompleteEmptyJobAudit (440ms)
✔ [216/265] Built PureSFormal.Research.RootResetCompletedLocalPatternsAudit (420ms)
✔ [227/265] Built PureSFormal.Research.RootResetCompositeStageRegistryAudit (428ms)
✔ [228/265] Built PureSFormal.Research.RootResetContractProjectionAudit (437ms)
✔ [253/310] Built PureSFormal.Research.RootResetCompleteCarrierRowsAudit (424ms)
✔ [254/310] Built PureSFormal.Research.RootResetCompletedFrontPreservationAudit (439ms)
✔ [255/310] Built PureSFormal.Research.RootResetCompletedResponseAgreementAudit (416ms)
✔ [256/310] Built PureSFormal.Research.RootResetCompletedResponseProbeAudit (421ms)
✔ [539/566] Built PureSFormal.Research.RootResetDeletedBitAgreementAudit (397ms)
✔ [561/567] Built PureSFormal.Research.RootResetDecodedCarrierNonemptyAgreementAudit (435ms)
✔ [562/567] Built PureSFormal.Research.RootResetDeletionGadgetAudit (428ms)
✔ [563/567] Built PureSFormal.Research.RootResetDispatcherLocalRowsAudit (398ms)
✔ [564/567] Built PureSFormal.Research.RootResetDispatcherNodeStagesAudit (471ms)
✔ [565/567] Built PureSFormal.Research.RootResetDispatcherSelectedHandoffAudit (474ms)
✔ [566/567] Built PureSFormal.Research.RootResetDispatcherStageRowsAudit (484ms)
✔ [567/567] Built PureSFormal.Research.RootResetCumulativeResourcesAudit (564ms)
Build completed successfully (567 jobs).
✔ [169/229] Built PureSFormal.Research.RootResetEdgeFragmentAudit (396ms)
✔ [170/229] Built PureSFormal.Research.RootResetEdgeSpineAudit (387ms)
✔ [176/230] Built PureSFormal.Research.RootResetEmptyContinuationSelectorAudit (467ms)
✔ [177/230] Built PureSFormal.Research.RootResetEmptyHandoffContextAudit (433ms)
✔ [179/232] Built PureSFormal.Research.RootResetEmptyContinuationChainAudit (539ms)
✔ [180/232] Built PureSFormal.Research.RootResetEmptyPostMarkerHandoffAudit (522ms)
✔ [182/233] Built PureSFormal.Research.RootResetEmptyJobSelectorChainAudit (550ms)
✔ [184/235] Built PureSFormal.Research.RootResetEmptyResponseCommitAudit (593ms)
✔ [193/243] Built PureSFormal.Research.RootResetEmptyJobsSelectorChainAudit (620ms)
✔ [194/243] Built PureSFormal.Research.RootResetEmptyResponseSelectorChainAudit (646ms)
✔ [195/243] Built PureSFormal.Research.RootResetEmptyRouteSelectorChainAudit (636ms)
✔ [218/263] Built PureSFormal.Research.RootResetEmptySweepSelectorChainAudit (607ms)
✔ [233/263] Built PureSFormal.Research.RootResetEmptyStagesSelectorChainAudit (486ms)
✔ [234/263] Built PureSFormal.Research.RootResetEmptyTerminalResponseAudit (489ms)
✔ [256/267] Built PureSFormal.Research.RootResetEulerWalkerAudit (466ms)
✔ [259/345] Built PureSFormal.Research.RootResetExactTraceAgreementAudit (458ms)
✔ [431/445] Built PureSFormal.Research.RootResetEndpointGeneratedMissesAudit (439ms)
✔ [432/445] Built PureSFormal.Research.RootResetEndpointPipelineAudit (446ms)
✔ [441/445] Built PureSFormal.Research.RootResetEmptyParityCounterexample (631ms)
✔ [442/445] Built PureSFormal.Research.RootResetFiniteBitConsJobAudit (544ms)
✔ [443/445] Built PureSFormal.Research.RootResetFiniteClockFuelSelectionAudit (523ms)
✔ [444/445] Built PureSFormal.Research.RootResetFiniteAllInputsTraceAgreementAudit (548ms)
✔ [445/445] Built PureSFormal.Research.RootResetEmptyParityCounterexampleAudit (417ms)
Build completed successfully (445 jobs).
✔ [347/389] Built PureSFormal.Research.RootResetFirstNormalResponseChainAudit (419ms)
✔ [348/389] Built PureSFormal.Research.RootResetFirstResponseSelectorChainAudit (406ms)
✔ [349/389] Built PureSFormal.Research.RootResetFrameCarrierGuardAudit (396ms)
✔ [354/390] Built PureSFormal.Research.RootResetFinitePrioritySelectorAudit (461ms)
✔ [355/390] Built PureSFormal.Research.RootResetFinitePriorityExecutionAudit (442ms)
✔ [360/391] Built PureSFormal.Research.RootResetFiniteMarkerObserverAudit (425ms)
✔ [361/391] Built PureSFormal.Research.RootResetFiniteResponseEndpointAgreementAudit (448ms)
✔ [366/391] Built PureSFormal.Research.RootResetFiniteInitialPreludeAudit (427ms)
✔ [367/391] Built PureSFormal.Research.RootResetFiniteJobHandoffAudit (464ms)
✔ [368/391] Built PureSFormal.Research.RootResetFiniteStagePhaseSelectorChainAudit (441ms)
✔ [369/391] Built PureSFormal.Research.RootResetFiniteEmptyResponseChainAudit (420ms)
✔ [372/391] Built PureSFormal.Research.RootResetFiniteNormalResponseChainAudit (429ms)
✔ [374/391] Built PureSFormal.Research.RootResetFiniteMixedNonemptySweepAudit (446ms)
✔ [375/391] Built PureSFormal.Research.RootResetFiniteEmptySweepAudit (474ms)
✔ [377/391] Built PureSFormal.Research.RootResetFiniteFirstEmptyJobAudit (552ms)
✔ [378/391] Built PureSFormal.Research.RootResetFiniteInitialEmptyStagesAudit (624ms)
✔ [379/391] Built PureSFormal.Research.RootResetFiniteStageLawsAudit (727ms)
✔ [380/391] Built PureSFormal.Research.RootResetFrameSpineProbe (12s)
✔ [381/391] Built PureSFormal.Research.RootResetFrameSpineProbeAudit (429ms)
✔ [382/391] Built PureSFormal.Research.RootResetFrameSpineProbeCarriers (540ms)
✔ [383/391] Built PureSFormal.Research.RootResetFrameSpineProbeCarriersAudit (646ms)
✔ [384/391] Built PureSFormal.Research.RootResetFrameClockEulerSelector (12s)
✔ [385/391] Built PureSFormal.Research.RootResetFrameClockEulerSelectorAudit (359ms)
✔ [386/391] Built PureSFormal.Research.RootResetFrameClockEulerAgreement (444ms)
✔ [387/391] Built PureSFormal.Research.RootResetFrameClockEulerAgreementAudit (423ms)
✔ [388/391] Built PureSFormal.Research.RootResetFrameClockEulerClockAgreement (580ms)
✔ [389/391] Built PureSFormal.Research.RootResetFrameClockEulerClockAgreementAudit (551ms)
✔ [390/391] Built PureSFormal.Research.RootResetFrameClockEulerLocalGap (864ms)
✔ [391/391] Built PureSFormal.Research.RootResetFrameClockEulerLocalGapAudit (467ms)
Build completed successfully (391 jobs).
✔ [186/299] Built PureSFormal.Research.RootResetFrameSpineWalkerAudit (456ms)
✔ [219/299] Built PureSFormal.Research.RootResetFreshAppenderSelectorChainAudit (452ms)
✔ [220/299] Built PureSFormal.Research.RootResetFreshClockSelectorChainAudit (436ms)
✔ [221/299] Built PureSFormal.Research.RootResetFreshFuelSelectorChainAudit (476ms)
✔ [270/311] Built PureSFormal.Research.RootResetFreshNormalResponseChainAudit (570ms)
✔ [271/311] Built PureSFormal.Research.RootResetFreshResponseSelectorChainAudit (554ms)
✔ [272/311] Built PureSFormal.Research.RootResetFrontNonemptyAgreementAudit (529ms)
✔ [273/311] Built PureSFormal.Research.RootResetFuelFiniteRowsAudit (533ms)
✔ [285/317] Built PureSFormal.Research.RootResetFuelClockExclusionAudit (437ms)
✔ [286/317] Built PureSFormal.Research.RootResetGeneratedCarrierLabelsAudit (436ms)
✔ [287/317] Built PureSFormal.Research.RootResetGeneratedEmptyTraversabilityAudit (451ms)
✔ [293/319] Built PureSFormal.Research.RootResetProgressProgramCode (793ms)
✔ [297/319] Built PureSFormal.Research.RootResetFrontBitProbeAudit (443ms)
✔ [298/319] Built PureSFormal.Research.RootResetGeneratedFrontParserAgreementAudit (426ms)
✔ [299/319] Built PureSFormal.Research.RootResetGeneratedJobTraversabilityAudit (426ms)
✔ [307/325] Built PureSFormal.Research.RootResetFuelEndpointPipelineAudit (442ms)
✔ [308/325] Built PureSFormal.Research.RootResetGeneratedStageTraversabilityAudit (410ms)
✔ [309/325] Built PureSFormal.Research.RootResetGeneratedTraversableParentsAudit (416ms)
✔ [311/325] Built PureSFormal.Research.RootResetProgressLocalParser (755ms)
✔ [314/325] Built PureSFormal.Research.RootResetFreshResponsePassAudit (472ms)
✔ [319/325] Built PureSFormal.Research.RootResetInitialContractionPrefixAudit (449ms)
✔ [321/325] Built PureSFormal.Research.RootResetInitialEmptySweepAudit (428ms)
✔ [322/325] Built PureSFormal.Research.RootResetFreshResponseExecutionAudit (433ms)
✔ [323/325] Built PureSFormal.Research.RootResetInitialEmptyCommitAgreementAudit (385ms)
✔ [324/325] Built PureSFormal.Research.RootResetFullProgressPath (1.4s)
✔ [325/325] Built PureSFormal.Research.RootResetFullProgressPathAudit (318ms)
Build completed successfully (325 jobs).
✔ [210/292] Built PureSFormal.Research.RootResetLocalContinuationFragmentAudit (424ms)
✔ [212/303] Built PureSFormal.Research.RootResetInverseEdgeFragmentAudit (443ms)
✔ [228/303] Built PureSFormal.Research.RootResetMarkedClockSelectorChainAudit (429ms)
✔ [237/303] Built PureSFormal.Research.RootResetMarkedContinuationSpine (724ms)
✔ [239/303] Built PureSFormal.Research.RootResetInverseEdgeSpineAudit (464ms)
✔ [266/303] Built PureSFormal.Research.RootResetMarkedFrameSelectorProofAudit (448ms)
✔ [297/322] Built PureSFormal.Research.RootResetMarkedFuelSelectorChainAudit (467ms)
✔ [313/322] Built PureSFormal.Research.RootResetLabelledPatternFragmentAudit (459ms)
✔ [318/331] Built PureSFormal.Research.RootResetMarkedContinuationSpineAudit (440ms)
✔ [322/404] Built PureSFormal.Research.RootResetLocalDispatcherProbeAudit (476ms)
✔ [440/473] Built PureSFormal.Research.RootResetMarkedEmptyCommitAgreement (695ms)
✔ [443/474] Built PureSFormal.Research.RootResetMarkerObserverDecidableEqAudit (533ms)
✔ [448/476] Built PureSFormal.Research.RootResetMixedBitConsJobAudit (508ms)
✔ [449/476] Built PureSFormal.Research.RootResetMixedClockFuelSelectorChainAudit (485ms)
✔ [452/477] Built PureSFormal.Research.RootResetMixedCompletedFrontHandoffAudit (477ms)
✔ [454/477] Built PureSFormal.Research.RootResetMixedContinuationSpineAudit (487ms)
✔ [460/477] Built PureSFormal.Research.RootResetMixedEmptyCommitAudit (475ms)
✔ [463/477] Built PureSFormal.Research.RootResetMixedEmptyResponseChainAudit (477ms)
✔ [472/477] Built PureSFormal.Research.RootResetMixedEmptySweepAudit (448ms)
✔ [473/477] Built PureSFormal.Research.RootResetMixedFirstEmptyJobAudit (488ms)
✔ [474/477] Built PureSFormal.Research.RootResetMarkerTrajectoryCompletenessAudit (492ms)
✔ [475/477] Built PureSFormal.Research.RootResetMarkerPhysicalSoundnessAudit (488ms)
✔ [476/477] Built PureSFormal.Research.RootResetMarkerObserverSoundnessAudit (471ms)
✔ [477/477] Built PureSFormal.Research.RootResetMarkerTreeAutomatonAudit (449ms)
Build completed successfully (477 jobs).
✔ [218/266] Built PureSFormal.Research.RootResetMixedResponseContextAudit (487ms)
✔ [219/266] Built PureSFormal.Research.RootResetMixedStagePhaseSelectorChainAudit (487ms)
✔ [220/266] Built PureSFormal.Research.RootResetMixedNormalResponseChainAudit (497ms)
✔ [223/266] Built PureSFormal.Research.RootResetMixedJobHandoffAudit (614ms)
✔ [229/266] Built PureSFormal.Research.RootResetMixedMarkedHandoffAudit (488ms)
✔ [230/266] Built PureSFormal.Research.RootResetMixedNonemptyStagesAudit (459ms)
✔ [231/266] Built PureSFormal.Research.RootResetMixedNonemptySweepAudit (495ms)
✔ [234/266] Built PureSFormal.Research.RootResetMixedFirstEmptyStagesAudit (496ms)
✔ [237/266] Built PureSFormal.Research.RootResetMixedLocalFragmentAudit (475ms)
✔ [239/266] Built PureSFormal.Research.RootResetNestedClockPatternsAudit (471ms)
✔ [242/266] Built PureSFormal.Research.RootResetNestedFramePatternsAudit (489ms)
✔ [243/266] Built PureSFormal.Research.RootResetNestedFrameProbeAudit (483ms)
✔ [244/266] Built PureSFormal.Research.RootResetMixedLocalAmortizedAudit (461ms)
✔ [245/266] Built PureSFormal.Research.RootResetNestedClockCoreProbeAudit (477ms)
✔ [248/266] Built PureSFormal.Research.RootResetNestedFrameAgreementAudit (489ms)
✔ [251/266] Built PureSFormal.Research.RootResetNestedClockGrowthProbeAudit (512ms)
✔ [254/266] Built PureSFormal.Research.RootResetNestedFrameCostAudit (563ms)
✔ [255/266] Built PureSFormal.Research.RootResetNestedClockGrowthAgreementAudit (555ms)
✔ [256/266] Built PureSFormal.Research.RootResetNestedClockSecondPassAudit (505ms)
✔ [257/266] Built PureSFormal.Research.RootResetMixedFrameProbe (825ms)
✔ [259/266] Built PureSFormal.Research.RootResetNestedClockFirstPassAudit (497ms)
✔ [260/266] Built PureSFormal.Research.RootResetNestedClockProbeAudit (461ms)
✔ [261/266] Built PureSFormal.Research.RootResetMixedFrameProbeAudit (460ms)
✔ [262/266] Built PureSFormal.Research.RootResetNestedClockProbeAgreementAudit (435ms)
✔ [263/266] Built PureSFormal.Research.RootResetNestedFrameClockProbe (931ms)
✔ [264/266] Built PureSFormal.Research.RootResetNestedFrameClockProbeAudit (458ms)
✔ [265/266] Built PureSFormal.Research.RootResetNestedFrameClockAgreement (587ms)
✔ [266/266] Built PureSFormal.Research.RootResetNestedFrameClockAgreementAudit (485ms)
Build completed successfully (266 jobs).
✔ [193/276] Built PureSFormal.Research.RootResetNonemptyAppenderSelectorAudit (565ms)
✔ [195/276] Built PureSFormal.Research.RootResetNormalResponseBodyChainAudit (583ms)
✔ [196/276] Built PureSFormal.Research.RootResetNormalResponseSelectorChainAudit (556ms)
✔ [209/276] Built PureSFormal.Research.RootResetPatternFragmentAudit (535ms)
✔ [225/286] Built PureSFormal.Research.RootResetNormalResponseContextChainAudit (641ms)
✔ [226/286] Built PureSFormal.Research.RootResetOrderedCarrierAudit (571ms)
✔ [232/286] Built PureSFormal.Research.RootResetPendingAdmissionFuelPatternsAudit (553ms)
✔ [233/286] Built PureSFormal.Research.RootResetPendingCompletedResponseAudit (527ms)
✔ [248/286] Built PureSFormal.Research.RootResetPendingDeletedResponseAudit (558ms)
✔ [249/286] Built PureSFormal.Research.RootResetPendingResponseContextAudit (542ms)
✔ [251/286] Built PureSFormal.Research.RootResetPendingResponseFrontHandoffAudit (558ms)
✔ [252/286] Built PureSFormal.Research.RootResetPersistentCarrierTraversalAgreementAudit (572ms)
✔ [259/286] Built PureSFormal.Research.RootResetParametricNonemptyTraceAgreementAudit (641ms)
✔ [260/286] Built PureSFormal.Research.RootResetPendingAdmissionCarrierRejectionAudit (631ms)
✔ [261/286] Built PureSFormal.Research.RootResetPendingAdmissionFragmentAudit (629ms)
✔ [265/286] Built PureSFormal.Research.RootResetPendingAdmissionPatternsAudit (630ms)
✔ [268/286] Built PureSFormal.Research.RootResetNestedUnaryScanAudit (528ms)
✔ [272/286] Built PureSFormal.Research.RootResetPendingAdmissionInterleavedAudit (537ms)
✔ [273/286] Built PureSFormal.Research.RootResetPendingAdmissionSegmentAudit (498ms)
✔ [284/286] Built PureSFormal.Research.RootResetNestedUnaryParityAudit (567ms)
✔ [285/286] Built PureSFormal.Research.RootResetNormalCarrierEmptyExclusionAudit (448ms)
✔ [286/286] Built PureSFormal.Research.RootResetPendingAdmissionFrameBridgeAudit (460ms)
Build completed successfully (286 jobs).
✔ [123/136] Built PureSFormal.Research.RootResetPersistentFuelCarrierAudit (497ms)
✔ [124/136] Built PureSFormal.Research.RootResetPersistentRouteAAudit (492ms)
✔ [126/136] Built PureSFormal.Research.RootResetPersistentInitialBridgeAudit (557ms)
✔ [128/136] Built PureSFormal.Research.RootResetPersistentRouteAFuelAudit (546ms)
✔ [129/310] Built PureSFormal.Research.RootResetPersistentClockFuelAgreementAudit (526ms)
✔ [132/310] Built PureSFormal.Research.RootResetPersistentRouteAFuelSchedulerBridgeAudit (562ms)
✔ [133/310] Built PureSFormal.Research.RootResetPersistentSelectedAddressBridgeAudit (558ms)
✔ [134/310] Built PureSFormal.Research.RootResetPersistentSelectorAudit (531ms)
✔ [228/313] Built PureSFormal.Research.RootResetPersistentResponseSelectorAudit (522ms)
✔ [241/313] Built PureSFormal.Research.RootResetProgressCompletenessAudit (439ms)
✔ [242/313] Built PureSFormal.Research.RootResetProgressEulerContractAudit (498ms)
✔ [255/317] Built PureSFormal.Research.RootResetProgressEulerSelectorAudit (528ms)
✔ [256/317] Built PureSFormal.Research.RootResetProgressEulerTotalityAudit (517ms)
✔ [264/318] Built PureSFormal.Research.RootResetProbeSequenceAudit (535ms)
✔ [265/318] Built PureSFormal.Research.RootResetProgressClockFuel (1.1s)
✔ [267/318] Built PureSFormal.Research.RootResetProgressLocalParserAudit (439ms)
✔ [273/320] Built PureSFormal.Research.RootResetPriorityReplayAudit (445ms)
✔ [280/322] Built PureSFormal.Research.RootResetProgressResponse (583ms)
✔ [285/323] Built PureSFormal.Research.RootResetProgressClockFuelAudit (522ms)
✔ [286/323] Built PureSFormal.Research.RootResetProgressTotalityAudit (519ms)
✔ [292/323] Built PureSFormal.Research.RootResetProgressResponseAudit (496ms)
✔ [297/323] Built PureSFormal.Research.RootResetProgressOuterSpine (1.6s)
✔ [302/323] Built PureSFormal.Research.RootResetProgressTransactionClassifier (1.1s)
✔ [319/323] Built PureSFormal.Research.RootResetProgressWalkerAudit (482ms)
✔ [320/323] Built PureSFormal.Research.RootResetProgressOuterSpineAudit (472ms)
✔ [321/323] Built PureSFormal.Research.RootResetProgressTransactionClassifierAudit (480ms)
✔ [322/323] Built PureSFormal.Research.RootResetPhasePriorityClearAudit (468ms)
✔ [323/323] Built PureSFormal.Research.RootResetProgressTransactionPreservation (1.4s)
Build completed successfully (323 jobs).
✔ [306/320] Built PureSFormal.Research.RootResetReachableActiveContextAudit (451ms)
✔ [309/432] Built PureSFormal.Research.RootResetReachableStageGrammarAudit (465ms)
✔ [424/574] Built PureSFormal.Research.RootResetReadonlySelectorAudit (502ms)
✔ [545/575] Built PureSFormal.Research.RootResetRegisteredMarkerOccurrenceAudit (578ms)
✔ [553/578] Built PureSFormal.Research.RootResetReplayProbeAudit (580ms)
✔ [554/578] Built PureSFormal.Research.RootResetResponseBitFiniteValueAudit (568ms)
✔ [555/578] Built PureSFormal.Research.RootResetResponseBoundaryStagesAudit (613ms)
✔ [556/579] Built PureSFormal.Research.RootResetResponseCandidateProbeAudit (574ms)
✔ [560/581] Built PureSFormal.Research.RootResetResponseCarrierChronologyAudit (511ms)
✔ [561/581] Built PureSFormal.Research.RootResetResponseClockFuelAgreementAudit (541ms)
✔ [564/583] Built PureSFormal.Research.RootResetResponseSampleParserBridgeAudit (518ms)
✔ [565/583] Built PureSFormal.Research.RootResetResponseSelectorInitialAgreementAudit (473ms)
✔ [569/585] Built PureSFormal.Research.RootResetRuntimeContextBridgeAudit (466ms)
✔ [570/585] Built PureSFormal.Research.RootResetScopedCarrierWorkerAudit (479ms)
✔ [574/588] Built PureSFormal.Research.RootResetScopedBaseMissesAudit (520ms)
✔ [575/588] Built PureSFormal.Research.RootResetScopedResponseProbesAudit (514ms)
✔ [578/590] Built PureSFormal.Research.RootResetSelectedActionRowsAudit (451ms)
✔ [582/591] Built PureSFormal.Research.RootResetSelectedFrontParserAgreementAudit (477ms)
✔ [583/591] Built PureSFormal.Research.RootResetStageRegistryAudit (453ms)
✔ [585/591] Built PureSFormal.Research.RootResetSelectedResponseC4Agreement (613ms)
✔ [587/591] Built PureSFormal.Research.RootResetSuccessfulEdgeMovesAudit (452ms)
✔ [588/591] Built PureSFormal.Research.RootResetTermOnlyTransferAudit (410ms)
✔ [589/591] Built PureSFormal.Research.RootResetTermOnlyUniversalityTransferAudit (472ms)
✔ [590/591] Built PureSFormal.Research.RootResetSelectedResponseC4AgreementAudit (443ms)
✔ [591/591] Built PureSFormal.Research.RootResetRegularMarkerLanguageAudit (452ms)
Build completed successfully (591 jobs).
✔ [115/130] Built PureSFormal.Research.RootResetWholeDispatcherSelectedHandoffAudit (426ms)
✔ [125/163] Built PureSFormal.Research.RootResetWholeAppenderStagesAudit (469ms)
✔ [126/163] Built PureSFormal.Research.RootResetWholeDispatcherStagesAudit (487ms)
✔ [127/163] Built PureSFormal.Research.RootResetWholeStageClassifierAudit (466ms)
✔ [146/170] Built PureSFormal.Research.RootResetTraversableCompletedParentsAudit (429ms)
✔ [147/170] Built PureSFormal.Research.RootResetTwentySevenStageRegistryAudit (495ms)
✔ [157/170] Built PureSFormal.Research.RootResetWrappedFrameSelectorProofAudit (412ms)
✔ [159/170] Built PureSFormal.Rogozhin.TableAudit (433ms)
✔ [489/592] Built PureSFormal.Research.RootResetWrappedEmptyCommitAudit (520ms)
✔ [490/592] Built PureSFormal.Research.RootResetWrappedEmptyRouteSelectorChainAudit (520ms)
✔ [574/613] Built PureSFormal.Research.RootResetWrappedAppenderSelectorChainAudit (519ms)
✔ [603/613] Built PureSFormal.WeakPathPolynomialCostAudit (469ms)
✔ [604/613] Built PureSFormal.WeakPathUniversalityTrajectoryAudit (448ms)
✔ [605/613] Built PureSFormal.RootResetChallengeAudit (612ms)
✔ [611/613] Built PureSFormal.StrongMultiwayUniversalityAudit (524ms)
✔ [612/613] Built PureSFormal.WeakPathUniversalityAudit (449ms)
✔ [613/613] Built PureSFormal.WeakPathUniversalityExclusionAudit (434ms)
Build completed successfully (613 jobs).
scripts/lean_python_differential.lean:141:2: warning: `String.mk` has been deprecated: Use `String.ofList` instead
scripts/lean_python_differential.lean:144:2: warning: `String.mk` has been deprecated: Use `String.ofList` instead
PASS inventory build: 1239 Lean modules
