✔ [2/11] Built Lean4Lean.Declaration (298ms)
✔ [3/11] Built Lean4Lean.List (272ms)
✔ [4/12] Built Lean4Lean.Expr (518ms)
✔ [5/13] Built Lean4Lean.Instantiate (330ms)
✔ [6/16] Built Lean4Lean.LocalContext (278ms)
✔ [7/20] Built Batteries.Tactic.OpenPrivate (930ms)
✔ [8/20] Built Lean4Lean.ForEachExprV (310ms)
✔ [9/20] Built Batteries.Util.Panic (217ms)
✔ [10/22] Built Batteries.Tactic.Lint.Basic (694ms)
✔ [11/22] Built Batteries.Tactic.SeqFocus (522ms)
✔ [12/22] Built Lean4Lean.PtrEq (253ms)
✔ [14/59] Built Lean4Lean.FuelConfig (347ms)
✔ [15/59] Built Lean4Lean.Environment.Basic (855ms)
✔ [16/59] Built Lean4Lean.Declaration:c.o (228ms)
✔ [17/59] Built Lean4Lean.List:c.o (117ms)
✔ [18/59] Built Batteries.Tactic.Lint.Misc (721ms)
✔ [19/59] Built Batteries.CodeAction.Deprecated (721ms)
✔ [20/59] Built Lean4Lean.Instantiate:c.o (132ms)
✔ [21/59] Built Lean4Lean.LocalContext:c.o (90ms)
✔ [22/59] Built Lean4Lean.Expr:c.o (459ms)
✔ [23/59] Built Lean4Lean.ForEachExprV:c.o (191ms)
✔ [24/59] Built Batteries.Tactic.SeqFocus:c.o (429ms)
✔ [25/59] Built Batteries.Util.Panic:c.o (76ms)
✔ [26/59] Built Batteries.Tactic.OpenPrivate:c.o (1.3s)
✔ [27/59] Built Lean4Lean.PtrEq:c.o (92ms)
✔ [28/59] Built Lean4Lean.FuelConfig:c.o (237ms)
✔ [29/59] Built Batteries.Tactic.Lint.Basic:c.o (1.0s)
✔ [30/59] Built Lean4Lean.Environment.Basic:c.o (423ms)
✔ [31/59] Built Batteries.CodeAction.Deprecated:c.o (590ms)
✔ [32/59] Built Batteries.Tactic.Lint.Misc:c.o (719ms)
✔ [33/59] Built Lean4Lean.Quot (743ms)
✔ [34/59] Built Lean4Lean.Level (4.6s)
✔ [35/59] Built Lean4Lean.Inductive.Reduce (754ms)
✔ [36/59] Built Lean4Lean.Quot:c.o (440ms)
✔ [37/59] Built Lean4Lean.Inductive.Reduce:c.o (517ms)
✔ [38/59] Built Batteries.Tactic.Alias (1.6s)
✔ [39/59] Built Batteries.Data.UnionFind.Basic (2.2s)
✔ [40/59] Built Batteries.Data.UnionFind.Basic:c.o (312ms)
✔ [41/59] Built Lean4Lean.Level:c.o (2.5s)
✔ [42/59] Built Lean4Lean.EquivManager (1.5s)
✔ [43/59] Built Lean4Lean.EquivManager:c.o (670ms)
✔ [44/59] Built Batteries.Tactic.Alias:c.o (2.8s)
✔ [45/59] Built Batteries.Data.List.Basic (3.0s)
✔ [46/59] Built Batteries.Data.List.Basic:c.o (2.0s)
✔ [47/59] Built Lean4Lean.TypeChecker (4.0s)
✔ [48/59] Built Lean4Lean.Primitive (3.6s)
✔ [49/59] Built Lean4Lean.Inductive.Add (3.9s)
✔ [50/59] Built Lean4Lean.TypeChecker:c.o (4.4s)
✔ [51/59] Built Lean4Lean.Environment (2.4s)
✔ [52/59] Built Lean4Lean.Environment:c.o (717ms)
✔ [53/59] Built Lean4Lean.Replay (2.4s)
✔ [54/59] Built Lean4Lean.Inductive.Add:c.o (5.0s)
✔ [55/59] Built Main (1.3s)
✔ [56/59] Built Lean4Lean.Replay:c.o (1.2s)
✔ [57/59] Built Main:c.o (468ms)
✔ [58/59] Built Lean4Lean.Primitive:c.o (8.4s)
✔ [59/59] Built lean4lean:exe (1.6s)
Build completed successfully (59 jobs).
