replaying PureSFormal.AppendixF.PrimitiveTreeFold
passed PureSFormal.AppendixF.PrimitiveTreeFold declarations=31
replaying PureSFormal.AppendixF.ProgramRecognition
passed PureSFormal.AppendixF.ProgramRecognition declarations=77
replaying PureSFormal.AppendixF.RecursiveCall
passed PureSFormal.AppendixF.RecursiveCall declarations=232
replaying PureSFormal.AppendixF.RecursiveObservation
passed PureSFormal.AppendixF.RecursiveObservation declarations=130
replaying PureSFormal.AppendixF.RecursiveOrbit
passed PureSFormal.AppendixF.RecursiveOrbit declarations=96
replaying PureSFormal.AppendixF.RecursivePath
passed PureSFormal.AppendixF.RecursivePath declarations=8
replaying PureSFormal.AppendixF.RegularAvoidance
passed PureSFormal.AppendixF.RegularAvoidance declarations=23
replaying PureSFormal.AxiomAudit
passed PureSFormal.AxiomAudit declarations=0
replaying PureSFormal.CTS.Core
passed PureSFormal.CTS.Core declarations=99
replaying PureSFormal.Challenge
passed PureSFormal.Challenge declarations=33
replaying PureSFormal.ChallengeAudit
passed PureSFormal.ChallengeAudit declarations=0
replaying PureSFormal.Compatibility
passed PureSFormal.Compatibility declarations=8
replaying PureSFormal.Computation.BareTermReadbackFields
passed PureSFormal.Computation.BareTermReadbackFields declarations=8
replaying PureSFormal.Computation.BareTermReadbackFieldsAudit
passed PureSFormal.Computation.BareTermReadbackFieldsAudit declarations=0
replaying PureSFormal.Computation.CookArrivalPrimitive
passed PureSFormal.Computation.CookArrivalPrimitive declarations=51
replaying PureSFormal.Computation.CookArrivalPrimitiveAudit
passed PureSFormal.Computation.CookArrivalPrimitiveAudit declarations=0
replaying PureSFormal.Computation.CookArrivalReflection
passed PureSFormal.Computation.CookArrivalReflection declarations=16
replaying PureSFormal.Computation.CookArrivalReflectionAudit
passed PureSFormal.Computation.CookArrivalReflectionAudit declarations=0
replaying PureSFormal.Computation.CookBoundaryPrimitive
passed PureSFormal.Computation.CookBoundaryPrimitive declarations=90
replaying PureSFormal.Computation.CookBoundaryPrimitiveAudit
passed PureSFormal.Computation.CookBoundaryPrimitiveAudit declarations=0
replaying PureSFormal.Computation.CookCounterPrimitive
passed PureSFormal.Computation.CookCounterPrimitive declarations=47
replaying PureSFormal.Computation.CookCounterPrimitiveAudit
passed PureSFormal.Computation.CookCounterPrimitiveAudit declarations=0
replaying PureSFormal.Computation.CookDecodedRowPrimitive
passed PureSFormal.Computation.CookDecodedRowPrimitive declarations=24
replaying PureSFormal.Computation.CookDecodedRowPrimitiveAudit
passed PureSFormal.Computation.CookDecodedRowPrimitiveAudit declarations=0
replaying PureSFormal.Computation.CookEncodingComputability
passed PureSFormal.Computation.CookEncodingComputability declarations=70
replaying PureSFormal.Computation.CookEncodingComputabilityAudit
passed PureSFormal.Computation.CookEncodingComputabilityAudit declarations=0
replaying PureSFormal.Computation.CookPassPrimitive
passed PureSFormal.Computation.CookPassPrimitive declarations=16
replaying PureSFormal.Computation.CookPassPrimitiveAudit
passed PureSFormal.Computation.CookPassPrimitiveAudit declarations=0
replaying PureSFormal.Computation.CookRegisteredReadback
passed PureSFormal.Computation.CookRegisteredReadback declarations=15
replaying PureSFormal.Computation.CookRegisteredReadbackAudit
passed PureSFormal.Computation.CookRegisteredReadbackAudit declarations=0
replaying PureSFormal.Computation.CookRunWordPrimitive
passed PureSFormal.Computation.CookRunWordPrimitive declarations=88
replaying PureSFormal.Computation.CookRunWordPrimitiveAudit
passed PureSFormal.Computation.CookRunWordPrimitiveAudit declarations=0
replaying PureSFormal.Computation.CookSeedBoundaryReflection
passed PureSFormal.Computation.CookSeedBoundaryReflection declarations=7
replaying PureSFormal.Computation.CookSeedBoundaryReflectionAudit
passed PureSFormal.Computation.CookSeedBoundaryReflectionAudit declarations=0
replaying PureSFormal.Computation.CookSeedCounterShapePrimitive
passed PureSFormal.Computation.CookSeedCounterShapePrimitive declarations=10
replaying PureSFormal.Computation.CookSeedCounterShapePrimitiveAudit
passed PureSFormal.Computation.CookSeedCounterShapePrimitiveAudit declarations=0
replaying PureSFormal.Computation.CookSeedOrdinaryPrimitive
passed PureSFormal.Computation.CookSeedOrdinaryPrimitive declarations=20
replaying PureSFormal.Computation.CookSeedOrdinaryPrimitiveAudit
passed PureSFormal.Computation.CookSeedOrdinaryPrimitiveAudit declarations=0
replaying PureSFormal.Computation.CookSeedOutputExample
passed PureSFormal.Computation.CookSeedOutputExample declarations=11
replaying PureSFormal.Computation.CookSeedOutputExampleAudit
passed PureSFormal.Computation.CookSeedOutputExampleAudit declarations=0
checked 1210 declarations
