replaying PureSFormal.Computation.CookSeedOutputPrimitive
passed PureSFormal.Computation.CookSeedOutputPrimitive declarations=45
replaying PureSFormal.Computation.CookSeedOutputPrimitiveAudit
passed PureSFormal.Computation.CookSeedOutputPrimitiveAudit declarations=0
replaying PureSFormal.Computation.CookSeedPassReadback
passed PureSFormal.Computation.CookSeedPassReadback declarations=13
replaying PureSFormal.Computation.CookSeedPassReadbackAudit
passed PureSFormal.Computation.CookSeedPassReadbackAudit declarations=0
replaying PureSFormal.Computation.CookSeedPassSourceReflection
passed PureSFormal.Computation.CookSeedPassSourceReflection declarations=11
replaying PureSFormal.Computation.CookSeedPassSourceReflectionAudit
passed PureSFormal.Computation.CookSeedPassSourceReflectionAudit declarations=0
replaying PureSFormal.Computation.CookSeedReadbackContext
passed PureSFormal.Computation.CookSeedReadbackContext declarations=106
replaying PureSFormal.Computation.CookSeedReadbackContextAudit
passed PureSFormal.Computation.CookSeedReadbackContextAudit declarations=0
replaying PureSFormal.Computation.CookSeedTerminalPrimitive
passed PureSFormal.Computation.CookSeedTerminalPrimitive declarations=126
replaying PureSFormal.Computation.CookSeedTerminalPrimitiveAudit
passed PureSFormal.Computation.CookSeedTerminalPrimitiveAudit declarations=0
replaying PureSFormal.Computation.CookSeedTerminalReadback
passed PureSFormal.Computation.CookSeedTerminalReadback declarations=46
replaying PureSFormal.Computation.CookSeedTerminalReadbackAudit
passed PureSFormal.Computation.CookSeedTerminalReadbackAudit declarations=0
replaying PureSFormal.Computation.CookSeedTerminalSoundness
passed PureSFormal.Computation.CookSeedTerminalSoundness declarations=7
replaying PureSFormal.Computation.CookSeedTerminalSoundnessAudit
passed PureSFormal.Computation.CookSeedTerminalSoundnessAudit declarations=0
replaying PureSFormal.Computation.CookWordConstructionMachine
passed PureSFormal.Computation.CookWordConstructionMachine declarations=159
replaying PureSFormal.Computation.CookWordConstructionMachineAudit
passed PureSFormal.Computation.CookWordConstructionMachineAudit declarations=0
replaying PureSFormal.Computation.CookWordPrimitive
passed PureSFormal.Computation.CookWordPrimitive declarations=88
replaying PureSFormal.Computation.CookWordPrimitiveAudit
passed PureSFormal.Computation.CookWordPrimitiveAudit declarations=0
replaying PureSFormal.Computation.CounterMachine
passed PureSFormal.Computation.CounterMachine declarations=381
replaying PureSFormal.Computation.CounterMachineAudit
passed PureSFormal.Computation.CounterMachineAudit declarations=0
replaying PureSFormal.Computation.CounterMachineCook
passed PureSFormal.Computation.CounterMachineCook declarations=5
replaying PureSFormal.Computation.CounterMachineCookAudit
passed PureSFormal.Computation.CounterMachineCookAudit declarations=0
replaying PureSFormal.Computation.CounterMachinePureS
passed PureSFormal.Computation.CounterMachinePureS declarations=9
replaying PureSFormal.Computation.CounterMachinePureSAudit
passed PureSFormal.Computation.CounterMachinePureSAudit declarations=0
replaying PureSFormal.Computation.CounterMachineTag
passed PureSFormal.Computation.CounterMachineTag declarations=484
replaying PureSFormal.Computation.CounterMachineTagAudit
passed PureSFormal.Computation.CounterMachineTagAudit declarations=0
replaying PureSFormal.Computation.CounterMachineTagGranularAudit
passed PureSFormal.Computation.CounterMachineTagGranularAudit declarations=0
replaying PureSFormal.Computation.DeletionTwoNormalizationMachine
passed PureSFormal.Computation.DeletionTwoNormalizationMachine declarations=156
replaying PureSFormal.Computation.DeletionTwoNormalizationMachineAudit
passed PureSFormal.Computation.DeletionTwoNormalizationMachineAudit declarations=0
replaying PureSFormal.Computation.DeletionTwoReadbackPrimitive
passed PureSFormal.Computation.DeletionTwoReadbackPrimitive declarations=77
replaying PureSFormal.Computation.DeletionTwoReadbackPrimitiveAudit
passed PureSFormal.Computation.DeletionTwoReadbackPrimitiveAudit declarations=0
replaying PureSFormal.Computation.DeletionTwoT2Computability
passed PureSFormal.Computation.DeletionTwoT2Computability declarations=49
replaying PureSFormal.Computation.DeletionTwoT2ComputabilityAudit
passed PureSFormal.Computation.DeletionTwoT2ComputabilityAudit declarations=0
replaying PureSFormal.Computation.DeletionTwoT2Normalizer
passed PureSFormal.Computation.DeletionTwoT2Normalizer declarations=302
replaying PureSFormal.Computation.DeletionTwoT2NormalizerAudit
passed PureSFormal.Computation.DeletionTwoT2NormalizerAudit declarations=0
replaying PureSFormal.Computation.DeletionTwoT2Readback
passed PureSFormal.Computation.DeletionTwoT2Readback declarations=40
replaying PureSFormal.Computation.DeletionTwoT2ReadbackAudit
passed PureSFormal.Computation.DeletionTwoT2ReadbackAudit declarations=0
replaying PureSFormal.Computation.DeletionTwoTableConstructionMachine
passed PureSFormal.Computation.DeletionTwoTableConstructionMachine declarations=104
replaying PureSFormal.Computation.DeletionTwoTableConstructionMachineAudit
passed PureSFormal.Computation.DeletionTwoTableConstructionMachineAudit declarations=0
replaying PureSFormal.Computation.DeterministicTapeCode
passed PureSFormal.Computation.DeterministicTapeCode declarations=131
checked 2339 declarations
