replaying PureSFormal.Computation.DeterministicTapeCodeAudit
passed PureSFormal.Computation.DeterministicTapeCodeAudit declarations=0
replaying PureSFormal.Computation.DeterministicTapeCook
passed PureSFormal.Computation.DeterministicTapeCook declarations=14
replaying PureSFormal.Computation.DeterministicTapeCookAudit
passed PureSFormal.Computation.DeterministicTapeCookAudit declarations=0
replaying PureSFormal.Computation.DeterministicTapeCookTrajectoryReadback
passed PureSFormal.Computation.DeterministicTapeCookTrajectoryReadback declarations=12
replaying PureSFormal.Computation.DeterministicTapeCookTrajectoryReadbackAudit
passed PureSFormal.Computation.DeterministicTapeCookTrajectoryReadbackAudit declarations=0
replaying PureSFormal.Computation.DeterministicTapeCounterCompiler
passed PureSFormal.Computation.DeterministicTapeCounterCompiler declarations=133
replaying PureSFormal.Computation.DeterministicTapeCounterCompilerAudit
passed PureSFormal.Computation.DeterministicTapeCounterCompilerAudit declarations=0
replaying PureSFormal.Computation.DeterministicTapeDecodeConstructionMachine
passed PureSFormal.Computation.DeterministicTapeDecodeConstructionMachine declarations=174
replaying PureSFormal.Computation.DeterministicTapeDecodeConstructionMachineAudit
passed PureSFormal.Computation.DeterministicTapeDecodeConstructionMachineAudit declarations=0
replaying PureSFormal.Computation.DeterministicTapeEffectiveReduction
passed PureSFormal.Computation.DeterministicTapeEffectiveReduction declarations=11
replaying PureSFormal.Computation.DeterministicTapeEffectiveReductionAudit
passed PureSFormal.Computation.DeterministicTapeEffectiveReductionAudit declarations=0
replaying PureSFormal.Computation.DeterministicTapeEncoderConstructionMachine
passed PureSFormal.Computation.DeterministicTapeEncoderConstructionMachine declarations=40
replaying PureSFormal.Computation.DeterministicTapeEncoderConstructionMachineAudit
passed PureSFormal.Computation.DeterministicTapeEncoderConstructionMachineAudit declarations=0
replaying PureSFormal.Computation.DeterministicTapeEncodingPrimitives
passed PureSFormal.Computation.DeterministicTapeEncodingPrimitives declarations=45
replaying PureSFormal.Computation.DeterministicTapeEncodingPrimitivesAudit
passed PureSFormal.Computation.DeterministicTapeEncodingPrimitivesAudit declarations=0
replaying PureSFormal.Computation.DeterministicTapeInfiniteTape
passed PureSFormal.Computation.DeterministicTapeInfiniteTape declarations=99
replaying PureSFormal.Computation.DeterministicTapeInfiniteTapeAudit
passed PureSFormal.Computation.DeterministicTapeInfiniteTapeAudit declarations=0
replaying PureSFormal.Computation.DeterministicTapeInitialComputability
passed PureSFormal.Computation.DeterministicTapeInitialComputability declarations=41
replaying PureSFormal.Computation.DeterministicTapeInitialComputabilityAudit
passed PureSFormal.Computation.DeterministicTapeInitialComputabilityAudit declarations=0
replaying PureSFormal.Computation.DeterministicTapeInitialConstructionMachine
passed PureSFormal.Computation.DeterministicTapeInitialConstructionMachine declarations=74
replaying PureSFormal.Computation.DeterministicTapeInitialConstructionMachineAudit
passed PureSFormal.Computation.DeterministicTapeInitialConstructionMachineAudit declarations=0
replaying PureSFormal.Computation.DeterministicTapeOutputPrimitive
passed PureSFormal.Computation.DeterministicTapeOutputPrimitive declarations=22
replaying PureSFormal.Computation.DeterministicTapeOutputPrimitiveAudit
passed PureSFormal.Computation.DeterministicTapeOutputPrimitiveAudit declarations=0
replaying PureSFormal.Computation.DeterministicTapeOutputQuartic
passed PureSFormal.Computation.DeterministicTapeOutputQuartic declarations=88
replaying PureSFormal.Computation.DeterministicTapeOutputQuarticAudit
passed PureSFormal.Computation.DeterministicTapeOutputQuarticAudit declarations=0
replaying PureSFormal.Computation.DeterministicTapePaddedEncoderConstructionMachine
passed PureSFormal.Computation.DeterministicTapePaddedEncoderConstructionMachine declarations=34
replaying PureSFormal.Computation.DeterministicTapePaddedEncoderConstructionMachineAudit
passed PureSFormal.Computation.DeterministicTapePaddedEncoderConstructionMachineAudit declarations=0
replaying PureSFormal.Computation.DeterministicTapePaddingConstructionMachine
passed PureSFormal.Computation.DeterministicTapePaddingConstructionMachine declarations=102
replaying PureSFormal.Computation.DeterministicTapePaddingConstructionMachineAudit
passed PureSFormal.Computation.DeterministicTapePaddingConstructionMachineAudit declarations=0
replaying PureSFormal.Computation.DeterministicTapePrimitiveBoundaryReflection
passed PureSFormal.Computation.DeterministicTapePrimitiveBoundaryReflection declarations=43
replaying PureSFormal.Computation.DeterministicTapePrimitiveBoundaryReflectionAudit
passed PureSFormal.Computation.DeterministicTapePrimitiveBoundaryReflectionAudit declarations=0
replaying PureSFormal.Computation.DeterministicTapePrimitiveChronology
passed PureSFormal.Computation.DeterministicTapePrimitiveChronology declarations=29
replaying PureSFormal.Computation.DeterministicTapePrimitiveChronologyAudit
passed PureSFormal.Computation.DeterministicTapePrimitiveChronologyAudit declarations=0
replaying PureSFormal.Computation.DeterministicTapePureS
passed PureSFormal.Computation.DeterministicTapePureS declarations=14
replaying PureSFormal.Computation.DeterministicTapePureSAudit
passed PureSFormal.Computation.DeterministicTapePureSAudit declarations=0
replaying PureSFormal.Computation.DeterministicTapePureSComputability
passed PureSFormal.Computation.DeterministicTapePureSComputability declarations=60
replaying PureSFormal.Computation.DeterministicTapePureSComputabilityAudit
passed PureSFormal.Computation.DeterministicTapePureSComputabilityAudit declarations=0
replaying PureSFormal.Computation.DeterministicTapePureSOutput
passed PureSFormal.Computation.DeterministicTapePureSOutput declarations=21
replaying PureSFormal.Computation.DeterministicTapePureSOutputAudit
passed PureSFormal.Computation.DeterministicTapePureSOutputAudit declarations=0
replaying PureSFormal.Computation.DeterministicTapePureSReadback
passed PureSFormal.Computation.DeterministicTapePureSReadback declarations=18
checked 1074 declarations
