replaying PureSFormal.Computation.DeterministicTapePureSReadbackAudit
passed PureSFormal.Computation.DeterministicTapePureSReadbackAudit declarations=0
replaying PureSFormal.Computation.DeterministicTapeRootResetOutput
passed PureSFormal.Computation.DeterministicTapeRootResetOutput declarations=14
replaying PureSFormal.Computation.DeterministicTapeRootResetOutputAudit
passed PureSFormal.Computation.DeterministicTapeRootResetOutputAudit declarations=0
replaying PureSFormal.Computation.DeterministicTapeStatePadding
passed PureSFormal.Computation.DeterministicTapeStatePadding declarations=29
replaying PureSFormal.Computation.DeterministicTapeStatePaddingAudit
passed PureSFormal.Computation.DeterministicTapeStatePaddingAudit declarations=0
replaying PureSFormal.Computation.DeterministicTapeStatePaddingComputability
passed PureSFormal.Computation.DeterministicTapeStatePaddingComputability declarations=42
replaying PureSFormal.Computation.DeterministicTapeStatePaddingComputabilityAudit
passed PureSFormal.Computation.DeterministicTapeStatePaddingComputabilityAudit declarations=0
replaying PureSFormal.Computation.DeterministicTapeTableConstructionMachine
passed PureSFormal.Computation.DeterministicTapeTableConstructionMachine declarations=266
replaying PureSFormal.Computation.DeterministicTapeTableConstructionMachineAudit
passed PureSFormal.Computation.DeterministicTapeTableConstructionMachineAudit declarations=0
replaying PureSFormal.Computation.DeterministicTapeTagBoundaryReflection
passed PureSFormal.Computation.DeterministicTapeTagBoundaryReflection declarations=4
replaying PureSFormal.Computation.DeterministicTapeTagBoundaryReflectionAudit
passed PureSFormal.Computation.DeterministicTapeTagBoundaryReflectionAudit declarations=0
replaying PureSFormal.Computation.DeterministicTapeTagSourceReflection
passed PureSFormal.Computation.DeterministicTapeTagSourceReflection declarations=4
replaying PureSFormal.Computation.DeterministicTapeTagSourceReflectionAudit
passed PureSFormal.Computation.DeterministicTapeTagSourceReflectionAudit declarations=0
replaying PureSFormal.Computation.DeterministicTapeThreeCounterCompiler
passed PureSFormal.Computation.DeterministicTapeThreeCounterCompiler declarations=677
replaying PureSFormal.Computation.DeterministicTapeThreeCounterCompilerAudit
passed PureSFormal.Computation.DeterministicTapeThreeCounterCompilerAudit declarations=0
replaying PureSFormal.Computation.DeterministicTapeThreeCounterComputability
passed PureSFormal.Computation.DeterministicTapeThreeCounterComputability declarations=240
replaying PureSFormal.Computation.DeterministicTapeThreeCounterComputabilityAudit
passed PureSFormal.Computation.DeterministicTapeThreeCounterComputabilityAudit declarations=0
replaying PureSFormal.Computation.DeterministicTapeTrajectoryDecoder
passed PureSFormal.Computation.DeterministicTapeTrajectoryDecoder declarations=12
replaying PureSFormal.Computation.DeterministicTapeTrajectoryDecoderAudit
passed PureSFormal.Computation.DeterministicTapeTrajectoryDecoderAudit declarations=0
replaying PureSFormal.Computation.EncodedSigmaOneNatEvent
passed PureSFormal.Computation.EncodedSigmaOneNatEvent declarations=21
replaying PureSFormal.Computation.EncodedSigmaOneNatEventAudit
passed PureSFormal.Computation.EncodedSigmaOneNatEventAudit declarations=0
replaying PureSFormal.Computation.EncodedSigmaOneTermEvent
passed PureSFormal.Computation.EncodedSigmaOneTermEvent declarations=15
replaying PureSFormal.Computation.EncodedSigmaOneTermEventAudit
passed PureSFormal.Computation.EncodedSigmaOneTermEventAudit declarations=0
replaying PureSFormal.Computation.Enumerable
passed PureSFormal.Computation.Enumerable declarations=397
replaying PureSFormal.Computation.EnumerableAudit
passed PureSFormal.Computation.EnumerableAudit declarations=0
replaying PureSFormal.Computation.FixedCookBridge
passed PureSFormal.Computation.FixedCookBridge declarations=12
replaying PureSFormal.Computation.FixedCookBridgeAudit
passed PureSFormal.Computation.FixedCookBridgeAudit declarations=0
replaying PureSFormal.Computation.FixedCookSigmaOne
passed PureSFormal.Computation.FixedCookSigmaOne declarations=7
replaying PureSFormal.Computation.FixedCookSigmaOneAudit
passed PureSFormal.Computation.FixedCookSigmaOneAudit declarations=0
replaying PureSFormal.Computation.FixedEndpointUniformity
passed PureSFormal.Computation.FixedEndpointUniformity declarations=13
replaying PureSFormal.Computation.FixedEndpointUniformityAudit
passed PureSFormal.Computation.FixedEndpointUniformityAudit declarations=0
replaying PureSFormal.Computation.LegacyCompilerGrowth
passed PureSFormal.Computation.LegacyCompilerGrowth declarations=11
replaying PureSFormal.Computation.LegacyCompilerGrowthAudit
passed PureSFormal.Computation.LegacyCompilerGrowthAudit declarations=0
replaying PureSFormal.Computation.PartialRecursive
passed PureSFormal.Computation.PartialRecursive declarations=106
replaying PureSFormal.Computation.PartialRecursiveAudit
passed PureSFormal.Computation.PartialRecursiveAudit declarations=0
replaying PureSFormal.Computation.PrimitiveRecursive
passed PureSFormal.Computation.PrimitiveRecursive declarations=220
replaying PureSFormal.Computation.PrimitiveRecursiveAudit
passed PureSFormal.Computation.PrimitiveRecursiveAudit declarations=0
replaying PureSFormal.Computation.PrimitiveRecursiveListCode
passed PureSFormal.Computation.PrimitiveRecursiveListCode declarations=136
replaying PureSFormal.Computation.PrimitiveRecursiveListCodeAudit
passed PureSFormal.Computation.PrimitiveRecursiveListCodeAudit declarations=0
replaying PureSFormal.Computation.PureSEvent
passed PureSFormal.Computation.PureSEvent declarations=18
checked 2244 declarations
