replaying PureSFormal.Computation.PureSEventAudit
passed PureSFormal.Computation.PureSEventAudit declarations=0
replaying PureSFormal.Computation.RogozhinBoundaryOperationalReflection
passed PureSFormal.Computation.RogozhinBoundaryOperationalReflection declarations=10
replaying PureSFormal.Computation.RogozhinBoundaryOperationalReflectionAudit
passed PureSFormal.Computation.RogozhinBoundaryOperationalReflectionAudit declarations=0
replaying PureSFormal.Computation.RogozhinBridge
passed PureSFormal.Computation.RogozhinBridge declarations=34
replaying PureSFormal.Computation.RogozhinCellComparisonExecution
passed PureSFormal.Computation.RogozhinCellComparisonExecution declarations=42
replaying PureSFormal.Computation.RogozhinCellComparisonExecutionAudit
passed PureSFormal.Computation.RogozhinCellComparisonExecutionAudit declarations=0
replaying PureSFormal.Computation.RogozhinConcrete
passed PureSFormal.Computation.RogozhinConcrete declarations=44
replaying PureSFormal.Computation.RogozhinConcreteAudit
passed PureSFormal.Computation.RogozhinConcreteAudit declarations=0
replaying PureSFormal.Computation.RogozhinContextBoundaryPrimitive
passed PureSFormal.Computation.RogozhinContextBoundaryPrimitive declarations=35
replaying PureSFormal.Computation.RogozhinContextBoundaryPrimitiveAudit
passed PureSFormal.Computation.RogozhinContextBoundaryPrimitiveAudit declarations=0
replaying PureSFormal.Computation.RogozhinContextDataPrimitive
passed PureSFormal.Computation.RogozhinContextDataPrimitive declarations=79
replaying PureSFormal.Computation.RogozhinContextDataPrimitiveAudit
passed PureSFormal.Computation.RogozhinContextDataPrimitiveAudit declarations=0
replaying PureSFormal.Computation.RogozhinContextProgramPrimitive
passed PureSFormal.Computation.RogozhinContextProgramPrimitive declarations=52
replaying PureSFormal.Computation.RogozhinContextProgramPrimitiveAudit
passed PureSFormal.Computation.RogozhinContextProgramPrimitiveAudit declarations=0
replaying PureSFormal.Computation.RogozhinContextWeightPrimitive
passed PureSFormal.Computation.RogozhinContextWeightPrimitive declarations=78
replaying PureSFormal.Computation.RogozhinContextWeightPrimitiveAudit
passed PureSFormal.Computation.RogozhinContextWeightPrimitiveAudit declarations=0
replaying PureSFormal.Computation.RogozhinFirstSweepExclusion
passed PureSFormal.Computation.RogozhinFirstSweepExclusion declarations=24
replaying PureSFormal.Computation.RogozhinFirstSweepExclusionAudit
passed PureSFormal.Computation.RogozhinFirstSweepExclusionAudit declarations=0
replaying PureSFormal.Computation.RogozhinFramePrimitive
passed PureSFormal.Computation.RogozhinFramePrimitive declarations=159
replaying PureSFormal.Computation.RogozhinFramePrimitiveAudit
passed PureSFormal.Computation.RogozhinFramePrimitiveAudit declarations=0
replaying PureSFormal.Computation.RogozhinFramePrimitiveSize
passed PureSFormal.Computation.RogozhinFramePrimitiveSize declarations=34
replaying PureSFormal.Computation.RogozhinFramePrimitiveSizeAudit
passed PureSFormal.Computation.RogozhinFramePrimitiveSizeAudit declarations=0
replaying PureSFormal.Computation.RogozhinInputComputability
passed PureSFormal.Computation.RogozhinInputComputability declarations=79
replaying PureSFormal.Computation.RogozhinInputComputabilityAudit
passed PureSFormal.Computation.RogozhinInputComputabilityAudit declarations=0
replaying PureSFormal.Computation.RogozhinInputConstructionMachine
passed PureSFormal.Computation.RogozhinInputConstructionMachine declarations=106
replaying PureSFormal.Computation.RogozhinInputConstructionMachineAudit
passed PureSFormal.Computation.RogozhinInputConstructionMachineAudit declarations=0
replaying PureSFormal.Computation.RogozhinMiddleSweepExclusion
passed PureSFormal.Computation.RogozhinMiddleSweepExclusion declarations=55
replaying PureSFormal.Computation.RogozhinMiddleSweepExclusionAudit
passed PureSFormal.Computation.RogozhinMiddleSweepExclusionAudit declarations=0
replaying PureSFormal.Computation.RogozhinProgramConstructionMachine
passed PureSFormal.Computation.RogozhinProgramConstructionMachine declarations=183
replaying PureSFormal.Computation.RogozhinProgramConstructionMachineAudit
passed PureSFormal.Computation.RogozhinProgramConstructionMachineAudit declarations=0
replaying PureSFormal.Computation.RogozhinProgramReadback
passed PureSFormal.Computation.RogozhinProgramReadback declarations=58
replaying PureSFormal.Computation.RogozhinProgramReadbackAudit
passed PureSFormal.Computation.RogozhinProgramReadbackAudit declarations=0
replaying PureSFormal.Computation.RogozhinSeedPrimitive
passed PureSFormal.Computation.RogozhinSeedPrimitive declarations=22
replaying PureSFormal.Computation.RogozhinSeedPrimitiveAudit
passed PureSFormal.Computation.RogozhinSeedPrimitiveAudit declarations=0
replaying PureSFormal.Computation.RogozhinT2BoundaryReadback
passed PureSFormal.Computation.RogozhinT2BoundaryReadback declarations=41
replaying PureSFormal.Computation.RogozhinT2BoundaryReadbackAudit
passed PureSFormal.Computation.RogozhinT2BoundaryReadbackAudit declarations=0
replaying PureSFormal.Computation.RogozhinT2Cook
passed PureSFormal.Computation.RogozhinT2Cook declarations=2
replaying PureSFormal.Computation.RogozhinT2CookAudit
passed PureSFormal.Computation.RogozhinT2CookAudit declarations=0
replaying PureSFormal.Computation.RogozhinT2Correctness
passed PureSFormal.Computation.RogozhinT2Correctness declarations=12
replaying PureSFormal.Computation.RogozhinT2CorrectnessAudit
passed PureSFormal.Computation.RogozhinT2CorrectnessAudit declarations=0
checked 1149 declarations
