replaying PureSFormal.Computation.RogozhinT2Halt
passed PureSFormal.Computation.RogozhinT2Halt declarations=14
replaying PureSFormal.Computation.RogozhinT2HaltAudit
passed PureSFormal.Computation.RogozhinT2HaltAudit declarations=0
replaying PureSFormal.Computation.RogozhinT2Iteration
passed PureSFormal.Computation.RogozhinT2Iteration declarations=32
replaying PureSFormal.Computation.RogozhinT2IterationAudit
passed PureSFormal.Computation.RogozhinT2IterationAudit declarations=0
replaying PureSFormal.Computation.RogozhinT2Semantics
passed PureSFormal.Computation.RogozhinT2Semantics declarations=30
replaying PureSFormal.Computation.RogozhinT2SemanticsAudit
passed PureSFormal.Computation.RogozhinT2SemanticsAudit declarations=0
replaying PureSFormal.Computation.RogozhinT2Simulation
passed PureSFormal.Computation.RogozhinT2Simulation declarations=825
replaying PureSFormal.Computation.RogozhinT2SimulationAudit
passed PureSFormal.Computation.RogozhinT2SimulationAudit declarations=0
replaying PureSFormal.Computation.RogozhinTagInput
passed PureSFormal.Computation.RogozhinTagInput declarations=99
replaying PureSFormal.Computation.SigmaOne
passed PureSFormal.Computation.SigmaOne declarations=224
replaying PureSFormal.Computation.SigmaOneAudit
passed PureSFormal.Computation.SigmaOneAudit declarations=0
replaying PureSFormal.Computation.SigmaOneEvent
passed PureSFormal.Computation.SigmaOneEvent declarations=1
replaying PureSFormal.Computation.SigmaOneEventAudit
passed PureSFormal.Computation.SigmaOneEventAudit declarations=0
replaying PureSFormal.Computation.Simulation
passed PureSFormal.Computation.Simulation declarations=40
replaying PureSFormal.Computation.SimulationAudit
passed PureSFormal.Computation.SimulationAudit declarations=0
replaying PureSFormal.Computation.SourceChronologyCook
passed PureSFormal.Computation.SourceChronologyCook declarations=31
replaying PureSFormal.Computation.SourceChronologyCookAudit
passed PureSFormal.Computation.SourceChronologyCookAudit declarations=0
replaying PureSFormal.Computation.SourceChronologyNormalizedTag
passed PureSFormal.Computation.SourceChronologyNormalizedTag declarations=42
replaying PureSFormal.Computation.SourceChronologyNormalizedTagAudit
passed PureSFormal.Computation.SourceChronologyNormalizedTagAudit declarations=0
replaying PureSFormal.Computation.SourceChronologyOrdinaryTag
passed PureSFormal.Computation.SourceChronologyOrdinaryTag declarations=21
replaying PureSFormal.Computation.SourceChronologyOrdinaryTagAudit
passed PureSFormal.Computation.SourceChronologyOrdinaryTagAudit declarations=0
replaying PureSFormal.Computation.SourceChronologyRogozhin
passed PureSFormal.Computation.SourceChronologyRogozhin declarations=12
replaying PureSFormal.Computation.SourceChronologyRogozhinAudit
passed PureSFormal.Computation.SourceChronologyRogozhinAudit declarations=0
replaying PureSFormal.Computation.SourceChronologyRootReset
passed PureSFormal.Computation.SourceChronologyRootReset declarations=5
replaying PureSFormal.Computation.SourceChronologyRootResetAudit
passed PureSFormal.Computation.SourceChronologyRootResetAudit declarations=0
replaying PureSFormal.Computation.SourceChronologySourceCTS
passed PureSFormal.Computation.SourceChronologySourceCTS declarations=11
replaying PureSFormal.Computation.SourceChronologySourceCTSAudit
passed PureSFormal.Computation.SourceChronologySourceCTSAudit declarations=0
replaying PureSFormal.Computation.SourceChronologySourceModel
passed PureSFormal.Computation.SourceChronologySourceModel declarations=9
replaying PureSFormal.Computation.SourceChronologySourceModelAudit
passed PureSFormal.Computation.SourceChronologySourceModelAudit declarations=0
replaying PureSFormal.Computation.StandardMachine
passed PureSFormal.Computation.StandardMachine declarations=205
replaying PureSFormal.Computation.StandardMachineAudit
passed PureSFormal.Computation.StandardMachineAudit declarations=0
replaying PureSFormal.Computation.TapeRowPrimitive
passed PureSFormal.Computation.TapeRowPrimitive declarations=50
replaying PureSFormal.Computation.TapeRowPrimitiveAudit
passed PureSFormal.Computation.TapeRowPrimitiveAudit declarations=0
replaying PureSFormal.Computation.TapeStackPrimitive
passed PureSFormal.Computation.TapeStackPrimitive declarations=16
replaying PureSFormal.Computation.TapeStackPrimitiveAudit
passed PureSFormal.Computation.TapeStackPrimitiveAudit declarations=0
replaying PureSFormal.Computation.ThreeCounter
passed PureSFormal.Computation.ThreeCounter declarations=162
replaying PureSFormal.Computation.ThreeCounterCookReadback
passed PureSFormal.Computation.ThreeCounterCookReadback declarations=12
replaying PureSFormal.Computation.ThreeCounterCookReadbackAudit
passed PureSFormal.Computation.ThreeCounterCookReadbackAudit declarations=0
replaying PureSFormal.Computation.ThreeCounterCookReadbackPrimitive
passed PureSFormal.Computation.ThreeCounterCookReadbackPrimitive declarations=64
replaying PureSFormal.Computation.ThreeCounterCookReadbackPrimitiveAudit
passed PureSFormal.Computation.ThreeCounterCookReadbackPrimitiveAudit declarations=0
checked 1905 declarations
