replaying PureSFormal.Computation.ThreeCounterLiveReadbackPrimitive
passed PureSFormal.Computation.ThreeCounterLiveReadbackPrimitive declarations=70
replaying PureSFormal.Computation.ThreeCounterLiveReadbackPrimitiveAudit
passed PureSFormal.Computation.ThreeCounterLiveReadbackPrimitiveAudit declarations=0
replaying PureSFormal.Computation.ThreeCounterNumericBoundaryReflection
passed PureSFormal.Computation.ThreeCounterNumericBoundaryReflection declarations=11
replaying PureSFormal.Computation.ThreeCounterNumericBoundaryReflectionAudit
passed PureSFormal.Computation.ThreeCounterNumericBoundaryReflectionAudit declarations=0
replaying PureSFormal.Computation.ThreeCounterRadixReadbackPrimitive
passed PureSFormal.Computation.ThreeCounterRadixReadbackPrimitive declarations=34
replaying PureSFormal.Computation.ThreeCounterRadixReadbackPrimitiveAudit
passed PureSFormal.Computation.ThreeCounterRadixReadbackPrimitiveAudit declarations=0
replaying PureSFormal.Computation.ThreeCounterSymbolReadbackPrimitive
passed PureSFormal.Computation.ThreeCounterSymbolReadbackPrimitive declarations=138
replaying PureSFormal.Computation.ThreeCounterSymbolReadbackPrimitiveAudit
passed PureSFormal.Computation.ThreeCounterSymbolReadbackPrimitiveAudit declarations=0
replaying PureSFormal.Computation.ThreeCounterTag
passed PureSFormal.Computation.ThreeCounterTag declarations=300
replaying PureSFormal.Computation.ThreeCounterTagAudit
passed PureSFormal.Computation.ThreeCounterTagAudit declarations=0
replaying PureSFormal.Computation.ThreeCounterTagBoundaryReflection
passed PureSFormal.Computation.ThreeCounterTagBoundaryReflection declarations=25
replaying PureSFormal.Computation.ThreeCounterTagBoundaryReflectionAudit
passed PureSFormal.Computation.ThreeCounterTagBoundaryReflectionAudit declarations=0
replaying PureSFormal.Computation.ThreeCounterTagComputability
passed PureSFormal.Computation.ThreeCounterTagComputability declarations=245
replaying PureSFormal.Computation.ThreeCounterTagComputabilityAudit
passed PureSFormal.Computation.ThreeCounterTagComputabilityAudit declarations=0
replaying PureSFormal.Computation.ThreeCounterTagConstructionSize
passed PureSFormal.Computation.ThreeCounterTagConstructionSize declarations=43
replaying PureSFormal.Computation.ThreeCounterTagConstructionSizeAudit
passed PureSFormal.Computation.ThreeCounterTagConstructionSizeAudit declarations=0
replaying PureSFormal.Computation.ThreeCounterTagInputConstructionMachine
passed PureSFormal.Computation.ThreeCounterTagInputConstructionMachine declarations=57
replaying PureSFormal.Computation.ThreeCounterTagInputConstructionMachineAudit
passed PureSFormal.Computation.ThreeCounterTagInputConstructionMachineAudit declarations=0
replaying PureSFormal.Computation.ThreeCounterTagNumericConstructionMachine
passed PureSFormal.Computation.ThreeCounterTagNumericConstructionMachine declarations=215
replaying PureSFormal.Computation.ThreeCounterTagNumericConstructionMachineAudit
passed PureSFormal.Computation.ThreeCounterTagNumericConstructionMachineAudit declarations=0
replaying PureSFormal.Computation.ThreeCounterTagOutputBoundary
passed PureSFormal.Computation.ThreeCounterTagOutputBoundary declarations=69
replaying PureSFormal.Computation.ThreeCounterTagOutputBoundaryAudit
passed PureSFormal.Computation.ThreeCounterTagOutputBoundaryAudit declarations=0
replaying PureSFormal.Computation.ThreeCounterTagProgramConstructionMachine
passed PureSFormal.Computation.ThreeCounterTagProgramConstructionMachine declarations=33
replaying PureSFormal.Computation.ThreeCounterTagProgramConstructionMachineAudit
passed PureSFormal.Computation.ThreeCounterTagProgramConstructionMachineAudit declarations=0
replaying PureSFormal.Computation.ThreeCounterTagTypedConstructionMachine
passed PureSFormal.Computation.ThreeCounterTagTypedConstructionMachine declarations=156
replaying PureSFormal.Computation.ThreeCounterTagTypedConstructionMachineAudit
passed PureSFormal.Computation.ThreeCounterTagTypedConstructionMachineAudit declarations=0
replaying PureSFormal.Computation.TrajectoryEvent
passed PureSFormal.Computation.TrajectoryEvent declarations=7
replaying PureSFormal.Cook.CTS
passed PureSFormal.Cook.CTS declarations=42
replaying PureSFormal.Cook.CTSAudit
passed PureSFormal.Cook.CTSAudit declarations=0
replaying PureSFormal.Cook.HaltCleanup
passed PureSFormal.Cook.HaltCleanup declarations=208
replaying PureSFormal.Cook.HaltCleanupAudit
passed PureSFormal.Cook.HaltCleanupAudit declarations=0
replaying PureSFormal.Cook.HaltCleanupFirstEmpty
passed PureSFormal.Cook.HaltCleanupFirstEmpty declarations=9
replaying PureSFormal.Cook.HaltCleanupFirstEmptyAudit
passed PureSFormal.Cook.HaltCleanupFirstEmptyAudit declarations=0
replaying PureSFormal.Cook.Macroperiod
passed PureSFormal.Cook.Macroperiod declarations=56
replaying PureSFormal.Cook.MacroperiodAudit
passed PureSFormal.Cook.MacroperiodAudit declarations=0
replaying PureSFormal.Cook.PassClassification
passed PureSFormal.Cook.PassClassification declarations=923
replaying PureSFormal.Cook.PassDecoder
passed PureSFormal.Cook.PassDecoder declarations=144
replaying PureSFormal.Cook.PassDecoderAudit
passed PureSFormal.Cook.PassDecoderAudit declarations=0
replaying PureSFormal.Cook.Tag
PureSFormal.Cook.Tag:thmDecl PureSFormal.Cook.symbol_mem_alphabet: lean4lean took 1252
PureSFormal.Cook.Tag:thmDecl PureSFormal.Cook.productionTable_nodup: lean4lean took 2033
PureSFormal.Cook.Tag:thmDecl PureSFormal.Cook.alphabet_nodup: lean4lean took 1541
passed PureSFormal.Cook.Tag declarations=249
replaying PureSFormal.Cook.TagAudit
passed PureSFormal.Cook.TagAudit declarations=0
checked 3034 declarations
