replaying PureSFormal.PureS.SchedulerRootContinuationAudit
passed PureSFormal.PureS.SchedulerRootContinuationAudit declarations=0
replaying PureSFormal.PureS.SchedulerStageAssembly
passed PureSFormal.PureS.SchedulerStageAssembly declarations=47
replaying PureSFormal.PureS.SchedulerStageAssemblyAudit
passed PureSFormal.PureS.SchedulerStageAssemblyAudit declarations=0
replaying PureSFormal.PureS.SchedulerStageCases
passed PureSFormal.PureS.SchedulerStageCases declarations=50
replaying PureSFormal.PureS.SchedulerStageCasesAudit
passed PureSFormal.PureS.SchedulerStageCasesAudit declarations=0
replaying PureSFormal.PureS.SchedulerTraceAlgebra
passed PureSFormal.PureS.SchedulerTraceAlgebra declarations=15
replaying PureSFormal.PureS.SchedulerTraceAlgebraAudit
passed PureSFormal.PureS.SchedulerTraceAlgebraAudit declarations=0
replaying PureSFormal.PureS.Script
passed PureSFormal.PureS.Script declarations=45
replaying PureSFormal.PureS.StageRun
passed PureSFormal.PureS.StageRun declarations=12
replaying PureSFormal.PureS.Term
passed PureSFormal.PureS.Term declarations=225
replaying PureSFormal.PureS.TermEvent
passed PureSFormal.PureS.TermEvent declarations=35
replaying PureSFormal.PureS.TermEventAudit
passed PureSFormal.PureS.TermEventAudit declarations=0
replaying PureSFormal.PureS.TermEventPrimitive
passed PureSFormal.PureS.TermEventPrimitive declarations=9
replaying PureSFormal.PureS.TermEventPrimitiveAudit
passed PureSFormal.PureS.TermEventPrimitiveAudit declarations=0
replaying PureSFormal.PureS.TermGrowth
passed PureSFormal.PureS.TermGrowth declarations=31
replaying PureSFormal.PureS.TermGrowthAudit
passed PureSFormal.PureS.TermGrowthAudit declarations=0
replaying PureSFormal.PureS.TermNatCode
passed PureSFormal.PureS.TermNatCode declarations=78
replaying PureSFormal.PureS.TermNatCodeAudit
passed PureSFormal.PureS.TermNatCodeAudit declarations=0
replaying PureSFormal.Research.CarrierParserExamples
passed PureSFormal.Research.CarrierParserExamples declarations=4
replaying PureSFormal.Research.ClosedSetCertificateCompleteness
passed PureSFormal.Research.ClosedSetCertificateCompleteness declarations=54
replaying PureSFormal.Research.ClosedSetCertificateCompletenessAudit
passed PureSFormal.Research.ClosedSetCertificateCompletenessAudit declarations=0
replaying PureSFormal.Research.ClosedSetCertificateSoundness
passed PureSFormal.Research.ClosedSetCertificateSoundness declarations=87
replaying PureSFormal.Research.ClosedSetCertificateSoundnessAudit
passed PureSFormal.Research.ClosedSetCertificateSoundnessAudit declarations=0
replaying PureSFormal.Research.ClosedSetTreeAutomaton
passed PureSFormal.Research.ClosedSetTreeAutomaton declarations=94
replaying PureSFormal.Research.ClosedSetTreeAutomatonAudit
passed PureSFormal.Research.ClosedSetTreeAutomatonAudit declarations=0
replaying PureSFormal.Research.FiniteBranchBinaryCompiler
passed PureSFormal.Research.FiniteBranchBinaryCompiler declarations=159
replaying PureSFormal.Research.FiniteBranchBinaryMachineCompiler
passed PureSFormal.Research.FiniteBranchBinaryMachineCompiler declarations=185
replaying PureSFormal.Research.FiniteControllerReindexing
passed PureSFormal.Research.FiniteControllerReindexing declarations=41
replaying PureSFormal.Research.FiniteControllerReindexingAudit
passed PureSFormal.Research.FiniteControllerReindexingAudit declarations=0
replaying PureSFormal.Research.FiniteReadonlyTreeAutomaton
passed PureSFormal.Research.FiniteReadonlyTreeAutomaton declarations=7
replaying PureSFormal.Research.FiniteReadonlyTreeAutomatonAudit
passed PureSFormal.Research.FiniteReadonlyTreeAutomatonAudit declarations=0
replaying PureSFormal.Research.FiniteTreeAutomatonEnumeration
passed PureSFormal.Research.FiniteTreeAutomatonEnumeration declarations=32
replaying PureSFormal.Research.FiniteTreeAutomatonEnumerationAudit
passed PureSFormal.Research.FiniteTreeAutomatonEnumerationAudit declarations=0
replaying PureSFormal.Research.FiniteTreeAutomatonPowerset
passed PureSFormal.Research.FiniteTreeAutomatonPowerset declarations=118
replaying PureSFormal.Research.FiniteTreeAutomatonPowersetAudit
passed PureSFormal.Research.FiniteTreeAutomatonPowersetAudit declarations=0
replaying PureSFormal.Research.FiniteWorkerTreeAutomaton
passed PureSFormal.Research.FiniteWorkerTreeAutomaton declarations=9
replaying PureSFormal.Research.FiniteWorkerTreeAutomatonAudit
passed PureSFormal.Research.FiniteWorkerTreeAutomatonAudit declarations=0
replaying PureSFormal.Research.ProtectedPrefixGeneratorCalibration
passed PureSFormal.Research.ProtectedPrefixGeneratorCalibration declarations=28
replaying PureSFormal.Research.ProtectedPrefixGeneratorCalibrationAudit
passed PureSFormal.Research.ProtectedPrefixGeneratorCalibrationAudit declarations=0
replaying PureSFormal.Research.ProtectedTrieAlgebra
passed PureSFormal.Research.ProtectedTrieAlgebra declarations=40
checked 1405 declarations
