replaying PureSFormal.Research.ProtectedTrieBoundedTerminal
passed PureSFormal.Research.ProtectedTrieBoundedTerminal declarations=47
replaying PureSFormal.Research.ProtectedTrieBoundedTerminalAudit
passed PureSFormal.Research.ProtectedTrieBoundedTerminalAudit declarations=0
replaying PureSFormal.Research.ProtectedTrieBuild
passed PureSFormal.Research.ProtectedTrieBuild declarations=102
replaying PureSFormal.Research.ProtectedTrieCertificateEnumeration
passed PureSFormal.Research.ProtectedTrieCertificateEnumeration declarations=34
replaying PureSFormal.Research.ProtectedTrieCertificateEnumerationAudit
passed PureSFormal.Research.ProtectedTrieCertificateEnumerationAudit declarations=0
replaying PureSFormal.Research.ProtectedTrieCertificates
passed PureSFormal.Research.ProtectedTrieCertificates declarations=44
replaying PureSFormal.Research.ProtectedTrieConfigurationQuotient
passed PureSFormal.Research.ProtectedTrieConfigurationQuotient declarations=111
replaying PureSFormal.Research.ProtectedTrieConfluence
passed PureSFormal.Research.ProtectedTrieConfluence declarations=40
replaying PureSFormal.Research.ProtectedTrieConfluenceObstruction
passed PureSFormal.Research.ProtectedTrieConfluenceObstruction declarations=16
replaying PureSFormal.Research.ProtectedTrieConfluenceObstructionAudit
passed PureSFormal.Research.ProtectedTrieConfluenceObstructionAudit declarations=0
replaying PureSFormal.Research.ProtectedTrieCurrentTermObserverNecessity
passed PureSFormal.Research.ProtectedTrieCurrentTermObserverNecessity declarations=43
replaying PureSFormal.Research.ProtectedTrieCurrentTermObserverNecessityAudit
passed PureSFormal.Research.ProtectedTrieCurrentTermObserverNecessityAudit declarations=0
replaying PureSFormal.Research.ProtectedTrieDeterministicCompiler
passed PureSFormal.Research.ProtectedTrieDeterministicCompiler declarations=111
replaying PureSFormal.Research.ProtectedTrieEncoderSize
passed PureSFormal.Research.ProtectedTrieEncoderSize declarations=14
replaying PureSFormal.Research.ProtectedTrieEnumeration
passed PureSFormal.Research.ProtectedTrieEnumeration declarations=27
replaying PureSFormal.Research.ProtectedTrieExecutableSchedule
passed PureSFormal.Research.ProtectedTrieExecutableSchedule declarations=158
replaying PureSFormal.Research.ProtectedTrieExecutableScheduleAudit
passed PureSFormal.Research.ProtectedTrieExecutableScheduleAudit declarations=0
replaying PureSFormal.Research.ProtectedTrieExecutableScheduleFixture
passed PureSFormal.Research.ProtectedTrieExecutableScheduleFixture declarations=10
replaying PureSFormal.Research.ProtectedTrieExecutableScheduleStrong
passed PureSFormal.Research.ProtectedTrieExecutableScheduleStrong declarations=32
replaying PureSFormal.Research.ProtectedTrieExecutableScheduleStrongAudit
passed PureSFormal.Research.ProtectedTrieExecutableScheduleStrongAudit declarations=0
replaying PureSFormal.Research.ProtectedTrieFairStream
passed PureSFormal.Research.ProtectedTrieFairStream declarations=74
replaying PureSFormal.Research.ProtectedTrieFairStreamAudit
passed PureSFormal.Research.ProtectedTrieFairStreamAudit declarations=0
replaying PureSFormal.Research.ProtectedTrieFairness
passed PureSFormal.Research.ProtectedTrieFairness declarations=33
replaying PureSFormal.Research.ProtectedTrieFairnessAudit
passed PureSFormal.Research.ProtectedTrieFairnessAudit declarations=0
replaying PureSFormal.Research.ProtectedTrieFinitePrefix
passed PureSFormal.Research.ProtectedTrieFinitePrefix declarations=71
replaying PureSFormal.Research.ProtectedTrieLabelSemantics
passed PureSFormal.Research.ProtectedTrieLabelSemantics declarations=18
replaying PureSFormal.Research.ProtectedTrieLabelledObserver
passed PureSFormal.Research.ProtectedTrieLabelledObserver declarations=70
replaying PureSFormal.Research.ProtectedTrieMachine
passed PureSFormal.Research.ProtectedTrieMachine declarations=219
replaying PureSFormal.Research.ProtectedTrieMachineAgreement
passed PureSFormal.Research.ProtectedTrieMachineAgreement declarations=33
replaying PureSFormal.Research.ProtectedTrieMachineCode
passed PureSFormal.Research.ProtectedTrieMachineCode declarations=91
replaying PureSFormal.Research.ProtectedTrieMonotoneBuild
passed PureSFormal.Research.ProtectedTrieMonotoneBuild declarations=16
replaying PureSFormal.Research.ProtectedTrieObserverBoundary
passed PureSFormal.Research.ProtectedTrieObserverBoundary declarations=71
replaying PureSFormal.Research.ProtectedTrieObserverBoundaryAudit
passed PureSFormal.Research.ProtectedTrieObserverBoundaryAudit declarations=0
replaying PureSFormal.Research.ProtectedTrieObserverNecessity
passed PureSFormal.Research.ProtectedTrieObserverNecessity declarations=8
replaying PureSFormal.Research.ProtectedTrieObserverNecessityAudit
passed PureSFormal.Research.ProtectedTrieObserverNecessityAudit declarations=0
replaying PureSFormal.Research.ProtectedTrieParser
passed PureSFormal.Research.ProtectedTrieParser declarations=125
replaying PureSFormal.Research.ProtectedTriePrefixBuild
passed PureSFormal.Research.ProtectedTriePrefixBuild declarations=45
replaying PureSFormal.Research.ProtectedTrieProjection
passed PureSFormal.Research.ProtectedTrieProjection declarations=210
replaying PureSFormal.Research.ProtectedTrieSeed
passed PureSFormal.Research.ProtectedTrieSeed declarations=54
replaying PureSFormal.Research.ProtectedTrieSemanticBridgeAudit
passed PureSFormal.Research.ProtectedTrieSemanticBridgeAudit declarations=0
checked 1927 declarations
