replaying PureSFormal.Research.ProtectedTrieSimplePath
passed PureSFormal.Research.ProtectedTrieSimplePath declarations=105
replaying PureSFormal.Research.ProtectedTrieSingleOpening
passed PureSFormal.Research.ProtectedTrieSingleOpening declarations=228
replaying PureSFormal.Research.ProtectedTrieStrong
passed PureSFormal.Research.ProtectedTrieStrong declarations=66
replaying PureSFormal.Research.ProtectedTrieStrongCompleteness
passed PureSFormal.Research.ProtectedTrieStrongCompleteness declarations=70
replaying PureSFormal.Research.ProtectedTrieStrongTheorem
passed PureSFormal.Research.ProtectedTrieStrongTheorem declarations=55
replaying PureSFormal.Research.ProtectedTrieStrongTheoremAudit
passed PureSFormal.Research.ProtectedTrieStrongTheoremAudit declarations=0
replaying PureSFormal.Research.ProtectedTrieSubdivision
passed PureSFormal.Research.ProtectedTrieSubdivision declarations=510
replaying PureSFormal.Research.ProtectedTrieSubdivisionMeasure
passed PureSFormal.Research.ProtectedTrieSubdivisionMeasure declarations=40
replaying PureSFormal.Research.ProtectedTrieTableau
passed PureSFormal.Research.ProtectedTrieTableau declarations=117
replaying PureSFormal.Research.ProtectedTrieTableauExactCost
passed PureSFormal.Research.ProtectedTrieTableauExactCost declarations=327
replaying PureSFormal.Research.ProtectedTrieTableauExactCostAudit
passed PureSFormal.Research.ProtectedTrieTableauExactCostAudit declarations=0
replaying PureSFormal.Research.ProtectedTrieTableauExactResource
passed PureSFormal.Research.ProtectedTrieTableauExactResource declarations=98
replaying PureSFormal.Research.ProtectedTrieTableauExactResourceAudit
passed PureSFormal.Research.ProtectedTrieTableauExactResourceAudit declarations=0
replaying PureSFormal.Research.ProtectedTrieTableauLabel
passed PureSFormal.Research.ProtectedTrieTableauLabel declarations=56
replaying PureSFormal.Research.ProtectedTrieTableauLabelAudit
passed PureSFormal.Research.ProtectedTrieTableauLabelAudit declarations=0
replaying PureSFormal.Research.ProtectedTrieWholeObserverExactCost
passed PureSFormal.Research.ProtectedTrieWholeObserverExactCost declarations=640
replaying PureSFormal.Research.PureSContractionOccurrenceInjectivity
passed PureSFormal.Research.PureSContractionOccurrenceInjectivity declarations=14
replaying PureSFormal.Research.PureSContractionOccurrenceInjectivityAudit
passed PureSFormal.Research.PureSContractionOccurrenceInjectivityAudit declarations=0
replaying PureSFormal.Research.ResponseSelectorExamples
passed PureSFormal.Research.ResponseSelectorExamples declarations=0
replaying PureSFormal.Research.ResponseSelectorFixtures
passed PureSFormal.Research.ResponseSelectorFixtures declarations=11
replaying PureSFormal.Research.RootResetAccumulatorClassifier
passed PureSFormal.Research.RootResetAccumulatorClassifier declarations=165
replaying PureSFormal.Research.RootResetAccumulatorClassifierAudit
passed PureSFormal.Research.RootResetAccumulatorClassifierAudit declarations=0
replaying PureSFormal.Research.RootResetActivatedRouteExclusion
passed PureSFormal.Research.RootResetActivatedRouteExclusion declarations=10
replaying PureSFormal.Research.RootResetActivatedRouteExclusionAudit
passed PureSFormal.Research.RootResetActivatedRouteExclusionAudit declarations=0
replaying PureSFormal.Research.RootResetActiveBaseAgreement
passed PureSFormal.Research.RootResetActiveBaseAgreement declarations=7
replaying PureSFormal.Research.RootResetActiveCleanParentsAgreement
passed PureSFormal.Research.RootResetActiveCleanParentsAgreement declarations=17
replaying PureSFormal.Research.RootResetActiveClockEndpointAgreement
passed PureSFormal.Research.RootResetActiveClockEndpointAgreement declarations=6
replaying PureSFormal.Research.RootResetActiveClockEndpointAgreementAudit
passed PureSFormal.Research.RootResetActiveClockEndpointAgreementAudit declarations=0
replaying PureSFormal.Research.RootResetActiveEndpointExecution
passed PureSFormal.Research.RootResetActiveEndpointExecution declarations=10
replaying PureSFormal.Research.RootResetActiveEndpointExecutionAudit
passed PureSFormal.Research.RootResetActiveEndpointExecutionAudit declarations=0
replaying PureSFormal.Research.RootResetActiveEndpointProbe
passed PureSFormal.Research.RootResetActiveEndpointProbe declarations=22
replaying PureSFormal.Research.RootResetActiveEndpointProbeAudit
passed PureSFormal.Research.RootResetActiveEndpointProbeAudit declarations=0
replaying PureSFormal.Research.RootResetActiveFrameAgreement
passed PureSFormal.Research.RootResetActiveFrameAgreement declarations=7
replaying PureSFormal.Research.RootResetActiveFrameAgreementAudit
passed PureSFormal.Research.RootResetActiveFrameAgreementAudit declarations=0
replaying PureSFormal.Research.RootResetActiveFrameFrontend
passed PureSFormal.Research.RootResetActiveFrameFrontend declarations=127
replaying PureSFormal.Research.RootResetActiveFrameFrontendAudit
passed PureSFormal.Research.RootResetActiveFrameFrontendAudit declarations=0
replaying PureSFormal.Research.RootResetActiveFuelEndpointAgreement
passed PureSFormal.Research.RootResetActiveFuelEndpointAgreement declarations=17
replaying PureSFormal.Research.RootResetActiveFuelEndpointAgreementAudit
passed PureSFormal.Research.RootResetActiveFuelEndpointAgreementAudit declarations=0
replaying PureSFormal.Research.RootResetActiveMarkedFrontend
passed PureSFormal.Research.RootResetActiveMarkedFrontend declarations=158
replaying PureSFormal.Research.RootResetActiveMarkedFrontendAudit
passed PureSFormal.Research.RootResetActiveMarkedFrontendAudit declarations=0
checked 2883 declarations
