replaying PureSFormal.Research.RootResetActivePendingAgreement
passed PureSFormal.Research.RootResetActivePendingAgreement declarations=18
replaying PureSFormal.Research.RootResetActiveResponseEndpointExecution
passed PureSFormal.Research.RootResetActiveResponseEndpointExecution declarations=20
replaying PureSFormal.Research.RootResetActiveResponseEndpointExecutionAudit
passed PureSFormal.Research.RootResetActiveResponseEndpointExecutionAudit declarations=0
replaying PureSFormal.Research.RootResetAllInputsTraceAgreement
passed PureSFormal.Research.RootResetAllInputsTraceAgreement declarations=9
replaying PureSFormal.Research.RootResetAllInputsTraceAgreementAudit
passed PureSFormal.Research.RootResetAllInputsTraceAgreementAudit declarations=0
replaying PureSFormal.Research.RootResetAppenderFiniteRows
passed PureSFormal.Research.RootResetAppenderFiniteRows declarations=93
replaying PureSFormal.Research.RootResetAppenderFiniteRowsAudit
passed PureSFormal.Research.RootResetAppenderFiniteRowsAudit declarations=0
replaying PureSFormal.Research.RootResetAppenderMutationFiniteRows
passed PureSFormal.Research.RootResetAppenderMutationFiniteRows declarations=1
replaying PureSFormal.Research.RootResetAppenderMutationFiniteRowsAudit
passed PureSFormal.Research.RootResetAppenderMutationFiniteRowsAudit declarations=0
replaying PureSFormal.Research.RootResetAppenderRouteRows
passed PureSFormal.Research.RootResetAppenderRouteRows declarations=47
replaying PureSFormal.Research.RootResetAppenderRouteRowsAudit
passed PureSFormal.Research.RootResetAppenderRouteRowsAudit declarations=0
replaying PureSFormal.Research.RootResetAppenderSelectorChain
passed PureSFormal.Research.RootResetAppenderSelectorChain declarations=11
replaying PureSFormal.Research.RootResetAppenderSelectorChainAudit
passed PureSFormal.Research.RootResetAppenderSelectorChainAudit declarations=0
replaying PureSFormal.Research.RootResetAppenderStages
passed PureSFormal.Research.RootResetAppenderStages declarations=157
replaying PureSFormal.Research.RootResetAppenderStagesAudit
passed PureSFormal.Research.RootResetAppenderStagesAudit declarations=0
replaying PureSFormal.Research.RootResetBaseEndpointExecution
passed PureSFormal.Research.RootResetBaseEndpointExecution declarations=16
replaying PureSFormal.Research.RootResetBaseQueueAgreement
passed PureSFormal.Research.RootResetBaseQueueAgreement declarations=13
replaying PureSFormal.Research.RootResetBaseQueueAgreementAudit
passed PureSFormal.Research.RootResetBaseQueueAgreementAudit declarations=0
replaying PureSFormal.Research.RootResetBaseQueueProbe
passed PureSFormal.Research.RootResetBaseQueueProbe declarations=15
replaying PureSFormal.Research.RootResetBaseQueueProbeAudit
passed PureSFormal.Research.RootResetBaseQueueProbeAudit declarations=0
replaying PureSFormal.Research.RootResetBoundedDepthObstruction
passed PureSFormal.Research.RootResetBoundedDepthObstruction declarations=50
replaying PureSFormal.Research.RootResetBoundedDepthObstructionAudit
passed PureSFormal.Research.RootResetBoundedDepthObstructionAudit declarations=0
replaying PureSFormal.Research.RootResetCarrierBoundaryGrammar
passed PureSFormal.Research.RootResetCarrierBoundaryGrammar declarations=69
replaying PureSFormal.Research.RootResetCarrierBoundaryGrammarAudit
passed PureSFormal.Research.RootResetCarrierBoundaryGrammarAudit declarations=0
replaying PureSFormal.Research.RootResetCarrierChronologyPreservation
passed PureSFormal.Research.RootResetCarrierChronologyPreservation declarations=26
replaying PureSFormal.Research.RootResetCarrierChronologyPreservationAudit
passed PureSFormal.Research.RootResetCarrierChronologyPreservationAudit declarations=0
replaying PureSFormal.Research.RootResetCarrierEdgePatterns
passed PureSFormal.Research.RootResetCarrierEdgePatterns declarations=46
replaying PureSFormal.Research.RootResetCarrierEdgePatternsAudit
passed PureSFormal.Research.RootResetCarrierEdgePatternsAudit declarations=0
replaying PureSFormal.Research.RootResetCarrierHandoffStages
passed PureSFormal.Research.RootResetCarrierHandoffStages declarations=185
replaying PureSFormal.Research.RootResetCarrierHandoffStagesAudit
passed PureSFormal.Research.RootResetCarrierHandoffStagesAudit declarations=0
replaying PureSFormal.Research.RootResetCarrierImmediateLive
passed PureSFormal.Research.RootResetCarrierImmediateLive declarations=26
replaying PureSFormal.Research.RootResetCarrierImmediateLiveAudit
passed PureSFormal.Research.RootResetCarrierImmediateLiveAudit declarations=0
replaying PureSFormal.Research.RootResetCarrierInverseBoundary
passed PureSFormal.Research.RootResetCarrierInverseBoundary declarations=17
replaying PureSFormal.Research.RootResetCarrierInverseBoundaryAudit
passed PureSFormal.Research.RootResetCarrierInverseBoundaryAudit declarations=0
replaying PureSFormal.Research.RootResetCarrierInverseUnique
passed PureSFormal.Research.RootResetCarrierInverseUnique declarations=72
replaying PureSFormal.Research.RootResetCarrierInverseUniqueAudit
passed PureSFormal.Research.RootResetCarrierInverseUniqueAudit declarations=0
replaying PureSFormal.Research.RootResetCarrierNonemptyAgreement
passed PureSFormal.Research.RootResetCarrierNonemptyAgreement declarations=33
replaying PureSFormal.Research.RootResetCarrierNonemptyAgreementAudit
passed PureSFormal.Research.RootResetCarrierNonemptyAgreementAudit declarations=0
replaying PureSFormal.Research.RootResetCarrierNonemptyProbe
passed PureSFormal.Research.RootResetCarrierNonemptyProbe declarations=119
replaying PureSFormal.Research.RootResetCarrierNonemptyProbeAudit
passed PureSFormal.Research.RootResetCarrierNonemptyProbeAudit declarations=0
checked 1043 declarations
