replaying PureSFormal.Research.RootResetCarrierNonemptyRows
passed PureSFormal.Research.RootResetCarrierNonemptyRows declarations=44
replaying PureSFormal.Research.RootResetCarrierNonemptyRowsAudit
passed PureSFormal.Research.RootResetCarrierNonemptyRowsAudit declarations=0
replaying PureSFormal.Research.RootResetCarrierOldestLiveAgreement
passed PureSFormal.Research.RootResetCarrierOldestLiveAgreement declarations=38
replaying PureSFormal.Research.RootResetCarrierOldestLiveAgreementAudit
passed PureSFormal.Research.RootResetCarrierOldestLiveAgreementAudit declarations=0
replaying PureSFormal.Research.RootResetCarrierOldestLiveProbe
passed PureSFormal.Research.RootResetCarrierOldestLiveProbe declarations=103
replaying PureSFormal.Research.RootResetCarrierOldestLiveProbeAudit
passed PureSFormal.Research.RootResetCarrierOldestLiveProbeAudit declarations=0
replaying PureSFormal.Research.RootResetCarrierParityAgreement
passed PureSFormal.Research.RootResetCarrierParityAgreement declarations=37
replaying PureSFormal.Research.RootResetCarrierParityAgreementAudit
passed PureSFormal.Research.RootResetCarrierParityAgreementAudit declarations=0
replaying PureSFormal.Research.RootResetCarrierParityProbe
passed PureSFormal.Research.RootResetCarrierParityProbe declarations=90
replaying PureSFormal.Research.RootResetCarrierParityProbeAudit
passed PureSFormal.Research.RootResetCarrierParityProbeAudit declarations=0
replaying PureSFormal.Research.RootResetCarrierPhaseProbe
passed PureSFormal.Research.RootResetCarrierPhaseProbe declarations=23
replaying PureSFormal.Research.RootResetCarrierPhaseProbeAudit
passed PureSFormal.Research.RootResetCarrierPhaseProbeAudit declarations=0
replaying PureSFormal.Research.RootResetCarrierProbeLocalBound
passed PureSFormal.Research.RootResetCarrierProbeLocalBound declarations=12
replaying PureSFormal.Research.RootResetCarrierProbeLocalBoundAudit
passed PureSFormal.Research.RootResetCarrierProbeLocalBoundAudit declarations=0
replaying PureSFormal.Research.RootResetCarrierScanParentBoundary
passed PureSFormal.Research.RootResetCarrierScanParentBoundary declarations=20
replaying PureSFormal.Research.RootResetCarrierScanParentBoundaryAudit
passed PureSFormal.Research.RootResetCarrierScanParentBoundaryAudit declarations=0
replaying PureSFormal.Research.RootResetCellSpineRows
passed PureSFormal.Research.RootResetCellSpineRows declarations=16
replaying PureSFormal.Research.RootResetCertifiedStageAssembly
passed PureSFormal.Research.RootResetCertifiedStageAssembly declarations=19
replaying PureSFormal.Research.RootResetCertifiedStageAssemblyAudit
passed PureSFormal.Research.RootResetCertifiedStageAssemblyAudit declarations=0
replaying PureSFormal.Research.RootResetCleanParentPrefix
passed PureSFormal.Research.RootResetCleanParentPrefix declarations=2
replaying PureSFormal.Research.RootResetCleanParentPrefixAudit
passed PureSFormal.Research.RootResetCleanParentPrefixAudit declarations=0
replaying PureSFormal.Research.RootResetCleanTraversableParents
passed PureSFormal.Research.RootResetCleanTraversableParents declarations=10
replaying PureSFormal.Research.RootResetCleanTraversableParentsAudit
passed PureSFormal.Research.RootResetCleanTraversableParentsAudit declarations=0
replaying PureSFormal.Research.RootResetClockEulerBound
passed PureSFormal.Research.RootResetClockEulerBound declarations=62
replaying PureSFormal.Research.RootResetClockEulerBoundAudit
passed PureSFormal.Research.RootResetClockEulerBoundAudit declarations=0
replaying PureSFormal.Research.RootResetClockEulerPhaseGap
passed PureSFormal.Research.RootResetClockEulerPhaseGap declarations=12
replaying PureSFormal.Research.RootResetClockEulerPhaseGapAudit
passed PureSFormal.Research.RootResetClockEulerPhaseGapAudit declarations=0
replaying PureSFormal.Research.RootResetClockEulerSelector
PureSFormal.Research.RootResetClockEulerSelector:thmDecl PureSFormal.Research.RootResetClockEulerSelector.states_nodup: lean4lean took 2729
passed PureSFormal.Research.RootResetClockEulerSelector declarations=174
replaying PureSFormal.Research.RootResetClockEulerSelectorAudit
passed PureSFormal.Research.RootResetClockEulerSelectorAudit declarations=0
replaying PureSFormal.Research.RootResetClockFirstAxiomAudit
passed PureSFormal.Research.RootResetClockFirstAxiomAudit declarations=0
replaying PureSFormal.Research.RootResetClockFuelCanonicalGrammar
passed PureSFormal.Research.RootResetClockFuelCanonicalGrammar declarations=223
replaying PureSFormal.Research.RootResetClockFuelCanonicalGrammarAudit
passed PureSFormal.Research.RootResetClockFuelCanonicalGrammarAudit declarations=0
replaying PureSFormal.Research.RootResetClockFuelCanonicalTransitions
passed PureSFormal.Research.RootResetClockFuelCanonicalTransitions declarations=15
replaying PureSFormal.Research.RootResetClockFuelCanonicalTransitionsAudit
passed PureSFormal.Research.RootResetClockFuelCanonicalTransitionsAudit declarations=0
replaying PureSFormal.Research.RootResetClockFuelStages
passed PureSFormal.Research.RootResetClockFuelStages declarations=821
replaying PureSFormal.Research.RootResetClockFuelStagesAudit
passed PureSFormal.Research.RootResetClockFuelStagesAudit declarations=0
replaying PureSFormal.Research.RootResetClockGrowthWalker
passed PureSFormal.Research.RootResetClockGrowthWalker declarations=147
replaying PureSFormal.Research.RootResetClockGrowthWalkerAudit
passed PureSFormal.Research.RootResetClockGrowthWalkerAudit declarations=0
replaying PureSFormal.Research.RootResetClockParityTotality
passed PureSFormal.Research.RootResetClockParityTotality declarations=14
replaying PureSFormal.Research.RootResetClockParityTotalityAudit
passed PureSFormal.Research.RootResetClockParityTotalityAudit declarations=0
checked 1882 declarations
