replaying PureSFormal.Research.RootResetClockParityWalker
PureSFormal.Research.RootResetClockParityWalker:thmDecl PureSFormal.Research.RootResetClockParityWalker.mem_states: lean4lean took 1621
passed PureSFormal.Research.RootResetClockParityWalker declarations=499
replaying PureSFormal.Research.RootResetClockParityWalkerAudit
passed PureSFormal.Research.RootResetClockParityWalkerAudit declarations=0
replaying PureSFormal.Research.RootResetCompleteCarrierRows
passed PureSFormal.Research.RootResetCompleteCarrierRows declarations=24
replaying PureSFormal.Research.RootResetCompleteCarrierRowsAudit
passed PureSFormal.Research.RootResetCompleteCarrierRowsAudit declarations=0
replaying PureSFormal.Research.RootResetCompleteEmptyJob
passed PureSFormal.Research.RootResetCompleteEmptyJob declarations=6
replaying PureSFormal.Research.RootResetCompleteEmptyJobAudit
passed PureSFormal.Research.RootResetCompleteEmptyJobAudit declarations=0
replaying PureSFormal.Research.RootResetCompletedAppenderPriority
passed PureSFormal.Research.RootResetCompletedAppenderPriority declarations=20
replaying PureSFormal.Research.RootResetCompletedAppenderPriorityAudit
passed PureSFormal.Research.RootResetCompletedAppenderPriorityAudit declarations=0
replaying PureSFormal.Research.RootResetCompletedFrontPreservation
passed PureSFormal.Research.RootResetCompletedFrontPreservation declarations=8
replaying PureSFormal.Research.RootResetCompletedFrontPreservationAudit
passed PureSFormal.Research.RootResetCompletedFrontPreservationAudit declarations=0
replaying PureSFormal.Research.RootResetCompletedLocalFragment
passed PureSFormal.Research.RootResetCompletedLocalFragment declarations=52
replaying PureSFormal.Research.RootResetCompletedLocalFragmentAudit
passed PureSFormal.Research.RootResetCompletedLocalFragmentAudit declarations=0
replaying PureSFormal.Research.RootResetCompletedLocalPatterns
passed PureSFormal.Research.RootResetCompletedLocalPatterns declarations=54
replaying PureSFormal.Research.RootResetCompletedLocalPatternsAudit
passed PureSFormal.Research.RootResetCompletedLocalPatternsAudit declarations=0
replaying PureSFormal.Research.RootResetCompletedResponseAgreement
passed PureSFormal.Research.RootResetCompletedResponseAgreement declarations=16
replaying PureSFormal.Research.RootResetCompletedResponseAgreementAudit
passed PureSFormal.Research.RootResetCompletedResponseAgreementAudit declarations=0
replaying PureSFormal.Research.RootResetCompletedResponseAtoms
passed PureSFormal.Research.RootResetCompletedResponseAtoms declarations=26
replaying PureSFormal.Research.RootResetCompletedResponseProbe
passed PureSFormal.Research.RootResetCompletedResponseProbe declarations=51
replaying PureSFormal.Research.RootResetCompletedResponseProbeAudit
passed PureSFormal.Research.RootResetCompletedResponseProbeAudit declarations=0
replaying PureSFormal.Research.RootResetCompositeStageRegistry
passed PureSFormal.Research.RootResetCompositeStageRegistry declarations=311
replaying PureSFormal.Research.RootResetCompositeStageRegistryAudit
passed PureSFormal.Research.RootResetCompositeStageRegistryAudit declarations=0
replaying PureSFormal.Research.RootResetContractProjection
passed PureSFormal.Research.RootResetContractProjection declarations=13
replaying PureSFormal.Research.RootResetContractProjectionAudit
passed PureSFormal.Research.RootResetContractProjectionAudit declarations=0
replaying PureSFormal.Research.RootResetCumulativeResources
passed PureSFormal.Research.RootResetCumulativeResources declarations=15
replaying PureSFormal.Research.RootResetCumulativeResourcesAudit
passed PureSFormal.Research.RootResetCumulativeResourcesAudit declarations=0
replaying PureSFormal.Research.RootResetDecodedCarrierNonemptyAgreement
passed PureSFormal.Research.RootResetDecodedCarrierNonemptyAgreement declarations=5
replaying PureSFormal.Research.RootResetDecodedCarrierNonemptyAgreementAudit
passed PureSFormal.Research.RootResetDecodedCarrierNonemptyAgreementAudit declarations=0
replaying PureSFormal.Research.RootResetDeletedBitAgreement
passed PureSFormal.Research.RootResetDeletedBitAgreement declarations=15
replaying PureSFormal.Research.RootResetDeletedBitAgreementAudit
passed PureSFormal.Research.RootResetDeletedBitAgreementAudit declarations=0
replaying PureSFormal.Research.RootResetDeletedBitRows
passed PureSFormal.Research.RootResetDeletedBitRows declarations=30
replaying PureSFormal.Research.RootResetDeletionGadget
passed PureSFormal.Research.RootResetDeletionGadget declarations=163
replaying PureSFormal.Research.RootResetDeletionGadgetAudit
passed PureSFormal.Research.RootResetDeletionGadgetAudit declarations=0
replaying PureSFormal.Research.RootResetDispatcherLocalRows
passed PureSFormal.Research.RootResetDispatcherLocalRows declarations=11
replaying PureSFormal.Research.RootResetDispatcherLocalRowsAudit
passed PureSFormal.Research.RootResetDispatcherLocalRowsAudit declarations=0
replaying PureSFormal.Research.RootResetDispatcherNodeStages
passed PureSFormal.Research.RootResetDispatcherNodeStages declarations=145
replaying PureSFormal.Research.RootResetDispatcherNodeStagesAudit
passed PureSFormal.Research.RootResetDispatcherNodeStagesAudit declarations=0
replaying PureSFormal.Research.RootResetDispatcherSelectedHandoff
passed PureSFormal.Research.RootResetDispatcherSelectedHandoff declarations=29
replaying PureSFormal.Research.RootResetDispatcherSelectedHandoffAudit
passed PureSFormal.Research.RootResetDispatcherSelectedHandoffAudit declarations=0
replaying PureSFormal.Research.RootResetDispatcherStageRows
passed PureSFormal.Research.RootResetDispatcherStageRows declarations=56
replaying PureSFormal.Research.RootResetDispatcherStageRowsAudit
passed PureSFormal.Research.RootResetDispatcherStageRowsAudit declarations=0
checked 1549 declarations
