replaying PureSFormal.Research.RootResetEdgeFragment
passed PureSFormal.Research.RootResetEdgeFragment declarations=66
replaying PureSFormal.Research.RootResetEdgeFragmentAudit
passed PureSFormal.Research.RootResetEdgeFragmentAudit declarations=0
replaying PureSFormal.Research.RootResetEdgeSpine
passed PureSFormal.Research.RootResetEdgeSpine declarations=39
replaying PureSFormal.Research.RootResetEdgeSpineAudit
passed PureSFormal.Research.RootResetEdgeSpineAudit declarations=0
replaying PureSFormal.Research.RootResetEmptyAwareResponseAgreement
passed PureSFormal.Research.RootResetEmptyAwareResponseAgreement declarations=5
replaying PureSFormal.Research.RootResetEmptyAwareResponseProbe
passed PureSFormal.Research.RootResetEmptyAwareResponseProbe declarations=13
replaying PureSFormal.Research.RootResetEmptyContinuationChain
passed PureSFormal.Research.RootResetEmptyContinuationChain declarations=7
replaying PureSFormal.Research.RootResetEmptyContinuationChainAudit
passed PureSFormal.Research.RootResetEmptyContinuationChainAudit declarations=0
replaying PureSFormal.Research.RootResetEmptyContinuationSelector
passed PureSFormal.Research.RootResetEmptyContinuationSelector declarations=13
replaying PureSFormal.Research.RootResetEmptyContinuationSelectorAudit
passed PureSFormal.Research.RootResetEmptyContinuationSelectorAudit declarations=0
replaying PureSFormal.Research.RootResetEmptyHandoffContext
passed PureSFormal.Research.RootResetEmptyHandoffContext declarations=29
replaying PureSFormal.Research.RootResetEmptyHandoffContextAudit
passed PureSFormal.Research.RootResetEmptyHandoffContextAudit declarations=0
replaying PureSFormal.Research.RootResetEmptyJobSelectorChain
passed PureSFormal.Research.RootResetEmptyJobSelectorChain declarations=9
replaying PureSFormal.Research.RootResetEmptyJobSelectorChainAudit
passed PureSFormal.Research.RootResetEmptyJobSelectorChainAudit declarations=0
replaying PureSFormal.Research.RootResetEmptyJobsSelectorChain
passed PureSFormal.Research.RootResetEmptyJobsSelectorChain declarations=7
replaying PureSFormal.Research.RootResetEmptyJobsSelectorChainAudit
passed PureSFormal.Research.RootResetEmptyJobsSelectorChainAudit declarations=0
replaying PureSFormal.Research.RootResetEmptyOriginProbe
passed PureSFormal.Research.RootResetEmptyOriginProbe declarations=43
replaying PureSFormal.Research.RootResetEmptyParityCounterexample
passed PureSFormal.Research.RootResetEmptyParityCounterexample declarations=3
replaying PureSFormal.Research.RootResetEmptyParityCounterexampleAudit
passed PureSFormal.Research.RootResetEmptyParityCounterexampleAudit declarations=0
replaying PureSFormal.Research.RootResetEmptyPostMarkerHandoff
passed PureSFormal.Research.RootResetEmptyPostMarkerHandoff declarations=15
replaying PureSFormal.Research.RootResetEmptyPostMarkerHandoffAudit
passed PureSFormal.Research.RootResetEmptyPostMarkerHandoffAudit declarations=0
replaying PureSFormal.Research.RootResetEmptyResponseCommit
passed PureSFormal.Research.RootResetEmptyResponseCommit declarations=15
replaying PureSFormal.Research.RootResetEmptyResponseCommitAudit
passed PureSFormal.Research.RootResetEmptyResponseCommitAudit declarations=0
replaying PureSFormal.Research.RootResetEmptyResponseSelectorChain
passed PureSFormal.Research.RootResetEmptyResponseSelectorChain declarations=22
replaying PureSFormal.Research.RootResetEmptyResponseSelectorChainAudit
passed PureSFormal.Research.RootResetEmptyResponseSelectorChainAudit declarations=0
replaying PureSFormal.Research.RootResetEmptyRouteSelectorChain
passed PureSFormal.Research.RootResetEmptyRouteSelectorChain declarations=43
replaying PureSFormal.Research.RootResetEmptyRouteSelectorChainAudit
passed PureSFormal.Research.RootResetEmptyRouteSelectorChainAudit declarations=0
replaying PureSFormal.Research.RootResetEmptyStagesSelectorChain
passed PureSFormal.Research.RootResetEmptyStagesSelectorChain declarations=11
replaying PureSFormal.Research.RootResetEmptyStagesSelectorChainAudit
passed PureSFormal.Research.RootResetEmptyStagesSelectorChainAudit declarations=0
replaying PureSFormal.Research.RootResetEmptySweepSelectorChain
passed PureSFormal.Research.RootResetEmptySweepSelectorChain declarations=4
replaying PureSFormal.Research.RootResetEmptySweepSelectorChainAudit
passed PureSFormal.Research.RootResetEmptySweepSelectorChainAudit declarations=0
replaying PureSFormal.Research.RootResetEmptyTerminalResponse
passed PureSFormal.Research.RootResetEmptyTerminalResponse declarations=4
replaying PureSFormal.Research.RootResetEmptyTerminalResponseAudit
passed PureSFormal.Research.RootResetEmptyTerminalResponseAudit declarations=0
replaying PureSFormal.Research.RootResetEndpointGeneratedMisses
passed PureSFormal.Research.RootResetEndpointGeneratedMisses declarations=22
replaying PureSFormal.Research.RootResetEndpointGeneratedMissesAudit
passed PureSFormal.Research.RootResetEndpointGeneratedMissesAudit declarations=0
replaying PureSFormal.Research.RootResetEndpointPipeline
passed PureSFormal.Research.RootResetEndpointPipeline declarations=42
replaying PureSFormal.Research.RootResetEndpointPipelineAudit
passed PureSFormal.Research.RootResetEndpointPipelineAudit declarations=0
replaying PureSFormal.Research.RootResetEulerWalker
passed PureSFormal.Research.RootResetEulerWalker declarations=300
replaying PureSFormal.Research.RootResetEulerWalkerAudit
passed PureSFormal.Research.RootResetEulerWalkerAudit declarations=0
replaying PureSFormal.Research.RootResetExactTraceAgreement
passed PureSFormal.Research.RootResetExactTraceAgreement declarations=27
checked 739 declarations
