replaying PureSFormal.Research.RootResetExactTraceAgreementAudit
passed PureSFormal.Research.RootResetExactTraceAgreementAudit declarations=0
replaying PureSFormal.Research.RootResetFiniteAllInputsTraceAgreement
passed PureSFormal.Research.RootResetFiniteAllInputsTraceAgreement declarations=9
replaying PureSFormal.Research.RootResetFiniteAllInputsTraceAgreementAudit
passed PureSFormal.Research.RootResetFiniteAllInputsTraceAgreementAudit declarations=0
replaying PureSFormal.Research.RootResetFiniteBaseAgreement
passed PureSFormal.Research.RootResetFiniteBaseAgreement declarations=11
replaying PureSFormal.Research.RootResetFiniteBitConsJob
passed PureSFormal.Research.RootResetFiniteBitConsJob declarations=1
replaying PureSFormal.Research.RootResetFiniteBitConsJobAudit
passed PureSFormal.Research.RootResetFiniteBitConsJobAudit declarations=0
replaying PureSFormal.Research.RootResetFiniteClockFuelSelection
passed PureSFormal.Research.RootResetFiniteClockFuelSelection declarations=19
replaying PureSFormal.Research.RootResetFiniteClockFuelSelectionAudit
passed PureSFormal.Research.RootResetFiniteClockFuelSelectionAudit declarations=0
replaying PureSFormal.Research.RootResetFiniteCompletedBoundaries
passed PureSFormal.Research.RootResetFiniteCompletedBoundaries declarations=6
replaying PureSFormal.Research.RootResetFiniteEmptyResponseChain
passed PureSFormal.Research.RootResetFiniteEmptyResponseChain declarations=3
replaying PureSFormal.Research.RootResetFiniteEmptyResponseChainAudit
passed PureSFormal.Research.RootResetFiniteEmptyResponseChainAudit declarations=0
replaying PureSFormal.Research.RootResetFiniteEmptySweep
passed PureSFormal.Research.RootResetFiniteEmptySweep declarations=3
replaying PureSFormal.Research.RootResetFiniteEmptySweepAudit
passed PureSFormal.Research.RootResetFiniteEmptySweepAudit declarations=0
replaying PureSFormal.Research.RootResetFiniteFirstEmptyJob
passed PureSFormal.Research.RootResetFiniteFirstEmptyJob declarations=3
replaying PureSFormal.Research.RootResetFiniteFirstEmptyJobAudit
passed PureSFormal.Research.RootResetFiniteFirstEmptyJobAudit declarations=0
replaying PureSFormal.Research.RootResetFiniteFrameAgreement
passed PureSFormal.Research.RootResetFiniteFrameAgreement declarations=5
replaying PureSFormal.Research.RootResetFiniteInitialEmptyStages
passed PureSFormal.Research.RootResetFiniteInitialEmptyStages declarations=16
replaying PureSFormal.Research.RootResetFiniteInitialEmptyStagesAudit
passed PureSFormal.Research.RootResetFiniteInitialEmptyStagesAudit declarations=0
replaying PureSFormal.Research.RootResetFiniteInitialPrelude
passed PureSFormal.Research.RootResetFiniteInitialPrelude declarations=2
replaying PureSFormal.Research.RootResetFiniteInitialPreludeAudit
passed PureSFormal.Research.RootResetFiniteInitialPreludeAudit declarations=0
replaying PureSFormal.Research.RootResetFiniteJobHandoff
passed PureSFormal.Research.RootResetFiniteJobHandoff declarations=3
replaying PureSFormal.Research.RootResetFiniteJobHandoffAudit
passed PureSFormal.Research.RootResetFiniteJobHandoffAudit declarations=0
replaying PureSFormal.Research.RootResetFiniteMarkerObserver
passed PureSFormal.Research.RootResetFiniteMarkerObserver declarations=23
replaying PureSFormal.Research.RootResetFiniteMarkerObserverAudit
passed PureSFormal.Research.RootResetFiniteMarkerObserverAudit declarations=0
replaying PureSFormal.Research.RootResetFiniteMixedNonemptySweep
passed PureSFormal.Research.RootResetFiniteMixedNonemptySweep declarations=6
replaying PureSFormal.Research.RootResetFiniteMixedNonemptySweepAudit
passed PureSFormal.Research.RootResetFiniteMixedNonemptySweepAudit declarations=0
replaying PureSFormal.Research.RootResetFiniteNormalResponseChain
passed PureSFormal.Research.RootResetFiniteNormalResponseChain declarations=17
replaying PureSFormal.Research.RootResetFiniteNormalResponseChainAudit
passed PureSFormal.Research.RootResetFiniteNormalResponseChainAudit declarations=0
replaying PureSFormal.Research.RootResetFinitePriorityAgreement
passed PureSFormal.Research.RootResetFinitePriorityAgreement declarations=1
replaying PureSFormal.Research.RootResetFinitePriorityExecution
passed PureSFormal.Research.RootResetFinitePriorityExecution declarations=4
replaying PureSFormal.Research.RootResetFinitePriorityExecutionAudit
passed PureSFormal.Research.RootResetFinitePriorityExecutionAudit declarations=0
replaying PureSFormal.Research.RootResetFinitePrioritySelector
passed PureSFormal.Research.RootResetFinitePrioritySelector declarations=9
replaying PureSFormal.Research.RootResetFinitePrioritySelectorAudit
passed PureSFormal.Research.RootResetFinitePrioritySelectorAudit declarations=0
replaying PureSFormal.Research.RootResetFiniteResponseEndpointAgreement
passed PureSFormal.Research.RootResetFiniteResponseEndpointAgreement declarations=21
replaying PureSFormal.Research.RootResetFiniteResponseEndpointAgreementAudit
passed PureSFormal.Research.RootResetFiniteResponseEndpointAgreementAudit declarations=0
replaying PureSFormal.Research.RootResetFiniteStageLaws
passed PureSFormal.Research.RootResetFiniteStageLaws declarations=2
replaying PureSFormal.Research.RootResetFiniteStageLawsAudit
passed PureSFormal.Research.RootResetFiniteStageLawsAudit declarations=0
replaying PureSFormal.Research.RootResetFiniteStagePhaseSelectorChain
passed PureSFormal.Research.RootResetFiniteStagePhaseSelectorChain declarations=19
replaying PureSFormal.Research.RootResetFiniteStagePhaseSelectorChainAudit
passed PureSFormal.Research.RootResetFiniteStagePhaseSelectorChainAudit declarations=0
replaying PureSFormal.Research.RootResetFirstNormalResponseChain
passed PureSFormal.Research.RootResetFirstNormalResponseChain declarations=2
checked 185 declarations
