replaying PureSFormal.Research.RootResetFirstNormalResponseChainAudit
passed PureSFormal.Research.RootResetFirstNormalResponseChainAudit declarations=0
replaying PureSFormal.Research.RootResetFirstResponseSelectorChain
passed PureSFormal.Research.RootResetFirstResponseSelectorChain declarations=3
replaying PureSFormal.Research.RootResetFirstResponseSelectorChainAudit
passed PureSFormal.Research.RootResetFirstResponseSelectorChainAudit declarations=0
replaying PureSFormal.Research.RootResetFrameCarrierGuard
passed PureSFormal.Research.RootResetFrameCarrierGuard declarations=21
replaying PureSFormal.Research.RootResetFrameCarrierGuardAudit
passed PureSFormal.Research.RootResetFrameCarrierGuardAudit declarations=0
replaying PureSFormal.Research.RootResetFrameClockEulerAgreement
passed PureSFormal.Research.RootResetFrameClockEulerAgreement declarations=7
replaying PureSFormal.Research.RootResetFrameClockEulerAgreementAudit
passed PureSFormal.Research.RootResetFrameClockEulerAgreementAudit declarations=0
replaying PureSFormal.Research.RootResetFrameClockEulerClockAgreement
passed PureSFormal.Research.RootResetFrameClockEulerClockAgreement declarations=6
replaying PureSFormal.Research.RootResetFrameClockEulerClockAgreementAudit
passed PureSFormal.Research.RootResetFrameClockEulerClockAgreementAudit declarations=0
replaying PureSFormal.Research.RootResetFrameClockEulerLocalGap
passed PureSFormal.Research.RootResetFrameClockEulerLocalGap declarations=3
replaying PureSFormal.Research.RootResetFrameClockEulerLocalGapAudit
passed PureSFormal.Research.RootResetFrameClockEulerLocalGapAudit declarations=0
replaying PureSFormal.Research.RootResetFrameClockEulerSelector
PureSFormal.Research.RootResetFrameClockEulerSelector:thmDecl PureSFormal.Research.RootResetFrameClockEulerSelector.states_nodup: lean4lean took 5206
passed PureSFormal.Research.RootResetFrameClockEulerSelector declarations=160
replaying PureSFormal.Research.RootResetFrameClockEulerSelectorAudit
passed PureSFormal.Research.RootResetFrameClockEulerSelectorAudit declarations=0
replaying PureSFormal.Research.RootResetFrameFirstSelectorProof
passed PureSFormal.Research.RootResetFrameFirstSelectorProof declarations=53
replaying PureSFormal.Research.RootResetFrameSecondSelectorProof
passed PureSFormal.Research.RootResetFrameSecondSelectorProof declarations=124
replaying PureSFormal.Research.RootResetFrameSpineProbe
passed PureSFormal.Research.RootResetFrameSpineProbe declarations=306
replaying PureSFormal.Research.RootResetFrameSpineProbeAudit
passed PureSFormal.Research.RootResetFrameSpineProbeAudit declarations=0
replaying PureSFormal.Research.RootResetFrameSpineProbeCarriers
passed PureSFormal.Research.RootResetFrameSpineProbeCarriers declarations=8
replaying PureSFormal.Research.RootResetFrameSpineProbeCarriersAudit
passed PureSFormal.Research.RootResetFrameSpineProbeCarriersAudit declarations=0
replaying PureSFormal.Research.RootResetFrameSpineWalker
passed PureSFormal.Research.RootResetFrameSpineWalker declarations=137
replaying PureSFormal.Research.RootResetFrameSpineWalkerAudit
passed PureSFormal.Research.RootResetFrameSpineWalkerAudit declarations=0
replaying PureSFormal.Research.RootResetFreshAncestorExitAgreement
passed PureSFormal.Research.RootResetFreshAncestorExitAgreement declarations=11
replaying PureSFormal.Research.RootResetFreshAncestorProbe
passed PureSFormal.Research.RootResetFreshAncestorProbe declarations=73
replaying PureSFormal.Research.RootResetFreshAppenderSelectorChain
passed PureSFormal.Research.RootResetFreshAppenderSelectorChain declarations=15
replaying PureSFormal.Research.RootResetFreshAppenderSelectorChainAudit
passed PureSFormal.Research.RootResetFreshAppenderSelectorChainAudit declarations=0
replaying PureSFormal.Research.RootResetFreshClockSelectorChain
passed PureSFormal.Research.RootResetFreshClockSelectorChain declarations=39
replaying PureSFormal.Research.RootResetFreshClockSelectorChainAudit
passed PureSFormal.Research.RootResetFreshClockSelectorChainAudit declarations=0
replaying PureSFormal.Research.RootResetFreshFuelSelectorChain
passed PureSFormal.Research.RootResetFreshFuelSelectorChain declarations=33
replaying PureSFormal.Research.RootResetFreshFuelSelectorChainAudit
passed PureSFormal.Research.RootResetFreshFuelSelectorChainAudit declarations=0
replaying PureSFormal.Research.RootResetFreshHistoryRejection
passed PureSFormal.Research.RootResetFreshHistoryRejection declarations=12
replaying PureSFormal.Research.RootResetFreshNormalResponseChain
passed PureSFormal.Research.RootResetFreshNormalResponseChain declarations=8
replaying PureSFormal.Research.RootResetFreshNormalResponseChainAudit
passed PureSFormal.Research.RootResetFreshNormalResponseChainAudit declarations=0
replaying PureSFormal.Research.RootResetFreshResponseExecution
passed PureSFormal.Research.RootResetFreshResponseExecution declarations=4
replaying PureSFormal.Research.RootResetFreshResponseExecutionAudit
passed PureSFormal.Research.RootResetFreshResponseExecutionAudit declarations=0
replaying PureSFormal.Research.RootResetFreshResponsePass
passed PureSFormal.Research.RootResetFreshResponsePass declarations=9
replaying PureSFormal.Research.RootResetFreshResponsePassAudit
passed PureSFormal.Research.RootResetFreshResponsePassAudit declarations=0
replaying PureSFormal.Research.RootResetFreshResponseSelectorChain
passed PureSFormal.Research.RootResetFreshResponseSelectorChain declarations=9
replaying PureSFormal.Research.RootResetFreshResponseSelectorChainAudit
passed PureSFormal.Research.RootResetFreshResponseSelectorChainAudit declarations=0
replaying PureSFormal.Research.RootResetFrontBitProbe
passed PureSFormal.Research.RootResetFrontBitProbe declarations=78
replaying PureSFormal.Research.RootResetFrontBitProbeAudit
passed PureSFormal.Research.RootResetFrontBitProbeAudit declarations=0
checked 1119 declarations
