replaying PureSFormal.Research.RootResetFrontNonemptyAgreement
passed PureSFormal.Research.RootResetFrontNonemptyAgreement declarations=8
replaying PureSFormal.Research.RootResetFrontNonemptyAgreementAudit
passed PureSFormal.Research.RootResetFrontNonemptyAgreementAudit declarations=0
replaying PureSFormal.Research.RootResetFuelClockExclusion
passed PureSFormal.Research.RootResetFuelClockExclusion declarations=6
replaying PureSFormal.Research.RootResetFuelClockExclusionAudit
passed PureSFormal.Research.RootResetFuelClockExclusionAudit declarations=0
replaying PureSFormal.Research.RootResetFuelEndpointPipeline
passed PureSFormal.Research.RootResetFuelEndpointPipeline declarations=28
replaying PureSFormal.Research.RootResetFuelEndpointPipelineAudit
passed PureSFormal.Research.RootResetFuelEndpointPipelineAudit declarations=0
replaying PureSFormal.Research.RootResetFuelFiniteRows
passed PureSFormal.Research.RootResetFuelFiniteRows declarations=34
replaying PureSFormal.Research.RootResetFuelFiniteRowsAudit
passed PureSFormal.Research.RootResetFuelFiniteRowsAudit declarations=0
replaying PureSFormal.Research.RootResetFullProgressPath
passed PureSFormal.Research.RootResetFullProgressPath declarations=257
replaying PureSFormal.Research.RootResetFullProgressPathAudit
passed PureSFormal.Research.RootResetFullProgressPathAudit declarations=0
replaying PureSFormal.Research.RootResetGeneratedCarrierLabels
passed PureSFormal.Research.RootResetGeneratedCarrierLabels declarations=13
replaying PureSFormal.Research.RootResetGeneratedCarrierLabelsAudit
passed PureSFormal.Research.RootResetGeneratedCarrierLabelsAudit declarations=0
replaying PureSFormal.Research.RootResetGeneratedEmptyTraversability
passed PureSFormal.Research.RootResetGeneratedEmptyTraversability declarations=10
replaying PureSFormal.Research.RootResetGeneratedEmptyTraversabilityAudit
passed PureSFormal.Research.RootResetGeneratedEmptyTraversabilityAudit declarations=0
replaying PureSFormal.Research.RootResetGeneratedFreshResponseExecution
passed PureSFormal.Research.RootResetGeneratedFreshResponseExecution declarations=16
replaying PureSFormal.Research.RootResetGeneratedFrontParserAgreement
passed PureSFormal.Research.RootResetGeneratedFrontParserAgreement declarations=9
replaying PureSFormal.Research.RootResetGeneratedFrontParserAgreementAudit
passed PureSFormal.Research.RootResetGeneratedFrontParserAgreementAudit declarations=0
replaying PureSFormal.Research.RootResetGeneratedJobTraversability
passed PureSFormal.Research.RootResetGeneratedJobTraversability declarations=10
replaying PureSFormal.Research.RootResetGeneratedJobTraversabilityAudit
passed PureSFormal.Research.RootResetGeneratedJobTraversabilityAudit declarations=0
replaying PureSFormal.Research.RootResetGeneratedStageTraversability
passed PureSFormal.Research.RootResetGeneratedStageTraversability declarations=4
replaying PureSFormal.Research.RootResetGeneratedStageTraversabilityAudit
passed PureSFormal.Research.RootResetGeneratedStageTraversabilityAudit declarations=0
replaying PureSFormal.Research.RootResetGeneratedTraversableParents
passed PureSFormal.Research.RootResetGeneratedTraversableParents declarations=2
replaying PureSFormal.Research.RootResetGeneratedTraversableParentsAudit
passed PureSFormal.Research.RootResetGeneratedTraversableParentsAudit declarations=0
replaying PureSFormal.Research.RootResetHistoricalPriorityRejection
passed PureSFormal.Research.RootResetHistoricalPriorityRejection declarations=9
replaying PureSFormal.Research.RootResetInitialContractionPrefix
passed PureSFormal.Research.RootResetInitialContractionPrefix declarations=12
replaying PureSFormal.Research.RootResetInitialContractionPrefixAudit
passed PureSFormal.Research.RootResetInitialContractionPrefixAudit declarations=0
replaying PureSFormal.Research.RootResetInitialEmptyCommitAgreement
passed PureSFormal.Research.RootResetInitialEmptyCommitAgreement declarations=9
replaying PureSFormal.Research.RootResetInitialEmptyCommitAgreementAudit
passed PureSFormal.Research.RootResetInitialEmptyCommitAgreementAudit declarations=0
replaying PureSFormal.Research.RootResetInitialEmptySweep
passed PureSFormal.Research.RootResetInitialEmptySweep declarations=8
replaying PureSFormal.Research.RootResetInitialEmptySweepAudit
passed PureSFormal.Research.RootResetInitialEmptySweepAudit declarations=0
replaying PureSFormal.Research.RootResetInverseEdgeFragment
passed PureSFormal.Research.RootResetInverseEdgeFragment declarations=58
replaying PureSFormal.Research.RootResetInverseEdgeFragmentAudit
passed PureSFormal.Research.RootResetInverseEdgeFragmentAudit declarations=0
replaying PureSFormal.Research.RootResetInverseEdgeSpine
passed PureSFormal.Research.RootResetInverseEdgeSpine declarations=82
replaying PureSFormal.Research.RootResetInverseEdgeSpineAudit
passed PureSFormal.Research.RootResetInverseEdgeSpineAudit declarations=0
replaying PureSFormal.Research.RootResetLabelledEdgeProbe
passed PureSFormal.Research.RootResetLabelledEdgeProbe declarations=81
replaying PureSFormal.Research.RootResetLabelledPatternFragment
passed PureSFormal.Research.RootResetLabelledPatternFragment declarations=118
replaying PureSFormal.Research.RootResetLabelledPatternFragmentAudit
passed PureSFormal.Research.RootResetLabelledPatternFragmentAudit declarations=0
replaying PureSFormal.Research.RootResetLocalContinuationFragment
passed PureSFormal.Research.RootResetLocalContinuationFragment declarations=48
replaying PureSFormal.Research.RootResetLocalContinuationFragmentAudit
passed PureSFormal.Research.RootResetLocalContinuationFragmentAudit declarations=0
replaying PureSFormal.Research.RootResetLocalDispatcherProbe
passed PureSFormal.Research.RootResetLocalDispatcherProbe declarations=160
checked 982 declarations
