replaying PureSFormal.Research.RootResetLocalDispatcherProbeAudit
passed PureSFormal.Research.RootResetLocalDispatcherProbeAudit declarations=0
replaying PureSFormal.Research.RootResetMarkedAncestorProbe
passed PureSFormal.Research.RootResetMarkedAncestorProbe declarations=73
replaying PureSFormal.Research.RootResetMarkedCandidateProbe
passed PureSFormal.Research.RootResetMarkedCandidateProbe declarations=22
replaying PureSFormal.Research.RootResetMarkedClockSelectorChain
passed PureSFormal.Research.RootResetMarkedClockSelectorChain declarations=18
replaying PureSFormal.Research.RootResetMarkedClockSelectorChainAudit
passed PureSFormal.Research.RootResetMarkedClockSelectorChainAudit declarations=0
replaying PureSFormal.Research.RootResetMarkedContinuationSpine
passed PureSFormal.Research.RootResetMarkedContinuationSpine declarations=40
replaying PureSFormal.Research.RootResetMarkedContinuationSpineAudit
passed PureSFormal.Research.RootResetMarkedContinuationSpineAudit declarations=0
replaying PureSFormal.Research.RootResetMarkedEmptyCommitAgreement
passed PureSFormal.Research.RootResetMarkedEmptyCommitAgreement declarations=4
replaying PureSFormal.Research.RootResetMarkedFrameSelectorProof
passed PureSFormal.Research.RootResetMarkedFrameSelectorProof declarations=24
replaying PureSFormal.Research.RootResetMarkedFrameSelectorProofAudit
passed PureSFormal.Research.RootResetMarkedFrameSelectorProofAudit declarations=0
replaying PureSFormal.Research.RootResetMarkedFuelSelectorChain
passed PureSFormal.Research.RootResetMarkedFuelSelectorChain declarations=13
replaying PureSFormal.Research.RootResetMarkedFuelSelectorChainAudit
passed PureSFormal.Research.RootResetMarkedFuelSelectorChainAudit declarations=0
replaying PureSFormal.Research.RootResetMarkedHandoffAgreement
passed PureSFormal.Research.RootResetMarkedHandoffAgreement declarations=14
replaying PureSFormal.Research.RootResetMarkedHandoffPass
passed PureSFormal.Research.RootResetMarkedHandoffPass declarations=15
replaying PureSFormal.Research.RootResetMarkerObserverDecidableEq
passed PureSFormal.Research.RootResetMarkerObserverDecidableEq declarations=665
replaying PureSFormal.Research.RootResetMarkerObserverDecidableEqAudit
passed PureSFormal.Research.RootResetMarkerObserverDecidableEqAudit declarations=0
replaying PureSFormal.Research.RootResetMarkerObserverSoundness
passed PureSFormal.Research.RootResetMarkerObserverSoundness declarations=5
replaying PureSFormal.Research.RootResetMarkerObserverSoundnessAudit
passed PureSFormal.Research.RootResetMarkerObserverSoundnessAudit declarations=0
replaying PureSFormal.Research.RootResetMarkerPhysicalSoundness
passed PureSFormal.Research.RootResetMarkerPhysicalSoundness declarations=3
replaying PureSFormal.Research.RootResetMarkerPhysicalSoundnessAudit
passed PureSFormal.Research.RootResetMarkerPhysicalSoundnessAudit declarations=0
replaying PureSFormal.Research.RootResetMarkerTrajectoryCompleteness
passed PureSFormal.Research.RootResetMarkerTrajectoryCompleteness declarations=15
replaying PureSFormal.Research.RootResetMarkerTrajectoryCompletenessAudit
passed PureSFormal.Research.RootResetMarkerTrajectoryCompletenessAudit declarations=0
replaying PureSFormal.Research.RootResetMarkerTreeAutomaton
passed PureSFormal.Research.RootResetMarkerTreeAutomaton declarations=5
replaying PureSFormal.Research.RootResetMarkerTreeAutomatonAudit
passed PureSFormal.Research.RootResetMarkerTreeAutomatonAudit declarations=0
replaying PureSFormal.Research.RootResetMixedBitConsJob
passed PureSFormal.Research.RootResetMixedBitConsJob declarations=1
replaying PureSFormal.Research.RootResetMixedBitConsJobAudit
passed PureSFormal.Research.RootResetMixedBitConsJobAudit declarations=0
replaying PureSFormal.Research.RootResetMixedClockFuelSelectorChain
passed PureSFormal.Research.RootResetMixedClockFuelSelectorChain declarations=5
replaying PureSFormal.Research.RootResetMixedClockFuelSelectorChainAudit
passed PureSFormal.Research.RootResetMixedClockFuelSelectorChainAudit declarations=0
replaying PureSFormal.Research.RootResetMixedCompletedFrontHandoff
passed PureSFormal.Research.RootResetMixedCompletedFrontHandoff declarations=21
replaying PureSFormal.Research.RootResetMixedCompletedFrontHandoffAudit
passed PureSFormal.Research.RootResetMixedCompletedFrontHandoffAudit declarations=0
replaying PureSFormal.Research.RootResetMixedContinuationSpine
passed PureSFormal.Research.RootResetMixedContinuationSpine declarations=32
replaying PureSFormal.Research.RootResetMixedContinuationSpineAudit
passed PureSFormal.Research.RootResetMixedContinuationSpineAudit declarations=0
replaying PureSFormal.Research.RootResetMixedEmptyCommit
passed PureSFormal.Research.RootResetMixedEmptyCommit declarations=10
replaying PureSFormal.Research.RootResetMixedEmptyCommitAudit
passed PureSFormal.Research.RootResetMixedEmptyCommitAudit declarations=0
replaying PureSFormal.Research.RootResetMixedEmptyResponseChain
passed PureSFormal.Research.RootResetMixedEmptyResponseChain declarations=3
replaying PureSFormal.Research.RootResetMixedEmptyResponseChainAudit
passed PureSFormal.Research.RootResetMixedEmptyResponseChainAudit declarations=0
replaying PureSFormal.Research.RootResetMixedEmptySweep
passed PureSFormal.Research.RootResetMixedEmptySweep declarations=10
replaying PureSFormal.Research.RootResetMixedEmptySweepAudit
passed PureSFormal.Research.RootResetMixedEmptySweepAudit declarations=0
replaying PureSFormal.Research.RootResetMixedFirstEmptyJob
passed PureSFormal.Research.RootResetMixedFirstEmptyJob declarations=5
replaying PureSFormal.Research.RootResetMixedFirstEmptyJobAudit
passed PureSFormal.Research.RootResetMixedFirstEmptyJobAudit declarations=0
checked 1003 declarations
