replaying PureSFormal.Research.RootResetMixedFirstEmptyStages
passed PureSFormal.Research.RootResetMixedFirstEmptyStages declarations=6
replaying PureSFormal.Research.RootResetMixedFirstEmptyStagesAudit
passed PureSFormal.Research.RootResetMixedFirstEmptyStagesAudit declarations=0
replaying PureSFormal.Research.RootResetMixedFrameProbe
passed PureSFormal.Research.RootResetMixedFrameProbe declarations=60
replaying PureSFormal.Research.RootResetMixedFrameProbeAudit
passed PureSFormal.Research.RootResetMixedFrameProbeAudit declarations=0
replaying PureSFormal.Research.RootResetMixedJobHandoff
passed PureSFormal.Research.RootResetMixedJobHandoff declarations=8
replaying PureSFormal.Research.RootResetMixedJobHandoffAudit
passed PureSFormal.Research.RootResetMixedJobHandoffAudit declarations=0
replaying PureSFormal.Research.RootResetMixedLocalAmortized
passed PureSFormal.Research.RootResetMixedLocalAmortized declarations=9
replaying PureSFormal.Research.RootResetMixedLocalAmortizedAudit
passed PureSFormal.Research.RootResetMixedLocalAmortizedAudit declarations=0
replaying PureSFormal.Research.RootResetMixedLocalFragment
passed PureSFormal.Research.RootResetMixedLocalFragment declarations=101
replaying PureSFormal.Research.RootResetMixedLocalFragmentAudit
passed PureSFormal.Research.RootResetMixedLocalFragmentAudit declarations=0
replaying PureSFormal.Research.RootResetMixedMarkedHandoff
passed PureSFormal.Research.RootResetMixedMarkedHandoff declarations=4
replaying PureSFormal.Research.RootResetMixedMarkedHandoffAudit
passed PureSFormal.Research.RootResetMixedMarkedHandoffAudit declarations=0
replaying PureSFormal.Research.RootResetMixedNonemptyStages
passed PureSFormal.Research.RootResetMixedNonemptyStages declarations=5
replaying PureSFormal.Research.RootResetMixedNonemptyStagesAudit
passed PureSFormal.Research.RootResetMixedNonemptyStagesAudit declarations=0
replaying PureSFormal.Research.RootResetMixedNonemptySweep
passed PureSFormal.Research.RootResetMixedNonemptySweep declarations=11
replaying PureSFormal.Research.RootResetMixedNonemptySweepAudit
passed PureSFormal.Research.RootResetMixedNonemptySweepAudit declarations=0
replaying PureSFormal.Research.RootResetMixedNormalResponseChain
passed PureSFormal.Research.RootResetMixedNormalResponseChain declarations=20
replaying PureSFormal.Research.RootResetMixedNormalResponseChainAudit
passed PureSFormal.Research.RootResetMixedNormalResponseChainAudit declarations=0
replaying PureSFormal.Research.RootResetMixedResponseContext
passed PureSFormal.Research.RootResetMixedResponseContext declarations=18
replaying PureSFormal.Research.RootResetMixedResponseContextAudit
passed PureSFormal.Research.RootResetMixedResponseContextAudit declarations=0
replaying PureSFormal.Research.RootResetMixedStagePhaseSelectorChain
passed PureSFormal.Research.RootResetMixedStagePhaseSelectorChain declarations=20
replaying PureSFormal.Research.RootResetMixedStagePhaseSelectorChainAudit
passed PureSFormal.Research.RootResetMixedStagePhaseSelectorChainAudit declarations=0
replaying PureSFormal.Research.RootResetNestedClockCoreProbe
passed PureSFormal.Research.RootResetNestedClockCoreProbe declarations=76
replaying PureSFormal.Research.RootResetNestedClockCoreProbeAudit
passed PureSFormal.Research.RootResetNestedClockCoreProbeAudit declarations=0
replaying PureSFormal.Research.RootResetNestedClockFirstPass
passed PureSFormal.Research.RootResetNestedClockFirstPass declarations=111
replaying PureSFormal.Research.RootResetNestedClockFirstPassAudit
passed PureSFormal.Research.RootResetNestedClockFirstPassAudit declarations=0
replaying PureSFormal.Research.RootResetNestedClockGrowthAgreement
passed PureSFormal.Research.RootResetNestedClockGrowthAgreement declarations=9
replaying PureSFormal.Research.RootResetNestedClockGrowthAgreementAudit
passed PureSFormal.Research.RootResetNestedClockGrowthAgreementAudit declarations=0
replaying PureSFormal.Research.RootResetNestedClockGrowthProbe
passed PureSFormal.Research.RootResetNestedClockGrowthProbe declarations=64
replaying PureSFormal.Research.RootResetNestedClockGrowthProbeAudit
passed PureSFormal.Research.RootResetNestedClockGrowthProbeAudit declarations=0
replaying PureSFormal.Research.RootResetNestedClockPatterns
passed PureSFormal.Research.RootResetNestedClockPatterns declarations=19
replaying PureSFormal.Research.RootResetNestedClockPatternsAudit
passed PureSFormal.Research.RootResetNestedClockPatternsAudit declarations=0
replaying PureSFormal.Research.RootResetNestedClockProbe
passed PureSFormal.Research.RootResetNestedClockProbe declarations=110
replaying PureSFormal.Research.RootResetNestedClockProbeAgreement
passed PureSFormal.Research.RootResetNestedClockProbeAgreement declarations=6
replaying PureSFormal.Research.RootResetNestedClockProbeAgreementAudit
passed PureSFormal.Research.RootResetNestedClockProbeAgreementAudit declarations=0
replaying PureSFormal.Research.RootResetNestedClockProbeAudit
passed PureSFormal.Research.RootResetNestedClockProbeAudit declarations=0
replaying PureSFormal.Research.RootResetNestedClockSecondPass
passed PureSFormal.Research.RootResetNestedClockSecondPass declarations=107
replaying PureSFormal.Research.RootResetNestedClockSecondPassAudit
passed PureSFormal.Research.RootResetNestedClockSecondPassAudit declarations=0
replaying PureSFormal.Research.RootResetNestedFrameAgreement
passed PureSFormal.Research.RootResetNestedFrameAgreement declarations=16
replaying PureSFormal.Research.RootResetNestedFrameAgreementAudit
passed PureSFormal.Research.RootResetNestedFrameAgreementAudit declarations=0
checked 780 declarations
