replaying PureSFormal.Research.RootResetNestedFrameClockAgreement
passed PureSFormal.Research.RootResetNestedFrameClockAgreement declarations=8
replaying PureSFormal.Research.RootResetNestedFrameClockAgreementAudit
passed PureSFormal.Research.RootResetNestedFrameClockAgreementAudit declarations=0
replaying PureSFormal.Research.RootResetNestedFrameClockProbe
passed PureSFormal.Research.RootResetNestedFrameClockProbe declarations=80
replaying PureSFormal.Research.RootResetNestedFrameClockProbeAudit
passed PureSFormal.Research.RootResetNestedFrameClockProbeAudit declarations=0
replaying PureSFormal.Research.RootResetNestedFrameCost
passed PureSFormal.Research.RootResetNestedFrameCost declarations=12
replaying PureSFormal.Research.RootResetNestedFrameCostAudit
passed PureSFormal.Research.RootResetNestedFrameCostAudit declarations=0
replaying PureSFormal.Research.RootResetNestedFramePatterns
passed PureSFormal.Research.RootResetNestedFramePatterns declarations=27
replaying PureSFormal.Research.RootResetNestedFramePatternsAudit
passed PureSFormal.Research.RootResetNestedFramePatternsAudit declarations=0
replaying PureSFormal.Research.RootResetNestedFrameProbe
passed PureSFormal.Research.RootResetNestedFrameProbe declarations=75
replaying PureSFormal.Research.RootResetNestedFrameProbeAudit
passed PureSFormal.Research.RootResetNestedFrameProbeAudit declarations=0
replaying PureSFormal.Research.RootResetNestedUnaryParity
passed PureSFormal.Research.RootResetNestedUnaryParity declarations=98
replaying PureSFormal.Research.RootResetNestedUnaryParityAudit
passed PureSFormal.Research.RootResetNestedUnaryParityAudit declarations=0
replaying PureSFormal.Research.RootResetNestedUnaryScan
passed PureSFormal.Research.RootResetNestedUnaryScan declarations=54
replaying PureSFormal.Research.RootResetNestedUnaryScanAudit
passed PureSFormal.Research.RootResetNestedUnaryScanAudit declarations=0
replaying PureSFormal.Research.RootResetNonemptyAppenderSelector
passed PureSFormal.Research.RootResetNonemptyAppenderSelector declarations=23
replaying PureSFormal.Research.RootResetNonemptyAppenderSelectorAudit
passed PureSFormal.Research.RootResetNonemptyAppenderSelectorAudit declarations=0
replaying PureSFormal.Research.RootResetNormalCarrierEmptyExclusion
passed PureSFormal.Research.RootResetNormalCarrierEmptyExclusion declarations=11
replaying PureSFormal.Research.RootResetNormalCarrierEmptyExclusionAudit
passed PureSFormal.Research.RootResetNormalCarrierEmptyExclusionAudit declarations=0
replaying PureSFormal.Research.RootResetNormalResponseBodyChain
passed PureSFormal.Research.RootResetNormalResponseBodyChain declarations=19
replaying PureSFormal.Research.RootResetNormalResponseBodyChainAudit
passed PureSFormal.Research.RootResetNormalResponseBodyChainAudit declarations=0
replaying PureSFormal.Research.RootResetNormalResponseContextChain
passed PureSFormal.Research.RootResetNormalResponseContextChain declarations=3
replaying PureSFormal.Research.RootResetNormalResponseContextChainAudit
passed PureSFormal.Research.RootResetNormalResponseContextChainAudit declarations=0
replaying PureSFormal.Research.RootResetNormalResponseSelectorChain
passed PureSFormal.Research.RootResetNormalResponseSelectorChain declarations=2
replaying PureSFormal.Research.RootResetNormalResponseSelectorChainAudit
passed PureSFormal.Research.RootResetNormalResponseSelectorChainAudit declarations=0
replaying PureSFormal.Research.RootResetOrderedCarrier
passed PureSFormal.Research.RootResetOrderedCarrier declarations=45
replaying PureSFormal.Research.RootResetOrderedCarrierAudit
passed PureSFormal.Research.RootResetOrderedCarrierAudit declarations=0
replaying PureSFormal.Research.RootResetParametricFirstEmptyStages
passed PureSFormal.Research.RootResetParametricFirstEmptyStages declarations=6
replaying PureSFormal.Research.RootResetParametricNonemptyStages
passed PureSFormal.Research.RootResetParametricNonemptyStages declarations=5
replaying PureSFormal.Research.RootResetParametricNonemptyTraceAgreement
passed PureSFormal.Research.RootResetParametricNonemptyTraceAgreement declarations=3
replaying PureSFormal.Research.RootResetParametricNonemptyTraceAgreementAudit
passed PureSFormal.Research.RootResetParametricNonemptyTraceAgreementAudit declarations=0
replaying PureSFormal.Research.RootResetPatternFragment
passed PureSFormal.Research.RootResetPatternFragment declarations=84
replaying PureSFormal.Research.RootResetPatternFragmentAudit
passed PureSFormal.Research.RootResetPatternFragmentAudit declarations=0
replaying PureSFormal.Research.RootResetPendingAdmissionCarrierRejection
passed PureSFormal.Research.RootResetPendingAdmissionCarrierRejection declarations=9
replaying PureSFormal.Research.RootResetPendingAdmissionCarrierRejectionAudit
passed PureSFormal.Research.RootResetPendingAdmissionCarrierRejectionAudit declarations=0
replaying PureSFormal.Research.RootResetPendingAdmissionFragment
passed PureSFormal.Research.RootResetPendingAdmissionFragment declarations=51
replaying PureSFormal.Research.RootResetPendingAdmissionFragmentAudit
passed PureSFormal.Research.RootResetPendingAdmissionFragmentAudit declarations=0
replaying PureSFormal.Research.RootResetPendingAdmissionFrameBridge
passed PureSFormal.Research.RootResetPendingAdmissionFrameBridge declarations=4
replaying PureSFormal.Research.RootResetPendingAdmissionFrameBridgeAudit
passed PureSFormal.Research.RootResetPendingAdmissionFrameBridgeAudit declarations=0
replaying PureSFormal.Research.RootResetPendingAdmissionFuelPatterns
passed PureSFormal.Research.RootResetPendingAdmissionFuelPatterns declarations=53
replaying PureSFormal.Research.RootResetPendingAdmissionFuelPatternsAudit
passed PureSFormal.Research.RootResetPendingAdmissionFuelPatternsAudit declarations=0
checked 672 declarations
