replaying PureSFormal.Research.RootResetPendingAdmissionInterleaved
passed PureSFormal.Research.RootResetPendingAdmissionInterleaved declarations=117
replaying PureSFormal.Research.RootResetPendingAdmissionInterleavedAudit
passed PureSFormal.Research.RootResetPendingAdmissionInterleavedAudit declarations=0
replaying PureSFormal.Research.RootResetPendingAdmissionPatterns
passed PureSFormal.Research.RootResetPendingAdmissionPatterns declarations=28
replaying PureSFormal.Research.RootResetPendingAdmissionPatternsAudit
passed PureSFormal.Research.RootResetPendingAdmissionPatternsAudit declarations=0
replaying PureSFormal.Research.RootResetPendingAdmissionSegment
passed PureSFormal.Research.RootResetPendingAdmissionSegment declarations=28
replaying PureSFormal.Research.RootResetPendingAdmissionSegmentAudit
passed PureSFormal.Research.RootResetPendingAdmissionSegmentAudit declarations=0
replaying PureSFormal.Research.RootResetPendingAncestorProbe
passed PureSFormal.Research.RootResetPendingAncestorProbe declarations=83
replaying PureSFormal.Research.RootResetPendingBaseProbe
passed PureSFormal.Research.RootResetPendingBaseProbe declarations=74
replaying PureSFormal.Research.RootResetPendingCompletedResponse
passed PureSFormal.Research.RootResetPendingCompletedResponse declarations=16
replaying PureSFormal.Research.RootResetPendingCompletedResponseAudit
passed PureSFormal.Research.RootResetPendingCompletedResponseAudit declarations=0
replaying PureSFormal.Research.RootResetPendingDeletedResponse
passed PureSFormal.Research.RootResetPendingDeletedResponse declarations=19
replaying PureSFormal.Research.RootResetPendingDeletedResponseAudit
passed PureSFormal.Research.RootResetPendingDeletedResponseAudit declarations=0
replaying PureSFormal.Research.RootResetPendingParentProbe
passed PureSFormal.Research.RootResetPendingParentProbe declarations=72
replaying PureSFormal.Research.RootResetPendingResponseContext
passed PureSFormal.Research.RootResetPendingResponseContext declarations=17
replaying PureSFormal.Research.RootResetPendingResponseContextAudit
passed PureSFormal.Research.RootResetPendingResponseContextAudit declarations=0
replaying PureSFormal.Research.RootResetPendingResponseFrontHandoff
passed PureSFormal.Research.RootResetPendingResponseFrontHandoff declarations=6
replaying PureSFormal.Research.RootResetPendingResponseFrontHandoffAudit
passed PureSFormal.Research.RootResetPendingResponseFrontHandoffAudit declarations=0
replaying PureSFormal.Research.RootResetPersistentCarrierTraversalAgreement
passed PureSFormal.Research.RootResetPersistentCarrierTraversalAgreement declarations=28
replaying PureSFormal.Research.RootResetPersistentCarrierTraversalAgreementAudit
passed PureSFormal.Research.RootResetPersistentCarrierTraversalAgreementAudit declarations=0
replaying PureSFormal.Research.RootResetPersistentClockFuelAgreement
passed PureSFormal.Research.RootResetPersistentClockFuelAgreement declarations=229
replaying PureSFormal.Research.RootResetPersistentClockFuelAgreementAudit
passed PureSFormal.Research.RootResetPersistentClockFuelAgreementAudit declarations=0
replaying PureSFormal.Research.RootResetPersistentFuelCarrier
passed PureSFormal.Research.RootResetPersistentFuelCarrier declarations=200
replaying PureSFormal.Research.RootResetPersistentFuelCarrierAudit
passed PureSFormal.Research.RootResetPersistentFuelCarrierAudit declarations=0
replaying PureSFormal.Research.RootResetPersistentInitialBridge
passed PureSFormal.Research.RootResetPersistentInitialBridge declarations=56
replaying PureSFormal.Research.RootResetPersistentInitialBridgeAudit
passed PureSFormal.Research.RootResetPersistentInitialBridgeAudit declarations=0
replaying PureSFormal.Research.RootResetPersistentResponseSelector
passed PureSFormal.Research.RootResetPersistentResponseSelector declarations=228
replaying PureSFormal.Research.RootResetPersistentResponseSelectorAudit
passed PureSFormal.Research.RootResetPersistentResponseSelectorAudit declarations=0
replaying PureSFormal.Research.RootResetPersistentRouteA
passed PureSFormal.Research.RootResetPersistentRouteA declarations=215
replaying PureSFormal.Research.RootResetPersistentRouteAAudit
passed PureSFormal.Research.RootResetPersistentRouteAAudit declarations=0
replaying PureSFormal.Research.RootResetPersistentRouteAFuel
passed PureSFormal.Research.RootResetPersistentRouteAFuel declarations=100
replaying PureSFormal.Research.RootResetPersistentRouteAFuelAudit
passed PureSFormal.Research.RootResetPersistentRouteAFuelAudit declarations=0
replaying PureSFormal.Research.RootResetPersistentRouteAFuelSchedulerBridge
passed PureSFormal.Research.RootResetPersistentRouteAFuelSchedulerBridge declarations=30
replaying PureSFormal.Research.RootResetPersistentRouteAFuelSchedulerBridgeAudit
passed PureSFormal.Research.RootResetPersistentRouteAFuelSchedulerBridgeAudit declarations=0
replaying PureSFormal.Research.RootResetPersistentSelectedAddressBridge
passed PureSFormal.Research.RootResetPersistentSelectedAddressBridge declarations=19
replaying PureSFormal.Research.RootResetPersistentSelectedAddressBridgeAudit
passed PureSFormal.Research.RootResetPersistentSelectedAddressBridgeAudit declarations=0
replaying PureSFormal.Research.RootResetPersistentSelector
passed PureSFormal.Research.RootResetPersistentSelector declarations=7
replaying PureSFormal.Research.RootResetPersistentSelectorAudit
passed PureSFormal.Research.RootResetPersistentSelectorAudit declarations=0
replaying PureSFormal.Research.RootResetPhasePriorityClear
passed PureSFormal.Research.RootResetPhasePriorityClear declarations=12
replaying PureSFormal.Research.RootResetPhasePriorityClearAudit
passed PureSFormal.Research.RootResetPhasePriorityClearAudit declarations=0
replaying PureSFormal.Research.RootResetPriorityReplay
passed PureSFormal.Research.RootResetPriorityReplay declarations=12
checked 1596 declarations
