replaying PureSFormal.Research.RootResetPriorityReplayAudit
passed PureSFormal.Research.RootResetPriorityReplayAudit declarations=0
replaying PureSFormal.Research.RootResetProbeBranch
passed PureSFormal.Research.RootResetProbeBranch declarations=72
replaying PureSFormal.Research.RootResetProbeSequence
passed PureSFormal.Research.RootResetProbeSequence declarations=91
replaying PureSFormal.Research.RootResetProbeSequenceAudit
passed PureSFormal.Research.RootResetProbeSequenceAudit declarations=0
replaying PureSFormal.Research.RootResetProgressClockFuel
passed PureSFormal.Research.RootResetProgressClockFuel declarations=205
replaying PureSFormal.Research.RootResetProgressClockFuelAudit
passed PureSFormal.Research.RootResetProgressClockFuelAudit declarations=0
replaying PureSFormal.Research.RootResetProgressCompleteness
passed PureSFormal.Research.RootResetProgressCompleteness declarations=53
replaying PureSFormal.Research.RootResetProgressCompletenessAudit
passed PureSFormal.Research.RootResetProgressCompletenessAudit declarations=0
replaying PureSFormal.Research.RootResetProgressEulerContract
passed PureSFormal.Research.RootResetProgressEulerContract declarations=97
replaying PureSFormal.Research.RootResetProgressEulerContractAudit
passed PureSFormal.Research.RootResetProgressEulerContractAudit declarations=0
replaying PureSFormal.Research.RootResetProgressEulerSelector
passed PureSFormal.Research.RootResetProgressEulerSelector declarations=253
replaying PureSFormal.Research.RootResetProgressEulerSelectorAudit
passed PureSFormal.Research.RootResetProgressEulerSelectorAudit declarations=0
replaying PureSFormal.Research.RootResetProgressEulerTotality
passed PureSFormal.Research.RootResetProgressEulerTotality declarations=29
replaying PureSFormal.Research.RootResetProgressEulerTotalityAudit
passed PureSFormal.Research.RootResetProgressEulerTotalityAudit declarations=0
replaying PureSFormal.Research.RootResetProgressLocalParser
passed PureSFormal.Research.RootResetProgressLocalParser declarations=91
replaying PureSFormal.Research.RootResetProgressLocalParserAudit
passed PureSFormal.Research.RootResetProgressLocalParserAudit declarations=0
replaying PureSFormal.Research.RootResetProgressOuterSpine
passed PureSFormal.Research.RootResetProgressOuterSpine declarations=295
replaying PureSFormal.Research.RootResetProgressOuterSpineAudit
passed PureSFormal.Research.RootResetProgressOuterSpineAudit declarations=0
replaying PureSFormal.Research.RootResetProgressProgramCode
passed PureSFormal.Research.RootResetProgressProgramCode declarations=100
replaying PureSFormal.Research.RootResetProgressResponse
passed PureSFormal.Research.RootResetProgressResponse declarations=26
replaying PureSFormal.Research.RootResetProgressResponseAudit
passed PureSFormal.Research.RootResetProgressResponseAudit declarations=0
replaying PureSFormal.Research.RootResetProgressRoles
passed PureSFormal.Research.RootResetProgressRoles declarations=106
replaying PureSFormal.Research.RootResetProgressSpine
passed PureSFormal.Research.RootResetProgressSpine declarations=97
replaying PureSFormal.Research.RootResetProgressTotality
passed PureSFormal.Research.RootResetProgressTotality declarations=24
replaying PureSFormal.Research.RootResetProgressTotalityAudit
passed PureSFormal.Research.RootResetProgressTotalityAudit declarations=0
replaying PureSFormal.Research.RootResetProgressTransactionClassifier
passed PureSFormal.Research.RootResetProgressTransactionClassifier declarations=175
replaying PureSFormal.Research.RootResetProgressTransactionClassifierAudit
passed PureSFormal.Research.RootResetProgressTransactionClassifierAudit declarations=0
replaying PureSFormal.Research.RootResetProgressTransactionPreservation
passed PureSFormal.Research.RootResetProgressTransactionPreservation declarations=82
replaying PureSFormal.Research.RootResetProgressWalker
passed PureSFormal.Research.RootResetProgressWalker declarations=103
replaying PureSFormal.Research.RootResetProgressWalkerAudit
passed PureSFormal.Research.RootResetProgressWalkerAudit declarations=0
replaying PureSFormal.Research.RootResetReachableActiveContext
passed PureSFormal.Research.RootResetReachableActiveContext declarations=105
replaying PureSFormal.Research.RootResetReachableActiveContextAudit
passed PureSFormal.Research.RootResetReachableActiveContextAudit declarations=0
replaying PureSFormal.Research.RootResetReachableStageGrammar
passed PureSFormal.Research.RootResetReachableStageGrammar declarations=304
replaying PureSFormal.Research.RootResetReachableStageGrammarAudit
passed PureSFormal.Research.RootResetReachableStageGrammarAudit declarations=0
replaying PureSFormal.Research.RootResetReadonlySelector
passed PureSFormal.Research.RootResetReadonlySelector declarations=112
replaying PureSFormal.Research.RootResetReadonlySelectorAudit
passed PureSFormal.Research.RootResetReadonlySelectorAudit declarations=0
replaying PureSFormal.Research.RootResetRegisteredMarkerOccurrence
passed PureSFormal.Research.RootResetRegisteredMarkerOccurrence declarations=23
replaying PureSFormal.Research.RootResetRegisteredMarkerOccurrenceAudit
passed PureSFormal.Research.RootResetRegisteredMarkerOccurrenceAudit declarations=0
replaying PureSFormal.Research.RootResetRegularMarkerLanguage
passed PureSFormal.Research.RootResetRegularMarkerLanguage declarations=6
replaying PureSFormal.Research.RootResetRegularMarkerLanguageAudit
passed PureSFormal.Research.RootResetRegularMarkerLanguageAudit declarations=0
checked 2449 declarations
