replaying PureSFormal.Research.RootResetReplayProbe
passed PureSFormal.Research.RootResetReplayProbe declarations=38
replaying PureSFormal.Research.RootResetReplayProbeAudit
passed PureSFormal.Research.RootResetReplayProbeAudit declarations=0
replaying PureSFormal.Research.RootResetResponseBitFiniteValue
passed PureSFormal.Research.RootResetResponseBitFiniteValue declarations=14
replaying PureSFormal.Research.RootResetResponseBitFiniteValueAudit
passed PureSFormal.Research.RootResetResponseBitFiniteValueAudit declarations=0
replaying PureSFormal.Research.RootResetResponseBoundaryStages
passed PureSFormal.Research.RootResetResponseBoundaryStages declarations=301
replaying PureSFormal.Research.RootResetResponseBoundaryStagesAudit
passed PureSFormal.Research.RootResetResponseBoundaryStagesAudit declarations=0
replaying PureSFormal.Research.RootResetResponseCandidateProbe
passed PureSFormal.Research.RootResetResponseCandidateProbe declarations=22
replaying PureSFormal.Research.RootResetResponseCandidateProbeAudit
passed PureSFormal.Research.RootResetResponseCandidateProbeAudit declarations=0
replaying PureSFormal.Research.RootResetResponseCarrierChronology
passed PureSFormal.Research.RootResetResponseCarrierChronology declarations=38
replaying PureSFormal.Research.RootResetResponseCarrierChronologyAudit
passed PureSFormal.Research.RootResetResponseCarrierChronologyAudit declarations=0
replaying PureSFormal.Research.RootResetResponseClockFuelAgreement
passed PureSFormal.Research.RootResetResponseClockFuelAgreement declarations=138
replaying PureSFormal.Research.RootResetResponseClockFuelAgreementAudit
passed PureSFormal.Research.RootResetResponseClockFuelAgreementAudit declarations=0
replaying PureSFormal.Research.RootResetResponseSampleParserBridge
passed PureSFormal.Research.RootResetResponseSampleParserBridge declarations=31
replaying PureSFormal.Research.RootResetResponseSampleParserBridgeAudit
passed PureSFormal.Research.RootResetResponseSampleParserBridgeAudit declarations=0
replaying PureSFormal.Research.RootResetResponseSelectorInitialAgreement
passed PureSFormal.Research.RootResetResponseSelectorInitialAgreement declarations=37
replaying PureSFormal.Research.RootResetResponseSelectorInitialAgreementAudit
passed PureSFormal.Research.RootResetResponseSelectorInitialAgreementAudit declarations=0
replaying PureSFormal.Research.RootResetRuntimeContextBridge
passed PureSFormal.Research.RootResetRuntimeContextBridge declarations=21
replaying PureSFormal.Research.RootResetRuntimeContextBridgeAudit
passed PureSFormal.Research.RootResetRuntimeContextBridgeAudit declarations=0
replaying PureSFormal.Research.RootResetScopedBaseMisses
passed PureSFormal.Research.RootResetScopedBaseMisses declarations=15
replaying PureSFormal.Research.RootResetScopedBaseMissesAudit
passed PureSFormal.Research.RootResetScopedBaseMissesAudit declarations=0
replaying PureSFormal.Research.RootResetScopedCarrierWorker
passed PureSFormal.Research.RootResetScopedCarrierWorker declarations=85
replaying PureSFormal.Research.RootResetScopedCarrierWorkerAudit
passed PureSFormal.Research.RootResetScopedCarrierWorkerAudit declarations=0
replaying PureSFormal.Research.RootResetScopedResponseProbes
passed PureSFormal.Research.RootResetScopedResponseProbes declarations=21
replaying PureSFormal.Research.RootResetScopedResponseProbesAudit
passed PureSFormal.Research.RootResetScopedResponseProbesAudit declarations=0
replaying PureSFormal.Research.RootResetSelectedActionRows
passed PureSFormal.Research.RootResetSelectedActionRows declarations=55
replaying PureSFormal.Research.RootResetSelectedActionRowsAudit
passed PureSFormal.Research.RootResetSelectedActionRowsAudit declarations=0
replaying PureSFormal.Research.RootResetSelectedFrontParserAgreement
passed PureSFormal.Research.RootResetSelectedFrontParserAgreement declarations=60
replaying PureSFormal.Research.RootResetSelectedFrontParserAgreementAudit
passed PureSFormal.Research.RootResetSelectedFrontParserAgreementAudit declarations=0
replaying PureSFormal.Research.RootResetSelectedResponseC4Agreement
passed PureSFormal.Research.RootResetSelectedResponseC4Agreement declarations=5
replaying PureSFormal.Research.RootResetSelectedResponseC4AgreementAudit
passed PureSFormal.Research.RootResetSelectedResponseC4AgreementAudit declarations=0
replaying PureSFormal.Research.RootResetSelectorContract
passed PureSFormal.Research.RootResetSelectorContract declarations=187
replaying PureSFormal.Research.RootResetStageRegistry
passed PureSFormal.Research.RootResetStageRegistry declarations=372
replaying PureSFormal.Research.RootResetStageRegistryAudit
passed PureSFormal.Research.RootResetStageRegistryAudit declarations=0
replaying PureSFormal.Research.RootResetStageSelectionLaws
passed PureSFormal.Research.RootResetStageSelectionLaws declarations=9
replaying PureSFormal.Research.RootResetSuccessfulEdgeMoves
passed PureSFormal.Research.RootResetSuccessfulEdgeMoves declarations=2
replaying PureSFormal.Research.RootResetSuccessfulEdgeMovesAudit
passed PureSFormal.Research.RootResetSuccessfulEdgeMovesAudit declarations=0
replaying PureSFormal.Research.RootResetTermOnlyTransfer
passed PureSFormal.Research.RootResetTermOnlyTransfer declarations=13
replaying PureSFormal.Research.RootResetTermOnlyTransferAudit
passed PureSFormal.Research.RootResetTermOnlyTransferAudit declarations=0
replaying PureSFormal.Research.RootResetTermOnlyUniversalityTransfer
passed PureSFormal.Research.RootResetTermOnlyUniversalityTransfer declarations=32
replaying PureSFormal.Research.RootResetTermOnlyUniversalityTransferAudit
passed PureSFormal.Research.RootResetTermOnlyUniversalityTransferAudit declarations=0
checked 1496 declarations
