replaying PureSFormal.Research.RootResetTraversableCompletedParents
passed PureSFormal.Research.RootResetTraversableCompletedParents declarations=33
replaying PureSFormal.Research.RootResetTraversableCompletedParentsAudit
passed PureSFormal.Research.RootResetTraversableCompletedParentsAudit declarations=0
replaying PureSFormal.Research.RootResetTwentySevenStageRegistry
passed PureSFormal.Research.RootResetTwentySevenStageRegistry declarations=268
replaying PureSFormal.Research.RootResetTwentySevenStageRegistryAudit
passed PureSFormal.Research.RootResetTwentySevenStageRegistryAudit declarations=0
replaying PureSFormal.Research.RootResetWholeAppenderStages
passed PureSFormal.Research.RootResetWholeAppenderStages declarations=299
replaying PureSFormal.Research.RootResetWholeAppenderStagesAudit
passed PureSFormal.Research.RootResetWholeAppenderStagesAudit declarations=0
replaying PureSFormal.Research.RootResetWholeDispatcherSelectedHandoff
passed PureSFormal.Research.RootResetWholeDispatcherSelectedHandoff declarations=64
replaying PureSFormal.Research.RootResetWholeDispatcherSelectedHandoffAudit
passed PureSFormal.Research.RootResetWholeDispatcherSelectedHandoffAudit declarations=0
replaying PureSFormal.Research.RootResetWholeDispatcherStages
passed PureSFormal.Research.RootResetWholeDispatcherStages declarations=265
replaying PureSFormal.Research.RootResetWholeDispatcherStagesAudit
passed PureSFormal.Research.RootResetWholeDispatcherStagesAudit declarations=0
replaying PureSFormal.Research.RootResetWholeStageClassifier
passed PureSFormal.Research.RootResetWholeStageClassifier declarations=198
replaying PureSFormal.Research.RootResetWholeStageClassifierAudit
passed PureSFormal.Research.RootResetWholeStageClassifierAudit declarations=0
replaying PureSFormal.Research.RootResetWrappedAppenderSelectorChain
passed PureSFormal.Research.RootResetWrappedAppenderSelectorChain declarations=20
replaying PureSFormal.Research.RootResetWrappedAppenderSelectorChainAudit
passed PureSFormal.Research.RootResetWrappedAppenderSelectorChainAudit declarations=0
replaying PureSFormal.Research.RootResetWrappedEmptyCommit
passed PureSFormal.Research.RootResetWrappedEmptyCommit declarations=14
replaying PureSFormal.Research.RootResetWrappedEmptyCommitAudit
passed PureSFormal.Research.RootResetWrappedEmptyCommitAudit declarations=0
replaying PureSFormal.Research.RootResetWrappedEmptyRouteSelectorChain
passed PureSFormal.Research.RootResetWrappedEmptyRouteSelectorChain declarations=13
replaying PureSFormal.Research.RootResetWrappedEmptyRouteSelectorChainAudit
passed PureSFormal.Research.RootResetWrappedEmptyRouteSelectorChainAudit declarations=0
replaying PureSFormal.Research.RootResetWrappedFrameSelectorProof
passed PureSFormal.Research.RootResetWrappedFrameSelectorProof declarations=55
replaying PureSFormal.Research.RootResetWrappedFrameSelectorProofAudit
passed PureSFormal.Research.RootResetWrappedFrameSelectorProofAudit declarations=0
replaying PureSFormal.Rogozhin.Machine
passed PureSFormal.Rogozhin.Machine declarations=64
replaying PureSFormal.Rogozhin.Table
passed PureSFormal.Rogozhin.Table declarations=167
replaying PureSFormal.Rogozhin.TableAudit
passed PureSFormal.Rogozhin.TableAudit declarations=0
replaying PureSFormal.RootResetChallenge
passed PureSFormal.RootResetChallenge declarations=91
replaying PureSFormal.RootResetChallengeAudit
passed PureSFormal.RootResetChallengeAudit declarations=0
replaying PureSFormal.RootResetHeadline
passed PureSFormal.RootResetHeadline declarations=13
replaying PureSFormal.StrongMultiwayUniversality
passed PureSFormal.StrongMultiwayUniversality declarations=74
replaying PureSFormal.StrongMultiwayUniversalityAudit
passed PureSFormal.StrongMultiwayUniversalityAudit declarations=0
replaying PureSFormal.WeakPath.CheckpointTime
passed PureSFormal.WeakPath.CheckpointTime declarations=9
replaying PureSFormal.WeakPath.Interface
passed PureSFormal.WeakPath.Interface declarations=50
replaying PureSFormal.WeakPathPolynomialCost
passed PureSFormal.WeakPathPolynomialCost declarations=7
replaying PureSFormal.WeakPathPolynomialCostAudit
passed PureSFormal.WeakPathPolynomialCostAudit declarations=0
replaying PureSFormal.WeakPathUniversality
passed PureSFormal.WeakPathUniversality declarations=39
replaying PureSFormal.WeakPathUniversalityAudit
passed PureSFormal.WeakPathUniversalityAudit declarations=0
replaying PureSFormal.WeakPathUniversalityExclusion
passed PureSFormal.WeakPathUniversalityExclusion declarations=64
replaying PureSFormal.WeakPathUniversalityExclusionAudit
passed PureSFormal.WeakPathUniversalityExclusionAudit declarations=0
replaying PureSFormal.WeakPathUniversalityTrajectory
passed PureSFormal.WeakPathUniversalityTrajectory declarations=15
replaying PureSFormal.WeakPathUniversalityTrajectoryAudit
passed PureSFormal.WeakPathUniversalityTrajectoryAudit declarations=0
replaying scripts.lean_python_differential
passed scripts.lean_python_differential declarations=74
checked 1896 declarations
