HEADER,fixture,sample,sourceNodes,targetNodes,rootMicroticks,persistentMicroticks,rootMutations,persistentMutationRow,address
FIXTURE,initial_empty,samples=120,rootCap=1000000,persistentCap=100000,termCap=1000000
ROW,initial_empty,0,65,73,1130,50,1,clockZero_pc0_phase0_emptyfalse,L
ROW,initial_empty,1,73,85,1120,103,1,clockPositive_pc0_phase0_emptyfalse,L
ROW,initial_empty,2,85,97,1875,49,1,clockZero_pc0_phase0_emptyfalse,LR
ROW,initial_empty,3,97,141,1861,84,1,clockLaunch,
ROW,initial_empty,4,141,185,1133,26,1,fuelPositive_pc1_phase0_emptyfalse,L
ROW,initial_empty,5,185,265,1600,2,1,fuelPositive_pc3_phase0_emptyfalse,
ROW,initial_empty,6,265,309,4232,58,1,fuelZero_pc1_phase0_emptyfalse,RL
ROW,initial_empty,7,309,357,6219,3,1,fuelZero_pc4_phase0_emptyfalse,RL
ROW,initial_empty,8,357,437,7815,2,1,fuelZero_pc6_phase0_emptyfalse,R
ROW,initial_empty,9,437,517,8318,2,1,fuelZero_pc8_phase0_emptyfalse,RL
ROW,initial_empty,10,517,693,7598,2,1,fuelZero_pc10_phase0_emptyfalse,R
ROW,initial_empty,11,693,1257,10141,396,1,emptyResponse_pc0_phase0_emptytrue,
ROW,initial_empty,12,1257,1821,411,2,1,emptyResponse_pc2_phase0_emptytrue,L
ROW,initial_empty,13,1821,2385,609,4,1,emptyResponse_pc6_phase0_emptytrue,LL
ROW,initial_empty,14,2385,2949,2615,2,1,emptyResponse_pc8_phase0_emptytrue,LLR
ROW,initial_empty,15,2949,3513,2831,2,1,emptyResponse_pc10_phase0_emptytrue,LLRR
ROW,initial_empty,16,3513,4077,2965,2,1,emptyResponse_pc12_phase0_emptytrue,LLRRL
ROW,initial_empty,17,4077,4641,2733,12,1,markEmpty_pc3_phase0_emptytrue,LLL
ROW,initial_empty,18,4641,4657,1800,64,1,clockPositive_pc0_phase0_emptyfalse,RLL
ROW,initial_empty,19,4657,4673,2578,22,1,clockPositive_pc0_phase0_emptyfalse,RLLR
ROW,initial_empty,20,4673,4689,2625,49,1,clockZero_pc0_phase0_emptyfalse,RLLRR
ROW,initial_empty,21,4689,4733,2601,101,1,clockLaunch,RL
ROW,initial_empty,22,4733,4777,1813,26,1,fuelPositive_pc1_phase0_emptyfalse,RLL
ROW,initial_empty,23,4777,4885,2276,2,1,fuelPositive_pc3_phase0_emptyfalse,RL
ROW,initial_empty,24,4885,4929,5298,28,1,fuelPositive_pc1_phase0_emptyfalse,RLRL
ROW,initial_empty,25,4929,5037,6629,2,1,fuelPositive_pc3_phase0_emptyfalse,RLR
ROW,initial_empty,26,5037,5081,5900,58,1,fuelZero_pc1_phase0_emptyfalse,RLRRL
ROW,initial_empty,27,5081,5129,7887,3,1,fuelZero_pc4_phase0_emptyfalse,RLRRL
ROW,initial_empty,28,5129,5237,9516,2,1,fuelZero_pc6_phase0_emptyfalse,RLRR
ROW,initial_empty,29,5237,5345,9998,2,1,fuelZero_pc8_phase0_emptyfalse,RLRRL
ROW,initial_empty,30,5345,5549,9299,2,1,fuelZero_pc10_phase0_emptyfalse,RLRR
ROW,initial_empty,31,5549,6225,12111,396,1,emptyResponse_pc0_phase0_emptytrue,RLR
ROW,initial_empty,32,6225,6901,1137,2,1,emptyResponse_pc2_phase0_emptytrue,RLRL
ROW,initial_empty,33,6901,7577,1251,4,1,emptyResponse_pc6_phase0_emptytrue,RLRLL
ROW,initial_empty,34,7577,8253,4645,2,1,emptyResponse_pc8_phase0_emptytrue,RLRLLR
ROW,initial_empty,35,8253,8929,4861,2,1,emptyResponse_pc10_phase0_emptytrue,RLRLLRR
ROW,initial_empty,36,8929,9605,4995,2,1,emptyResponse_pc12_phase0_emptytrue,RLRLLRRL
ROW,initial_empty,37,9605,10281,4472,12,1,markEmpty_pc3_phase0_emptytrue,RLRLLL
ROW,initial_empty,38,10281,15845,6481,55,1,emptyResponse_pc0_phase0_emptytrue,RL
ROW,initial_empty,39,15845,21409,1085,2,1,emptyResponse_pc2_phase0_emptytrue,RLL
ROW,initial_empty,40,21409,26973,1279,4,1,emptyResponse_pc6_phase0_emptytrue,RLLL
ROW,initial_empty,41,26973,32537,2576,2,1,emptyResponse_pc8_phase0_emptytrue,RLLLR
ROW,initial_empty,42,32537,38101,2792,2,1,emptyResponse_pc10_phase0_emptytrue,RLLLRR
ROW,initial_empty,43,38101,43665,2926,2,1,emptyResponse_pc12_phase0_emptytrue,RLLLRRL
ROW,initial_empty,44,43665,49229,3656,12,1,markEmpty_pc3_phase0_emptytrue,RLLLL
ROW,initial_empty,45,49229,49273,3081,28,1,handoff_emptytrue,RLRL
ROW,initial_empty,46,49273,49317,2327,26,1,fuelPositive_pc1_phase0_emptyfalse,RLRLL
ROW,initial_empty,47,49317,49405,2757,2,1,fuelPositive_pc3_phase0_emptyfalse,RLRL
ROW,initial_empty,48,49405,49449,5812,28,1,fuelPositive_pc1_phase0_emptyfalse,RLRLRL
ROW,initial_empty,49,49449,49537,7110,2,1,fuelPositive_pc3_phase0_emptyfalse,RLRLR
ROW,initial_empty,50,49537,49581,6414,58,1,fuelZero_pc1_phase0_emptyfalse,RLRLRRL
ROW,initial_empty,51,49581,49629,8401,3,1,fuelZero_pc4_phase0_emptyfalse,RLRLRRL
ROW,initial_empty,52,49629,49717,9997,2,1,fuelZero_pc6_phase0_emptyfalse,RLRLRR
ROW,initial_empty,53,49717,49805,10500,2,1,fuelZero_pc8_phase0_emptyfalse,RLRLRRL
ROW,initial_empty,54,49805,49989,9780,2,1,fuelZero_pc10_phase0_emptyfalse,RLRLRR
ROW,initial_empty,55,49989,50585,12522,396,1,emptyResponse_pc0_phase0_emptytrue,RLRLR
ROW,initial_empty,56,50585,51181,1651,2,1,emptyResponse_pc2_phase0_emptytrue,RLRLRL
ROW,initial_empty,57,51181,51777,1765,4,1,emptyResponse_pc6_phase0_emptytrue,RLRLRLL
ROW,initial_empty,58,51777,52373,5119,2,1,emptyResponse_pc8_phase0_emptytrue,RLRLRLLR
ROW,initial_empty,59,52373,52969,5335,2,1,emptyResponse_pc10_phase0_emptytrue,RLRLRLLRR
ROW,initial_empty,60,52969,53565,5469,2,1,emptyResponse_pc12_phase0_emptytrue,RLRLRLLRRL
ROW,initial_empty,61,53565,54161,4611,12,1,markEmpty_pc3_phase0_emptytrue,RLRLRLLL
ROW,initial_empty,62,54161,59065,6539,55,1,emptyResponse_pc0_phase0_emptytrue,RLRL
ROW,initial_empty,63,59065,63969,1599,2,1,emptyResponse_pc2_phase0_emptytrue,RLRLL
ROW,initial_empty,64,63969,68873,1793,4,1,emptyResponse_pc6_phase0_emptytrue,RLRLLL
ROW,initial_empty,65,68873,73777,3090,2,1,emptyResponse_pc8_phase0_emptytrue,RLRLLLR
ROW,initial_empty,66,73777,78681,3306,2,1,emptyResponse_pc10_phase0_emptytrue,RLRLLLRR
ROW,initial_empty,67,78681,83585,3440,2,1,emptyResponse_pc12_phase0_emptytrue,RLRLLLRRL
ROW,initial_empty,68,83585,88489,3795,12,1,markEmpty_pc3_phase0_emptytrue,RLRLLLL
ROW,initial_empty,69,88489,88509,2828,64,1,clockPositive_pc0_phase0_emptyfalse,RLRLRLL
ROW,initial_empty,70,88509,88529,3666,22,1,clockPositive_pc0_phase0_emptyfalse,RLRLRLLR
ROW,initial_empty,71,88529,88549,3713,22,1,clockPositive_pc0_phase0_emptyfalse,RLRLRLLRR
ROW,initial_empty,72,88549,88569,3754,49,1,clockZero_pc0_phase0_emptyfalse,RLRLRLLRRR
ROW,initial_empty,73,88569,88613,3717,118,1,clockLaunch,RLRLRL
ROW,initial_empty,74,88613,88657,2841,26,1,fuelPositive_pc1_phase0_emptyfalse,RLRLRLL
ROW,initial_empty,75,88657,88801,3304,2,1,fuelPositive_pc3_phase0_emptyfalse,RLRLRL
ROW,initial_empty,76,88801,88845,6326,28,1,fuelPositive_pc1_phase0_emptyfalse,RLRLRLRL
ROW,initial_empty,77,88845,88989,7654,2,1,fuelPositive_pc3_phase0_emptyfalse,RLRLRLR
ROW,initial_empty,78,88989,89033,7348,28,1,fuelPositive_pc1_phase0_emptyfalse,RLRLRLRRL
ROW,initial_empty,79,89033,89177,8679,2,1,fuelPositive_pc3_phase0_emptyfalse,RLRLRLRR
ROW,initial_empty,80,89177,89221,7950,58,1,fuelZero_pc1_phase0_emptyfalse,RLRLRLRRRL
ROW,initial_empty,81,89221,89269,9937,3,1,fuelZero_pc4_phase0_emptyfalse,RLRLRLRRRL
ROW,initial_empty,82,89269,89413,11566,2,1,fuelZero_pc6_phase0_emptyfalse,RLRLRLRRR
ROW,initial_empty,83,89413,89557,12048,2,1,fuelZero_pc8_phase0_emptyfalse,RLRLRLRRRL
ROW,initial_empty,84,89557,89797,11349,2,1,fuelZero_pc10_phase0_emptyfalse,RLRLRLRRR
ROW,initial_empty,85,89797,90617,14089,396,1,emptyResponse_pc0_phase0_emptytrue,RLRLRLRR
ROW,initial_empty,86,90617,91437,2263,2,1,emptyResponse_pc2_phase0_emptytrue,RLRLRLRRL
ROW,initial_empty,87,91437,92257,2377,4,1,emptyResponse_pc6_phase0_emptytrue,RLRLRLRRLL
ROW,initial_empty,88,92257,93077,6677,2,1,emptyResponse_pc8_phase0_emptytrue,RLRLRLRRLLR
ROW,initial_empty,89,93077,93897,6893,2,1,emptyResponse_pc10_phase0_emptytrue,RLRLRLRRLLRR
ROW,initial_empty,90,93897,94717,7027,2,1,emptyResponse_pc12_phase0_emptytrue,RLRLRLRRLLRRL
ROW,initial_empty,91,94717,95537,5109,12,1,markEmpty_pc3_phase0_emptytrue,RLRLRLRRLLL
ROW,initial_empty,92,95537,102289,7871,55,1,emptyResponse_pc0_phase0_emptytrue,RLRLRLR
ROW,initial_empty,93,102289,109041,2165,2,1,emptyResponse_pc2_phase0_emptytrue,RLRLRLRL
ROW,initial_empty,94,109041,115793,2279,4,1,emptyResponse_pc6_phase0_emptytrue,RLRLRLRLL
ROW,initial_empty,95,115793,122545,4930,2,1,emptyResponse_pc8_phase0_emptytrue,RLRLRLRLLR
ROW,initial_empty,96,122545,129297,5146,2,1,emptyResponse_pc10_phase0_emptytrue,RLRLRLRLLRR
ROW,initial_empty,97,129297,136049,5280,2,1,emptyResponse_pc12_phase0_emptytrue,RLRLRLRLLRRL
ROW,initial_empty,98,136049,142801,4992,12,1,markEmpty_pc3_phase0_emptytrue,RLRLRLRLLL
ROW,initial_empty,99,142801,197009,7197,55,1,emptyResponse_pc0_phase0_emptytrue,RLRLRL
ROW,initial_empty,100,197009,251217,2113,2,1,emptyResponse_pc2_phase0_emptytrue,RLRLRLL
ROW,initial_empty,101,251217,305425,2307,4,1,emptyResponse_pc6_phase0_emptytrue,RLRLRLLL
ROW,initial_empty,102,305425,359633,3604,2,1,emptyResponse_pc8_phase0_emptytrue,RLRLRLLLR
ROW,initial_empty,103,359633,413841,3820,2,1,emptyResponse_pc10_phase0_emptytrue,RLRLRLLLRR
ROW,initial_empty,104,413841,468049,3954,2,1,emptyResponse_pc12_phase0_emptytrue,RLRLRLLLRRL
ROW,initial_empty,105,468049,522257,4718,12,1,markEmpty_pc3_phase0_emptytrue,RLRLRLLLL
ROW,initial_empty,106,522257,522301,4203,28,1,handoff_emptytrue,RLRLRLRL
ROW,initial_empty,107,522301,522345,3355,26,1,fuelPositive_pc1_phase0_emptyfalse,RLRLRLRLL
ROW,initial_empty,108,522345,522465,3818,2,1,fuelPositive_pc3_phase0_emptyfalse,RLRLRLRL
ROW,initial_empty,109,522465,522509,6840,28,1,fuelPositive_pc1_phase0_emptyfalse,RLRLRLRLRL
ROW,initial_empty,110,522509,522629,8168,2,1,fuelPositive_pc3_phase0_emptyfalse,RLRLRLRLR
ROW,initial_empty,111,522629,522673,7862,28,1,fuelPositive_pc1_phase0_emptyfalse,RLRLRLRLRRL
ROW,initial_empty,112,522673,522793,9193,2,1,fuelPositive_pc3_phase0_emptyfalse,RLRLRLRLRR
ROW,initial_empty,113,522793,522837,8464,58,1,fuelZero_pc1_phase0_emptyfalse,RLRLRLRLRRRL
ROW,initial_empty,114,522837,522885,10451,3,1,fuelZero_pc4_phase0_emptyfalse,RLRLRLRLRRRL
ROW,initial_empty,115,522885,523005,12080,2,1,fuelZero_pc6_phase0_emptyfalse,RLRLRLRLRRR
ROW,initial_empty,116,523005,523125,12562,2,1,fuelZero_pc8_phase0_emptyfalse,RLRLRLRLRRRL
ROW,initial_empty,117,523125,523341,11863,2,1,fuelZero_pc10_phase0_emptyfalse,RLRLRLRLRRR
ROW,initial_empty,118,523341,524065,14675,396,1,emptyResponse_pc0_phase0_emptytrue,RLRLRLRLRR
ROW,initial_empty,119,524065,524789,2777,2,1,emptyResponse_pc2_phase0_emptytrue,RLRLRLRLRRL
PASS,initial_empty,samples=120,rootTicks=641708,persistentTicks=3902,maxRootTicks=14675,maxTermSize=524789
FIXTURE,single_false,samples=120,rootCap=1000000,persistentCap=100000,termCap=1000000
ROW,single_false,0,81,89,1130,50,1,clockZero_pc0_phase0_emptyfalse,L
ROW,single_false,1,89,101,1120,103,1,clockPositive_pc0_phase0_emptyfalse,L
ROW,single_false,2,101,113,1875,49,1,clockZero_pc0_phase0_emptyfalse,LR
ROW,single_false,3,113,173,1861,84,1,clockLaunch,
ROW,single_false,4,173,233,1133,26,1,fuelPositive_pc1_phase0_emptyfalse,L
ROW,single_false,5,233,329,1600,2,1,fuelPositive_pc3_phase0_emptyfalse,
ROW,single_false,6,329,389,4232,58,1,fuelZero_pc1_phase0_emptyfalse,RL
ROW,single_false,7,389,453,6219,3,1,fuelZero_pc4_phase0_emptyfalse,RL
ROW,single_false,8,453,549,7815,2,1,fuelZero_pc6_phase0_emptyfalse,R
ROW,single_false,9,549,645,8318,2,1,fuelZero_pc8_phase0_emptyfalse,RL
ROW,single_false,10,645,869,7598,2,1,fuelZero_pc10_phase0_emptyfalse,R
ROW,single_false,11,869,869,10284,232,1,C4_bitfalse_phase0,RLRLLRRR
ROW,single_false,12,869,1577,9667,286,1,normalResponse_pc0_phase0_emptyfalse,
ROW,single_false,13,1577,2285,411,2,1,normalResponse_pc2_phase0_emptyfalse,L
ROW,single_false,14,2285,2993,609,4,1,normalResponse_pc6_phase0_emptyfalse,LL
ROW,single_false,15,2993,3701,2703,2,1,normalResponse_pc8_phase0_emptyfalse,LLR
ROW,single_false,16,3701,4409,2919,2,1,normalResponse_pc10_phase0_emptyfalse,LLRR
ROW,single_false,17,4409,5117,3053,2,1,normalResponse_pc12_phase0_emptyfalse,LLRRL
ROW,single_false,18,5117,5825,3053,13,1,markNormal_pc3_phase0_emptyfalse,LLL
ROW,single_false,19,5825,5841,1800,64,1,clockPositive_pc0_phase0_emptyfalse,RLL
ROW,single_false,20,5841,5857,2578,22,1,clockPositive_pc0_phase0_emptyfalse,RLLR
ROW,single_false,21,5857,5873,2625,49,1,clockZero_pc0_phase0_emptyfalse,RLLRR
ROW,single_false,22,5873,5933,2601,101,1,clockLaunch,RL
ROW,single_false,23,5933,5993,1813,26,1,fuelPositive_pc1_phase0_emptyfalse,RLL
ROW,single_false,24,5993,6117,2276,2,1,fuelPositive_pc3_phase0_emptyfalse,RL
ROW,single_false,25,6117,6177,5298,28,1,fuelPositive_pc1_phase0_emptyfalse,RLRL
ROW,single_false,26,6177,6301,6629,2,1,fuelPositive_pc3_phase0_emptyfalse,RLR
ROW,single_false,27,6301,6361,5900,58,1,fuelZero_pc1_phase0_emptyfalse,RLRRL
ROW,single_false,28,6361,6425,7887,3,1,fuelZero_pc4_phase0_emptyfalse,RLRRL
ROW,single_false,29,6425,6549,9516,2,1,fuelZero_pc6_phase0_emptyfalse,RLRR
ROW,single_false,30,6549,6673,9998,2,1,fuelZero_pc8_phase0_emptyfalse,RLRRL
ROW,single_false,31,6673,6925,9299,2,1,fuelZero_pc10_phase0_emptyfalse,RLRR
ROW,single_false,32,6925,6925,12227,232,1,C4_bitfalse_phase0,RLRRLRLLRRR
ROW,single_false,33,6925,7745,11610,286,1,normalResponse_pc0_phase0_emptyfalse,RLR
ROW,single_false,34,7745,8565,1137,2,1,normalResponse_pc2_phase0_emptyfalse,RLRL
ROW,single_false,35,8565,9385,1251,4,1,normalResponse_pc6_phase0_emptyfalse,RLRLL
ROW,single_false,36,9385,10205,4733,2,1,normalResponse_pc8_phase0_emptyfalse,RLRLLR
ROW,single_false,37,10205,11025,4949,2,1,normalResponse_pc10_phase0_emptyfalse,RLRLLRR
ROW,single_false,38,11025,11845,5083,2,1,normalResponse_pc12_phase0_emptyfalse,RLRLLRRL
ROW,single_false,39,11845,12665,7765,13,1,markNormal_pc3_phase0_emptyfalse,RLRLLL
ROW,single_false,40,12665,19413,6481,951,1,emptyResponse_pc0_phase0_emptytrue,RL
ROW,single_false,41,19413,26161,1085,2,1,emptyResponse_pc2_phase0_emptytrue,RLL
ROW,single_false,42,26161,32909,1279,4,1,emptyResponse_pc6_phase0_emptytrue,RLLL
ROW,single_false,43,32909,39657,2576,2,1,emptyResponse_pc8_phase0_emptytrue,RLLLR
ROW,single_false,44,39657,46405,2792,2,1,emptyResponse_pc10_phase0_emptytrue,RLLLRR
ROW,single_false,45,46405,53153,2926,2,1,emptyResponse_pc12_phase0_emptytrue,RLLLRRL
ROW,single_false,46,53153,59901,3976,12,1,markEmpty_pc3_phase0_emptytrue,RLLLL
ROW,single_false,47,59901,59961,3081,28,1,handoff_emptytrue,RLRL
ROW,single_false,48,59961,60021,2327,26,1,fuelPositive_pc1_phase0_emptyfalse,RLRLL
ROW,single_false,49,60021,60125,2757,2,1,fuelPositive_pc3_phase0_emptyfalse,RLRL
ROW,single_false,50,60125,60185,5812,28,1,fuelPositive_pc1_phase0_emptyfalse,RLRLRL
ROW,single_false,51,60185,60289,7110,2,1,fuelPositive_pc3_phase0_emptyfalse,RLRLR
ROW,single_false,52,60289,60349,6414,58,1,fuelZero_pc1_phase0_emptyfalse,RLRLRRL
ROW,single_false,53,60349,60413,8401,3,1,fuelZero_pc4_phase0_emptyfalse,RLRLRRL
ROW,single_false,54,60413,60517,9997,2,1,fuelZero_pc6_phase0_emptyfalse,RLRLRR
ROW,single_false,55,60517,60621,10500,2,1,fuelZero_pc8_phase0_emptyfalse,RLRLRRL
ROW,single_false,56,60621,60853,9780,2,1,fuelZero_pc10_phase0_emptyfalse,RLRLRR
ROW,single_false,57,60853,60853,12638,232,1,C4_bitfalse_phase0,RLRLRRLRLLRRR
ROW,single_false,58,60853,61593,12021,286,1,normalResponse_pc0_phase0_emptyfalse,RLRLR
ROW,single_false,59,61593,62333,1651,2,1,normalResponse_pc2_phase0_emptyfalse,RLRLRL
ROW,single_false,60,62333,63073,1765,4,1,normalResponse_pc6_phase0_emptyfalse,RLRLRLL
ROW,single_false,61,63073,63813,5207,2,1,normalResponse_pc8_phase0_emptyfalse,RLRLRLLR
ROW,single_false,62,63813,64553,5423,2,1,normalResponse_pc10_phase0_emptyfalse,RLRLRLLRR
ROW,single_false,63,64553,65293,5557,2,1,normalResponse_pc12_phase0_emptyfalse,RLRLRLLRRL
ROW,single_false,64,65293,66033,7906,13,1,markNormal_pc3_phase0_emptyfalse,RLRLRLLL
ROW,single_false,65,66033,72121,6539,951,1,emptyResponse_pc0_phase0_emptytrue,RLRL
ROW,single_false,66,72121,78209,1599,2,1,emptyResponse_pc2_phase0_emptytrue,RLRLL
ROW,single_false,67,78209,84297,1793,4,1,emptyResponse_pc6_phase0_emptytrue,RLRLLL
ROW,single_false,68,84297,90385,3090,2,1,emptyResponse_pc8_phase0_emptytrue,RLRLLLR
ROW,single_false,69,90385,96473,3306,2,1,emptyResponse_pc10_phase0_emptytrue,RLRLLLRR
ROW,single_false,70,96473,102561,3440,2,1,emptyResponse_pc12_phase0_emptytrue,RLRLLLRRL
ROW,single_false,71,102561,108649,4115,12,1,markEmpty_pc3_phase0_emptytrue,RLRLLLL
ROW,single_false,72,108649,108669,2828,64,1,clockPositive_pc0_phase0_emptyfalse,RLRLRLL
ROW,single_false,73,108669,108689,3666,22,1,clockPositive_pc0_phase0_emptyfalse,RLRLRLLR
ROW,single_false,74,108689,108709,3713,22,1,clockPositive_pc0_phase0_emptyfalse,RLRLRLLRR
ROW,single_false,75,108709,108729,3754,49,1,clockZero_pc0_phase0_emptyfalse,RLRLRLLRRR
ROW,single_false,76,108729,108789,3717,118,1,clockLaunch,RLRLRL
ROW,single_false,77,108789,108849,2841,26,1,fuelPositive_pc1_phase0_emptyfalse,RLRLRLL
ROW,single_false,78,108849,109009,3304,2,1,fuelPositive_pc3_phase0_emptyfalse,RLRLRL
ROW,single_false,79,109009,109069,6326,28,1,fuelPositive_pc1_phase0_emptyfalse,RLRLRLRL
ROW,single_false,80,109069,109229,7654,2,1,fuelPositive_pc3_phase0_emptyfalse,RLRLRLR
ROW,single_false,81,109229,109289,7348,28,1,fuelPositive_pc1_phase0_emptyfalse,RLRLRLRRL
ROW,single_false,82,109289,109449,8679,2,1,fuelPositive_pc3_phase0_emptyfalse,RLRLRLRR
ROW,single_false,83,109449,109509,7950,58,1,fuelZero_pc1_phase0_emptyfalse,RLRLRLRRRL
ROW,single_false,84,109509,109573,9937,3,1,fuelZero_pc4_phase0_emptyfalse,RLRLRLRRRL
ROW,single_false,85,109573,109733,11566,2,1,fuelZero_pc6_phase0_emptyfalse,RLRLRLRRR
ROW,single_false,86,109733,109893,12048,2,1,fuelZero_pc8_phase0_emptyfalse,RLRLRLRRRL
ROW,single_false,87,109893,110181,11349,2,1,fuelZero_pc10_phase0_emptyfalse,RLRLRLRRR
ROW,single_false,88,110181,110181,14205,232,1,C4_bitfalse_phase0,RLRLRLRRRLRLLRRR
ROW,single_false,89,110181,111145,13588,286,1,normalResponse_pc0_phase0_emptyfalse,RLRLRLRR
ROW,single_false,90,111145,112109,2263,2,1,normalResponse_pc2_phase0_emptyfalse,RLRLRLRRL
ROW,single_false,91,112109,113073,2377,4,1,normalResponse_pc6_phase0_emptyfalse,RLRLRLRRLL
ROW,single_false,92,113073,114037,6765,2,1,normalResponse_pc8_phase0_emptyfalse,RLRLRLRRLLR
ROW,single_false,93,114037,115001,6981,2,1,normalResponse_pc10_phase0_emptyfalse,RLRLRLRRLLRR
ROW,single_false,94,115001,115965,7115,2,1,normalResponse_pc12_phase0_emptyfalse,RLRLRLRRLLRRL
ROW,single_false,95,115965,116929,8402,13,1,markNormal_pc3_phase0_emptyfalse,RLRLRLRRLLL
ROW,single_false,96,116929,124865,7871,951,1,emptyResponse_pc0_phase0_emptytrue,RLRLRLR
ROW,single_false,97,124865,132801,2165,2,1,emptyResponse_pc2_phase0_emptytrue,RLRLRLRL
ROW,single_false,98,132801,140737,2279,4,1,emptyResponse_pc6_phase0_emptytrue,RLRLRLRLL
ROW,single_false,99,140737,148673,4930,2,1,emptyResponse_pc8_phase0_emptytrue,RLRLRLRLLR
ROW,single_false,100,148673,156609,5146,2,1,emptyResponse_pc10_phase0_emptytrue,RLRLRLRLLRR
ROW,single_false,101,156609,164545,5280,2,1,emptyResponse_pc12_phase0_emptytrue,RLRLRLRLLRRL
ROW,single_false,102,164545,172481,5312,12,1,markEmpty_pc3_phase0_emptytrue,RLRLRLRLLL
ROW,single_false,103,172481,236193,7197,55,1,emptyResponse_pc0_phase0_emptytrue,RLRLRL
ROW,single_false,104,236193,299905,2113,2,1,emptyResponse_pc2_phase0_emptytrue,RLRLRLL
ROW,single_false,105,299905,363617,2307,4,1,emptyResponse_pc6_phase0_emptytrue,RLRLRLLL
ROW,single_false,106,363617,427329,3604,2,1,emptyResponse_pc8_phase0_emptytrue,RLRLRLLLR
ROW,single_false,107,427329,491041,3820,2,1,emptyResponse_pc10_phase0_emptytrue,RLRLRLLLRR
ROW,single_false,108,491041,554753,3954,2,1,emptyResponse_pc12_phase0_emptytrue,RLRLRLLLRRL
ROW,single_false,109,554753,618465,5038,12,1,markEmpty_pc3_phase0_emptytrue,RLRLRLLLL
ROW,single_false,110,618465,618525,4203,28,1,handoff_emptytrue,RLRLRLRL
ROW,single_false,111,618525,618585,3355,26,1,fuelPositive_pc1_phase0_emptyfalse,RLRLRLRLL
ROW,single_false,112,618585,618721,3818,2,1,fuelPositive_pc3_phase0_emptyfalse,RLRLRLRL
ROW,single_false,113,618721,618781,6840,28,1,fuelPositive_pc1_phase0_emptyfalse,RLRLRLRLRL
ROW,single_false,114,618781,618917,8168,2,1,fuelPositive_pc3_phase0_emptyfalse,RLRLRLRLR
ROW,single_false,115,618917,618977,7862,28,1,fuelPositive_pc1_phase0_emptyfalse,RLRLRLRLRRL
ROW,single_false,116,618977,619113,9193,2,1,fuelPositive_pc3_phase0_emptyfalse,RLRLRLRLRR
ROW,single_false,117,619113,619173,8464,58,1,fuelZero_pc1_phase0_emptyfalse,RLRLRLRLRRRL
ROW,single_false,118,619173,619237,10451,3,1,fuelZero_pc4_phase0_emptyfalse,RLRLRLRLRRRL
ROW,single_false,119,619237,619373,12080,2,1,fuelZero_pc6_phase0_emptyfalse,RLRLRLRLRRR
PASS,single_false,samples=120,rootTicks=659745,persistentTicks=6680,maxRootTicks=14205,maxTermSize=619373
FIXTURE,true_empty_appendant,samples=120,rootCap=1000000,persistentCap=100000,termCap=1000000
ROW,true_empty_appendant,0,83,91,1130,50,1,clockZero_pc0_phase0_emptyfalse,L
ROW,true_empty_appendant,1,91,103,1120,103,1,clockPositive_pc0_phase0_emptyfalse,L
ROW,true_empty_appendant,2,103,115,1875,49,1,clockZero_pc0_phase0_emptyfalse,LR
ROW,true_empty_appendant,3,115,177,1861,84,1,clockLaunch,
ROW,true_empty_appendant,4,177,239,1133,26,1,fuelPositive_pc1_phase0_emptyfalse,L
ROW,true_empty_appendant,5,239,337,1600,2,1,fuelPositive_pc3_phase0_emptyfalse,
ROW,true_empty_appendant,6,337,399,4232,58,1,fuelZero_pc1_phase0_emptyfalse,RL
ROW,true_empty_appendant,7,399,465,6219,3,1,fuelZero_pc4_phase0_emptyfalse,RL
ROW,true_empty_appendant,8,465,563,7815,2,1,fuelZero_pc6_phase0_emptyfalse,R
ROW,true_empty_appendant,9,563,661,8318,2,1,fuelZero_pc8_phase0_emptyfalse,RL
ROW,true_empty_appendant,10,661,891,7598,2,1,fuelZero_pc10_phase0_emptyfalse,R
ROW,true_empty_appendant,11,891,891,10445,296,1,C4_bittrue_phase0,RLRLLRRR
ROW,true_empty_appendant,12,891,1617,9763,286,1,normalResponse_pc0_phase0_emptyfalse,
ROW,true_empty_appendant,13,1617,2343,411,2,1,normalResponse_pc2_phase0_emptyfalse,L
ROW,true_empty_appendant,14,2343,3069,609,4,1,normalResponse_pc6_phase0_emptyfalse,LL
ROW,true_empty_appendant,15,3069,3795,2734,2,1,normalResponse_pc8_phase0_emptyfalse,LLR
ROW,true_empty_appendant,16,3795,4521,2950,2,1,normalResponse_pc10_phase0_emptyfalse,LLRR
ROW,true_empty_appendant,17,4521,5247,3084,2,1,normalResponse_pc12_phase0_emptyfalse,LLRRR
ROW,true_empty_appendant,18,5247,5973,3577,13,1,markNormal_pc3_phase0_emptyfalse,LLL
ROW,true_empty_appendant,19,5973,5989,2044,64,1,clockPositive_pc0_phase0_emptyfalse,RLL
ROW,true_empty_appendant,20,5989,6005,2822,22,1,clockPositive_pc0_phase0_emptyfalse,RLLR
ROW,true_empty_appendant,21,6005,6021,2869,49,1,clockZero_pc0_phase0_emptyfalse,RLLRR
ROW,true_empty_appendant,22,6021,6083,2845,101,1,clockLaunch,RL
ROW,true_empty_appendant,23,6083,6145,2057,26,1,fuelPositive_pc1_phase0_emptyfalse,RLL
ROW,true_empty_appendant,24,6145,6271,2520,2,1,fuelPositive_pc3_phase0_emptyfalse,RL
ROW,true_empty_appendant,25,6271,6333,5542,28,1,fuelPositive_pc1_phase0_emptyfalse,RLRL
ROW,true_empty_appendant,26,6333,6459,6873,2,1,fuelPositive_pc3_phase0_emptyfalse,RLR
ROW,true_empty_appendant,27,6459,6521,6144,58,1,fuelZero_pc1_phase0_emptyfalse,RLRRL
ROW,true_empty_appendant,28,6521,6587,8131,3,1,fuelZero_pc4_phase0_emptyfalse,RLRRL
ROW,true_empty_appendant,29,6587,6713,9760,2,1,fuelZero_pc6_phase0_emptyfalse,RLRR
ROW,true_empty_appendant,30,6713,6839,10242,2,1,fuelZero_pc8_phase0_emptyfalse,RLRRL
ROW,true_empty_appendant,31,6839,7097,9543,2,1,fuelZero_pc10_phase0_emptyfalse,RLRR
ROW,true_empty_appendant,32,7097,7097,12632,296,1,C4_bittrue_phase0,RLRRLRLLRRR
ROW,true_empty_appendant,33,7097,7935,11950,286,1,normalResponse_pc0_phase0_emptyfalse,RLR
ROW,true_empty_appendant,34,7935,8773,1381,2,1,normalResponse_pc2_phase0_emptyfalse,RLRL
ROW,true_empty_appendant,35,8773,9611,1495,4,1,normalResponse_pc6_phase0_emptyfalse,RLRLL
ROW,true_empty_appendant,36,9611,10449,5008,2,1,normalResponse_pc8_phase0_emptyfalse,RLRLLR
ROW,true_empty_appendant,37,10449,11287,5224,2,1,normalResponse_pc10_phase0_emptyfalse,RLRLLRR
ROW,true_empty_appendant,38,11287,12125,5358,2,1,normalResponse_pc12_phase0_emptyfalse,RLRLLRRR
ROW,true_empty_appendant,39,12125,12963,8883,13,1,markNormal_pc3_phase0_emptyfalse,RLRLLL
ROW,true_empty_appendant,40,12963,19859,7192,999,1,emptyResponse_pc0_phase0_emptytrue,RL
ROW,true_empty_appendant,41,19859,26755,1329,2,1,emptyResponse_pc2_phase0_emptytrue,RLL
ROW,true_empty_appendant,42,26755,33651,1523,4,1,emptyResponse_pc6_phase0_emptytrue,RLLL
ROW,true_empty_appendant,43,33651,40547,2943,2,1,emptyResponse_pc8_phase0_emptytrue,RLLLR
ROW,true_empty_appendant,44,40547,47443,3159,2,1,emptyResponse_pc10_phase0_emptytrue,RLLLRR
ROW,true_empty_appendant,45,47443,54339,3293,2,1,emptyResponse_pc12_phase0_emptytrue,RLLLRRL
ROW,true_empty_appendant,46,54339,61235,4311,12,1,markEmpty_pc3_phase0_emptytrue,RLLLL
ROW,true_empty_appendant,47,61235,61297,3264,28,1,handoff_emptytrue,RLRL
ROW,true_empty_appendant,48,61297,61359,2510,26,1,fuelPositive_pc1_phase0_emptyfalse,RLRLL
ROW,true_empty_appendant,49,61359,61465,2940,2,1,fuelPositive_pc3_phase0_emptyfalse,RLRL
ROW,true_empty_appendant,50,61465,61527,5995,28,1,fuelPositive_pc1_phase0_emptyfalse,RLRLRL
ROW,true_empty_appendant,51,61527,61633,7293,2,1,fuelPositive_pc3_phase0_emptyfalse,RLRLR
ROW,true_empty_appendant,52,61633,61695,6597,58,1,fuelZero_pc1_phase0_emptyfalse,RLRLRRL
ROW,true_empty_appendant,53,61695,61761,8584,3,1,fuelZero_pc4_phase0_emptyfalse,RLRLRRL
ROW,true_empty_appendant,54,61761,61867,10180,2,1,fuelZero_pc6_phase0_emptyfalse,RLRLRR
ROW,true_empty_appendant,55,61867,61973,10683,2,1,fuelZero_pc8_phase0_emptyfalse,RLRLRRL
ROW,true_empty_appendant,56,61973,62211,9963,2,1,fuelZero_pc10_phase0_emptyfalse,RLRLRR
ROW,true_empty_appendant,57,62211,62211,12982,296,1,C4_bittrue_phase0,RLRLRRLRLLRRR
ROW,true_empty_appendant,58,62211,62969,12300,286,1,normalResponse_pc0_phase0_emptyfalse,RLRLR
ROW,true_empty_appendant,59,62969,63727,1834,2,1,normalResponse_pc2_phase0_emptyfalse,RLRLRL
ROW,true_empty_appendant,60,63727,64485,1948,4,1,normalResponse_pc6_phase0_emptyfalse,RLRLRLL
ROW,true_empty_appendant,61,64485,65243,5421,2,1,normalResponse_pc8_phase0_emptyfalse,RLRLRLLR
ROW,true_empty_appendant,62,65243,66001,5637,2,1,normalResponse_pc10_phase0_emptyfalse,RLRLRLLRR
ROW,true_empty_appendant,63,66001,66759,5771,2,1,normalResponse_pc12_phase0_emptyfalse,RLRLRLLRRR
ROW,true_empty_appendant,64,66759,67517,9024,13,1,markNormal_pc3_phase0_emptyfalse,RLRLRLLL
ROW,true_empty_appendant,65,67517,73753,7250,999,1,emptyResponse_pc0_phase0_emptytrue,RLRL
ROW,true_empty_appendant,66,73753,79989,1782,2,1,emptyResponse_pc2_phase0_emptytrue,RLRLL
ROW,true_empty_appendant,67,79989,86225,1976,4,1,emptyResponse_pc6_phase0_emptytrue,RLRLLL
ROW,true_empty_appendant,68,86225,92461,3396,2,1,emptyResponse_pc8_phase0_emptytrue,RLRLLLR
ROW,true_empty_appendant,69,92461,98697,3612,2,1,emptyResponse_pc10_phase0_emptytrue,RLRLLLRR
ROW,true_empty_appendant,70,98697,104933,3746,2,1,emptyResponse_pc12_phase0_emptytrue,RLRLLLRRL
ROW,true_empty_appendant,71,104933,111169,4450,12,1,markEmpty_pc3_phase0_emptytrue,RLRLLLL
ROW,true_empty_appendant,72,111169,111189,3011,64,1,clockPositive_pc0_phase0_emptyfalse,RLRLRLL
ROW,true_empty_appendant,73,111189,111209,3849,22,1,clockPositive_pc0_phase0_emptyfalse,RLRLRLLR
ROW,true_empty_appendant,74,111209,111229,3896,22,1,clockPositive_pc0_phase0_emptyfalse,RLRLRLLRR
ROW,true_empty_appendant,75,111229,111249,3937,49,1,clockZero_pc0_phase0_emptyfalse,RLRLRLLRRR
ROW,true_empty_appendant,76,111249,111311,3900,118,1,clockLaunch,RLRLRL
ROW,true_empty_appendant,77,111311,111373,3024,26,1,fuelPositive_pc1_phase0_emptyfalse,RLRLRLL
ROW,true_empty_appendant,78,111373,111535,3487,2,1,fuelPositive_pc3_phase0_emptyfalse,RLRLRL
ROW,true_empty_appendant,79,111535,111597,6509,28,1,fuelPositive_pc1_phase0_emptyfalse,RLRLRLRL
ROW,true_empty_appendant,80,111597,111759,7837,2,1,fuelPositive_pc3_phase0_emptyfalse,RLRLRLR
ROW,true_empty_appendant,81,111759,111821,7531,28,1,fuelPositive_pc1_phase0_emptyfalse,RLRLRLRRL
ROW,true_empty_appendant,82,111821,111983,8862,2,1,fuelPositive_pc3_phase0_emptyfalse,RLRLRLRR
ROW,true_empty_appendant,83,111983,112045,8133,58,1,fuelZero_pc1_phase0_emptyfalse,RLRLRLRRRL
ROW,true_empty_appendant,84,112045,112111,10120,3,1,fuelZero_pc4_phase0_emptyfalse,RLRLRLRRRL
ROW,true_empty_appendant,85,112111,112273,11749,2,1,fuelZero_pc6_phase0_emptyfalse,RLRLRLRRR
ROW,true_empty_appendant,86,112273,112435,12231,2,1,fuelZero_pc8_phase0_emptyfalse,RLRLRLRRRL
ROW,true_empty_appendant,87,112435,112729,11532,2,1,fuelZero_pc10_phase0_emptyfalse,RLRLRLRRR
ROW,true_empty_appendant,88,112729,112729,14549,296,1,C4_bittrue_phase0,RLRLRLRRRLRLLRRR
ROW,true_empty_appendant,89,112729,113711,13867,286,1,normalResponse_pc0_phase0_emptyfalse,RLRLRLRR
ROW,true_empty_appendant,90,113711,114693,2446,2,1,normalResponse_pc2_phase0_emptyfalse,RLRLRLRRL
ROW,true_empty_appendant,91,114693,115675,2560,4,1,normalResponse_pc6_phase0_emptyfalse,RLRLRLRRLL
ROW,true_empty_appendant,92,115675,116657,6979,2,1,normalResponse_pc8_phase0_emptyfalse,RLRLRLRRLLR
ROW,true_empty_appendant,93,116657,117639,7195,2,1,normalResponse_pc10_phase0_emptyfalse,RLRLRLRRLLRR
ROW,true_empty_appendant,94,117639,118621,7329,2,1,normalResponse_pc12_phase0_emptyfalse,RLRLRLRRLLRRR
ROW,true_empty_appendant,95,118621,119603,9520,13,1,markNormal_pc3_phase0_emptyfalse,RLRLRLRRLLL
ROW,true_empty_appendant,96,119603,127687,8582,999,1,emptyResponse_pc0_phase0_emptytrue,RLRLRLR
ROW,true_empty_appendant,97,127687,135771,2348,2,1,emptyResponse_pc2_phase0_emptytrue,RLRLRLRL
ROW,true_empty_appendant,98,135771,143855,2462,4,1,emptyResponse_pc6_phase0_emptytrue,RLRLRLRLL
ROW,true_empty_appendant,99,143855,151939,5236,2,1,emptyResponse_pc8_phase0_emptytrue,RLRLRLRLLR
ROW,true_empty_appendant,100,151939,160023,5452,2,1,emptyResponse_pc10_phase0_emptytrue,RLRLRLRLLRR
ROW,true_empty_appendant,101,160023,168107,5586,2,1,emptyResponse_pc12_phase0_emptytrue,RLRLRLRLLRRL
ROW,true_empty_appendant,102,168107,176191,5647,12,1,markEmpty_pc3_phase0_emptytrue,RLRLRLRLLL
ROW,true_empty_appendant,103,176191,241091,7319,55,1,emptyResponse_pc0_phase0_emptytrue,RLRLRL
ROW,true_empty_appendant,104,241091,305991,2296,2,1,emptyResponse_pc2_phase0_emptytrue,RLRLRLL
ROW,true_empty_appendant,105,305991,370891,2490,4,1,emptyResponse_pc6_phase0_emptytrue,RLRLRLLL
ROW,true_empty_appendant,106,370891,435791,3787,2,1,emptyResponse_pc8_phase0_emptytrue,RLRLRLLLR
ROW,true_empty_appendant,107,435791,500691,4003,2,1,emptyResponse_pc10_phase0_emptytrue,RLRLRLLLRR
ROW,true_empty_appendant,108,500691,565591,4137,2,1,emptyResponse_pc12_phase0_emptytrue,RLRLRLLLRRL
ROW,true_empty_appendant,109,565591,630491,5373,12,1,markEmpty_pc3_phase0_emptytrue,RLRLRLLLL
ROW,true_empty_appendant,110,630491,630553,4386,28,1,handoff_emptytrue,RLRLRLRL
ROW,true_empty_appendant,111,630553,630615,3538,26,1,fuelPositive_pc1_phase0_emptyfalse,RLRLRLRLL
ROW,true_empty_appendant,112,630615,630753,4001,2,1,fuelPositive_pc3_phase0_emptyfalse,RLRLRLRL
ROW,true_empty_appendant,113,630753,630815,7023,28,1,fuelPositive_pc1_phase0_emptyfalse,RLRLRLRLRL
ROW,true_empty_appendant,114,630815,630953,8351,2,1,fuelPositive_pc3_phase0_emptyfalse,RLRLRLRLR
ROW,true_empty_appendant,115,630953,631015,8045,28,1,fuelPositive_pc1_phase0_emptyfalse,RLRLRLRLRRL
ROW,true_empty_appendant,116,631015,631153,9376,2,1,fuelPositive_pc3_phase0_emptyfalse,RLRLRLRLRR
ROW,true_empty_appendant,117,631153,631215,8647,58,1,fuelZero_pc1_phase0_emptyfalse,RLRLRLRLRRRL
ROW,true_empty_appendant,118,631215,631281,10634,3,1,fuelZero_pc4_phase0_emptyfalse,RLRLRLRLRRRL
ROW,true_empty_appendant,119,631281,631419,12263,2,1,fuelZero_pc6_phase0_emptyfalse,RLRLRLRLRRR
PASS,true_empty_appendant,samples=120,rootTicks=687720,persistentTicks=7080,maxRootTicks=14549,maxTermSize=631419
FIXTURE,true_nonempty_appendant,samples=120,rootCap=1000000,persistentCap=100000,termCap=1000000
ROW,true_nonempty_appendant,0,105,113,1156,50,1,clockZero_pc0_phase0_emptyfalse,L
ROW,true_nonempty_appendant,1,113,125,1146,103,1,clockPositive_pc0_phase0_emptyfalse,L
ROW,true_nonempty_appendant,2,125,137,1895,49,1,clockZero_pc0_phase0_emptyfalse,LR
ROW,true_nonempty_appendant,3,137,221,1881,84,1,clockLaunch,
ROW,true_nonempty_appendant,4,221,305,1225,26,1,fuelPositive_pc1_phase0_emptyfalse,L
ROW,true_nonempty_appendant,5,305,425,1752,2,1,fuelPositive_pc3_phase0_emptyfalse,
ROW,true_nonempty_appendant,6,425,509,5578,58,1,fuelZero_pc1_phase0_emptyfalse,RL
ROW,true_nonempty_appendant,7,509,597,8423,3,1,fuelZero_pc4_phase0_emptyfalse,RL
ROW,true_nonempty_appendant,8,597,717,10475,2,1,fuelZero_pc6_phase0_emptyfalse,R
ROW,true_nonempty_appendant,9,717,837,11446,2,1,fuelZero_pc8_phase0_emptyfalse,RL
ROW,true_nonempty_appendant,10,837,1133,10126,2,1,fuelZero_pc10_phase0_emptyfalse,R
ROW,true_nonempty_appendant,11,1133,1133,14171,296,1,C4_bittrue_phase0,RLRLLRRR
ROW,true_nonempty_appendant,12,1133,2057,13417,286,1,normalResponse_pc0_phase0_emptyfalse,
ROW,true_nonempty_appendant,13,2057,2981,411,2,1,normalResponse_pc2_phase0_emptyfalse,L
ROW,true_nonempty_appendant,14,2981,3905,609,4,1,normalResponse_pc6_phase0_emptyfalse,LL
ROW,true_nonempty_appendant,15,3905,4829,3202,2,1,normalResponse_pc8_phase0_emptyfalse,LLR
ROW,true_nonempty_appendant,16,4829,5753,3418,2,1,normalResponse_pc10_phase0_emptyfalse,LLRR
ROW,true_nonempty_appendant,17,5753,6677,3552,2,1,normalResponse_pc12_phase0_emptyfalse,LLRRR
ROW,true_nonempty_appendant,18,6677,7601,3740,2,1,normalResponse_pc14_phase0_emptyfalse,LLRRRR
ROW,true_nonempty_appendant,19,7601,8543,3862,1,1,normalResponse_pc15_phase0_emptyfalse,LLRRRR
ROW,true_nonempty_appendant,20,8543,8559,5292,68,1,clockPositive_pc0_phase0_emptyfalse,RLL
ROW,true_nonempty_appendant,21,8559,8575,6064,22,1,clockPositive_pc0_phase0_emptyfalse,RLLR
ROW,true_nonempty_appendant,22,8575,8591,6111,49,1,clockZero_pc0_phase0_emptyfalse,RLLRR
ROW,true_nonempty_appendant,23,8591,8675,6087,101,1,clockLaunch,RL
ROW,true_nonempty_appendant,24,8675,8759,5371,26,1,fuelPositive_pc1_phase0_emptyfalse,RLL
ROW,true_nonempty_appendant,25,8759,8907,5894,2,1,fuelPositive_pc3_phase0_emptyfalse,RL
ROW,true_nonempty_appendant,26,8907,8991,10308,28,1,fuelPositive_pc1_phase0_emptyfalse,RLRL
ROW,true_nonempty_appendant,27,8991,9139,12095,2,1,fuelPositive_pc3_phase0_emptyfalse,RLR
ROW,true_nonempty_appendant,28,9139,9223,11108,58,1,fuelZero_pc1_phase0_emptyfalse,RLRRL
ROW,true_nonempty_appendant,29,9223,9311,13953,3,1,fuelZero_pc4_phase0_emptyfalse,RLRRL
ROW,true_nonempty_appendant,30,9311,9459,16038,2,1,fuelZero_pc6_phase0_emptyfalse,RLRR
ROW,true_nonempty_appendant,31,9459,9607,16988,2,1,fuelZero_pc8_phase0_emptyfalse,RLRRL
ROW,true_nonempty_appendant,32,9607,9931,15689,2,1,fuelZero_pc10_phase0_emptyfalse,RLRR
ROW,true_nonempty_appendant,33,9931,9931,20036,296,1,C4_bittrue_phase0,RLRRLRLLRRR
ROW,true_nonempty_appendant,34,9931,10967,19282,286,1,normalResponse_pc0_phase0_emptyfalse,RLR
ROW,true_nonempty_appendant,35,10967,12003,4603,2,1,normalResponse_pc2_phase0_emptyfalse,RLRL
ROW,true_nonempty_appendant,36,12003,13039,4717,4,1,normalResponse_pc6_phase0_emptyfalse,RLRLL
ROW,true_nonempty_appendant,37,13039,14075,9160,2,1,normalResponse_pc8_phase0_emptyfalse,RLRLLR
ROW,true_nonempty_appendant,38,14075,15111,9376,2,1,normalResponse_pc10_phase0_emptyfalse,RLRLLRR
ROW,true_nonempty_appendant,39,15111,16147,9510,2,1,normalResponse_pc12_phase0_emptyfalse,RLRLLRRR
ROW,true_nonempty_appendant,40,16147,17183,9698,2,1,normalResponse_pc14_phase0_emptyfalse,RLRLLRRRR
ROW,true_nonempty_appendant,41,17183,18237,9820,1,1,normalResponse_pc15_phase0_emptyfalse,RLRLLRRRR
ROW,true_nonempty_appendant,42,18237,19273,8717,859,1,C4_bittrue_phase0,RLRLLRRRRLR
ROW,true_nonempty_appendant,43,19273,29887,9525,355,1,normalResponse_pc0_phase0_emptyfalse,RL
ROW,true_nonempty_appendant,44,29887,40501,4551,2,1,normalResponse_pc2_phase0_emptyfalse,RLL
ROW,true_nonempty_appendant,45,40501,51115,4745,4,1,normalResponse_pc6_phase0_emptyfalse,RLLL
ROW,true_nonempty_appendant,46,51115,61729,6647,2,1,normalResponse_pc8_phase0_emptyfalse,RLLLR
ROW,true_nonempty_appendant,47,61729,72343,6863,2,1,normalResponse_pc10_phase0_emptyfalse,RLLLRR
ROW,true_nonempty_appendant,48,72343,82957,6997,2,1,normalResponse_pc12_phase0_emptyfalse,RLLLRRR
ROW,true_nonempty_appendant,49,82957,93571,7185,2,1,normalResponse_pc14_phase0_emptyfalse,RLLLRRRR
ROW,true_nonempty_appendant,50,93571,104203,7307,1,1,normalResponse_pc15_phase0_emptyfalse,RLLLRRRR
ROW,true_nonempty_appendant,51,104203,104287,9183,32,1,handoff_emptyfalse,RLRL
ROW,true_nonempty_appendant,52,104287,104371,8501,26,1,fuelPositive_pc1_phase0_emptyfalse,RLRLL
ROW,true_nonempty_appendant,53,104371,104499,8991,2,1,fuelPositive_pc3_phase0_emptyfalse,RLRL
ROW,true_nonempty_appendant,54,104499,104583,13438,28,1,fuelPositive_pc1_phase0_emptyfalse,RLRLRL
ROW,true_nonempty_appendant,55,104583,104711,15192,2,1,fuelPositive_pc3_phase0_emptyfalse,RLRLR
ROW,true_nonempty_appendant,56,104711,104795,14238,58,1,fuelZero_pc1_phase0_emptyfalse,RLRLRRL
ROW,true_nonempty_appendant,57,104795,104883,17083,3,1,fuelZero_pc4_phase0_emptyfalse,RLRLRRL
ROW,true_nonempty_appendant,58,104883,105011,19135,2,1,fuelZero_pc6_phase0_emptyfalse,RLRLRR
ROW,true_nonempty_appendant,59,105011,105139,20106,2,1,fuelZero_pc8_phase0_emptyfalse,RLRLRRL
ROW,true_nonempty_appendant,60,105139,105443,18786,2,1,fuelZero_pc10_phase0_emptyfalse,RLRLRR
ROW,true_nonempty_appendant,61,105443,105443,23063,296,1,C4_bittrue_phase0,RLRLRRLRLLRRR
ROW,true_nonempty_appendant,62,105443,106399,22309,286,1,normalResponse_pc0_phase0_emptyfalse,RLRLR
ROW,true_nonempty_appendant,63,106399,107355,7733,2,1,normalResponse_pc2_phase0_emptyfalse,RLRLRL
ROW,true_nonempty_appendant,64,107355,108311,7847,4,1,normalResponse_pc6_phase0_emptyfalse,RLRLRLL
ROW,true_nonempty_appendant,65,108311,109267,12250,2,1,normalResponse_pc8_phase0_emptyfalse,RLRLRLLR
ROW,true_nonempty_appendant,66,109267,110223,12466,2,1,normalResponse_pc10_phase0_emptyfalse,RLRLRLLRR
ROW,true_nonempty_appendant,67,110223,111179,12600,2,1,normalResponse_pc12_phase0_emptyfalse,RLRLRLLRRR
ROW,true_nonempty_appendant,68,111179,112135,12788,2,1,normalResponse_pc14_phase0_emptyfalse,RLRLRLLRRRR
ROW,true_nonempty_appendant,69,112135,113109,12910,1,1,normalResponse_pc15_phase0_emptyfalse,RLRLRLLRRRR
ROW,true_nonempty_appendant,70,113109,114065,9578,859,1,C4_bittrue_phase0,RLRLRLLRRRRLR
ROW,true_nonempty_appendant,71,114065,123859,10547,355,1,normalResponse_pc0_phase0_emptyfalse,RLRL
ROW,true_nonempty_appendant,72,123859,133653,7681,2,1,normalResponse_pc2_phase0_emptyfalse,RLRLL
ROW,true_nonempty_appendant,73,133653,143447,7875,4,1,normalResponse_pc6_phase0_emptyfalse,RLRLLL
ROW,true_nonempty_appendant,74,143447,153241,9777,2,1,normalResponse_pc8_phase0_emptyfalse,RLRLLLR
ROW,true_nonempty_appendant,75,153241,163035,9993,2,1,normalResponse_pc10_phase0_emptyfalse,RLRLLLRR
ROW,true_nonempty_appendant,76,163035,172829,10127,2,1,normalResponse_pc12_phase0_emptyfalse,RLRLLLRRR
ROW,true_nonempty_appendant,77,172829,182623,10315,2,1,normalResponse_pc14_phase0_emptyfalse,RLRLLLRRRR
ROW,true_nonempty_appendant,78,182623,192435,10437,1,1,normalResponse_pc15_phase0_emptyfalse,RLRLLLRRRR
ROW,true_nonempty_appendant,79,192435,192455,11552,68,1,clockPositive_pc0_phase0_emptyfalse,RLRLRLL
ROW,true_nonempty_appendant,80,192455,192475,12384,22,1,clockPositive_pc0_phase0_emptyfalse,RLRLRLLR
ROW,true_nonempty_appendant,81,192475,192495,12431,22,1,clockPositive_pc0_phase0_emptyfalse,RLRLRLLRR
ROW,true_nonempty_appendant,82,192495,192515,12472,49,1,clockZero_pc0_phase0_emptyfalse,RLRLRLLRRR
ROW,true_nonempty_appendant,83,192515,192599,12435,118,1,clockLaunch,RLRLRL
ROW,true_nonempty_appendant,84,192599,192683,11631,26,1,fuelPositive_pc1_phase0_emptyfalse,RLRLRLL
ROW,true_nonempty_appendant,85,192683,192867,12154,2,1,fuelPositive_pc3_phase0_emptyfalse,RLRLRL
ROW,true_nonempty_appendant,86,192867,192951,16568,28,1,fuelPositive_pc1_phase0_emptyfalse,RLRLRLRL
ROW,true_nonempty_appendant,87,192951,193135,18352,2,1,fuelPositive_pc3_phase0_emptyfalse,RLRLRLR
ROW,true_nonempty_appendant,88,193135,193219,17986,28,1,fuelPositive_pc1_phase0_emptyfalse,RLRLRLRRL
ROW,true_nonempty_appendant,89,193219,193403,19773,2,1,fuelPositive_pc3_phase0_emptyfalse,RLRLRLRR
ROW,true_nonempty_appendant,90,193403,193487,18786,58,1,fuelZero_pc1_phase0_emptyfalse,RLRLRLRRRL
ROW,true_nonempty_appendant,91,193487,193575,21631,3,1,fuelZero_pc4_phase0_emptyfalse,RLRLRLRRRL
ROW,true_nonempty_appendant,92,193575,193759,23716,2,1,fuelZero_pc6_phase0_emptyfalse,RLRLRLRRR
ROW,true_nonempty_appendant,93,193759,193943,24666,2,1,fuelZero_pc8_phase0_emptyfalse,RLRLRLRRRL
ROW,true_nonempty_appendant,94,193943,194303,23367,2,1,fuelZero_pc10_phase0_emptyfalse,RLRLRLRRR
ROW,true_nonempty_appendant,95,194303,194303,27636,296,1,C4_bittrue_phase0,RLRLRLRRRLRLLRRR
ROW,true_nonempty_appendant,96,194303,195483,26882,286,1,normalResponse_pc0_phase0_emptyfalse,RLRLRLRR
ROW,true_nonempty_appendant,97,195483,196663,10961,2,1,normalResponse_pc2_phase0_emptyfalse,RLRLRLRRL
ROW,true_nonempty_appendant,98,196663,197843,11075,4,1,normalResponse_pc6_phase0_emptyfalse,RLRLRLRRLL
ROW,true_nonempty_appendant,99,197843,199023,16820,2,1,normalResponse_pc8_phase0_emptyfalse,RLRLRLRRLLR
ROW,true_nonempty_appendant,100,199023,200203,17036,2,1,normalResponse_pc10_phase0_emptyfalse,RLRLRLRRLLRR
ROW,true_nonempty_appendant,101,200203,201383,17170,2,1,normalResponse_pc12_phase0_emptyfalse,RLRLRLRRLLRRR
ROW,true_nonempty_appendant,102,201383,202563,17358,2,1,normalResponse_pc14_phase0_emptyfalse,RLRLRLRRLLRRRR
ROW,true_nonempty_appendant,103,202563,203761,17480,1,1,normalResponse_pc15_phase0_emptyfalse,RLRLRLRRLLRRRR
ROW,true_nonempty_appendant,104,203761,204941,11170,859,1,C4_bittrue_phase0,RLRLRLRRLLRRRRLR
ROW,true_nonempty_appendant,105,204941,217031,11984,355,1,normalResponse_pc0_phase0_emptyfalse,RLRLRLR
ROW,true_nonempty_appendant,106,217031,229121,10863,2,1,normalResponse_pc2_phase0_emptyfalse,RLRLRLRL
ROW,true_nonempty_appendant,107,229121,241211,10977,4,1,normalResponse_pc6_phase0_emptyfalse,RLRLRLRLL
ROW,true_nonempty_appendant,108,241211,253301,14695,2,1,normalResponse_pc8_phase0_emptyfalse,RLRLRLRLLR
ROW,true_nonempty_appendant,109,253301,265391,14911,2,1,normalResponse_pc10_phase0_emptyfalse,RLRLRLRLLRR
ROW,true_nonempty_appendant,110,265391,277481,15045,2,1,normalResponse_pc12_phase0_emptyfalse,RLRLRLRLLRRR
ROW,true_nonempty_appendant,111,277481,289571,15233,2,1,normalResponse_pc14_phase0_emptyfalse,RLRLRLRLLRRRR
ROW,true_nonempty_appendant,112,289571,301679,15355,1,1,normalResponse_pc15_phase0_emptyfalse,RLRLRLRLLRRRR
ROW,true_nonempty_appendant,113,301679,313769,12367,1435,1,C4_bittrue_phase0,RLRLRLRLLRRRRLR
ROW,true_nonempty_appendant,114,313769,434959,13780,355,1,normalResponse_pc0_phase0_emptyfalse,RLRLRL
ROW,true_nonempty_appendant,115,434959,556149,10811,2,1,normalResponse_pc2_phase0_emptyfalse,RLRLRLL
ROW,true_nonempty_appendant,116,556149,677339,11005,4,1,normalResponse_pc6_phase0_emptyfalse,RLRLRLLL
ROW,true_nonempty_appendant,117,677339,798529,12907,2,1,normalResponse_pc8_phase0_emptyfalse,RLRLRLLLR
ROW,true_nonempty_appendant,118,798529,919719,13123,2,1,normalResponse_pc10_phase0_emptyfalse,RLRLRLLLRR
ROW,true_nonempty_appendant,119,919719,1040909,13257,2,1,normalResponse_pc12_phase0_emptyfalse,RLRLRLLLRRR
PASS,true_nonempty_appendant,samples=120,rootTicks=1385976,persistentTicks=9214,maxRootTicks=27636,maxTermSize=1040909
FIXTURE,period2_drain,samples=120,rootCap=1000000,persistentCap=100000,termCap=1000000
ROW,period2_drain,0,131,139,1536,50,1,clockZero_pc0_phase0_emptyfalse,L
ROW,period2_drain,1,139,151,1526,103,1,clockPositive_pc0_phase0_emptyfalse,L
ROW,period2_drain,2,151,163,2359,49,1,clockZero_pc0_phase0_emptyfalse,LR
ROW,period2_drain,3,163,273,2345,84,1,clockLaunch,
ROW,period2_drain,4,273,383,1635,26,1,fuelPositive_pc1_phase0_emptyfalse,L
ROW,period2_drain,5,383,529,2204,2,1,fuelPositive_pc3_phase0_emptyfalse,
ROW,period2_drain,6,529,639,6580,58,1,fuelZero_pc1_phase0_emptyfalse,RL
ROW,period2_drain,7,639,753,9815,3,1,fuelZero_pc4_phase0_emptyfalse,RL
ROW,period2_drain,8,753,899,12179,2,1,fuelZero_pc6_phase0_emptyfalse,R
ROW,period2_drain,9,899,1045,13258,2,1,fuelZero_pc8_phase0_emptyfalse,RL
ROW,period2_drain,10,1045,1419,11734,2,1,fuelZero_pc10_phase0_emptyfalse,R
ROW,period2_drain,11,1419,1419,20151,316,1,C4_bitfalse_phase0,RLRLLRRRR
ROW,period2_drain,12,1419,2577,19011,388,1,normalResponse_pc0_phase0_emptyfalse,
ROW,period2_drain,13,2577,3735,581,2,1,normalResponse_pc2_phase0_emptyfalse,L
ROW,period2_drain,14,3735,4893,949,4,1,normalResponse_pc6_phase0_emptyfalse,LL
ROW,period2_drain,15,4893,6051,4534,2,1,normalResponse_pc8_phase0_emptyfalse,LLR
ROW,period2_drain,16,6051,7209,4894,2,1,normalResponse_pc10_phase0_emptyfalse,LLRR
ROW,period2_drain,17,7209,8367,5508,2,1,normalResponse_pc12_phase0_emptyfalse,LLRRL
ROW,period2_drain,18,8367,9525,5107,2,1,normalResponse_pc14_phase0_emptyfalse,LLRRLR
ROW,period2_drain,19,9525,10683,5255,2,1,normalResponse_pc16_phase0_emptyfalse,LLRRLRL
ROW,period2_drain,20,10683,10699,10885,71,1,clockPositive_pc0_phase0_emptyfalse,RLL
ROW,period2_drain,21,10699,10715,11707,22,1,clockPositive_pc0_phase0_emptyfalse,RLLR
ROW,period2_drain,22,10715,10731,11754,49,1,clockZero_pc0_phase0_emptyfalse,RLLRR
ROW,period2_drain,23,10731,10841,11730,101,1,clockLaunch,RL
ROW,period2_drain,24,10841,10951,10994,26,1,fuelPositive_pc1_phase0_emptyfalse,RLL
ROW,period2_drain,25,10951,11125,11525,2,1,fuelPositive_pc3_phase0_emptyfalse,RL
ROW,period2_drain,26,11125,11235,16579,28,1,fuelPositive_pc1_phase0_emptyfalse,RLRL
ROW,period2_drain,27,11235,11409,18606,2,1,fuelPositive_pc3_phase0_emptyfalse,RLR
ROW,period2_drain,28,11409,11519,17509,58,1,fuelZero_pc1_phase0_emptyfalse,RLRRL
ROW,period2_drain,29,11519,11633,20744,3,1,fuelZero_pc4_phase0_emptyfalse,RLRRL
ROW,period2_drain,30,11633,11807,23141,2,1,fuelZero_pc6_phase0_emptyfalse,RLRR
ROW,period2_drain,31,11807,11981,24199,2,1,fuelZero_pc8_phase0_emptyfalse,RLRRL
ROW,period2_drain,32,11981,12383,22696,2,1,fuelZero_pc10_phase0_emptyfalse,RLRR
ROW,period2_drain,33,12383,12383,31467,316,1,C4_bitfalse_phase0,RLRRLRLLRRRR
ROW,period2_drain,34,12383,13653,30327,388,1,normalResponse_pc0_phase0_emptyfalse,RLR
ROW,period2_drain,35,13653,14923,9974,2,1,normalResponse_pc2_phase0_emptyfalse,RLRL
ROW,period2_drain,36,14923,16193,10174,4,1,normalResponse_pc6_phase0_emptyfalse,RLRLL
ROW,period2_drain,37,16193,17463,15925,2,1,normalResponse_pc8_phase0_emptyfalse,RLRLLR
ROW,period2_drain,38,17463,18733,16285,2,1,normalResponse_pc10_phase0_emptyfalse,RLRLLRR
ROW,period2_drain,39,18733,20003,16899,2,1,normalResponse_pc12_phase0_emptyfalse,RLRLLRRL
ROW,period2_drain,40,20003,21273,16498,2,1,normalResponse_pc14_phase0_emptyfalse,RLRLLRRLR
ROW,period2_drain,41,21273,22543,16646,2,1,normalResponse_pc16_phase0_emptyfalse,RLRLLRRLRL
ROW,period2_drain,42,22543,22559,12946,620,1,C4_bittrue_phase1,RLRLLRRLRLRRLRLLRRR
ROW,period2_drain,43,22559,34293,13083,619,1,normalResponse_pc0_phase1_emptyfalse,RL
ROW,period2_drain,44,34293,46027,9928,2,1,normalResponse_pc2_phase1_emptyfalse,RLL
ROW,period2_drain,45,46027,57761,10288,4,1,normalResponse_pc6_phase1_emptyfalse,RLLL
ROW,period2_drain,46,57761,69495,13813,2,1,normalResponse_pc8_phase1_emptyfalse,RLLLR
ROW,period2_drain,47,69495,81229,14173,2,1,normalResponse_pc10_phase1_emptyfalse,RLLLRR
ROW,period2_drain,48,81229,92963,14787,2,1,normalResponse_pc12_phase1_emptyfalse,RLLLRRR
ROW,period2_drain,49,92963,104697,15097,2,1,normalResponse_pc14_phase1_emptyfalse,RLLLRRRR
ROW,period2_drain,50,104697,116431,15325,2,1,normalResponse_pc16_phase1_emptyfalse,RLLLRRRRR
ROW,period2_drain,51,116431,128165,10422,15,1,markNormal_pc3_phase1_emptyfalse,RLLLL
ROW,period2_drain,52,128165,128275,13843,28,1,handoff_emptyfalse,RLRL
ROW,period2_drain,53,128275,128385,13141,26,1,fuelPositive_pc1_phase0_emptyfalse,RLRLL
ROW,period2_drain,54,128385,128539,13639,2,1,fuelPositive_pc3_phase0_emptyfalse,RLRL
ROW,period2_drain,55,128539,128649,18726,28,1,fuelPositive_pc1_phase0_emptyfalse,RLRLRL
ROW,period2_drain,56,128649,128803,20720,2,1,fuelPositive_pc3_phase0_emptyfalse,RLRLR
ROW,period2_drain,57,128803,128913,19656,58,1,fuelZero_pc1_phase0_emptyfalse,RLRLRRL
ROW,period2_drain,58,128913,129027,22891,3,1,fuelZero_pc4_phase0_emptyfalse,RLRLRRL
ROW,period2_drain,59,129027,129181,25255,2,1,fuelZero_pc6_phase0_emptyfalse,RLRLRR
ROW,period2_drain,60,129181,129335,26334,2,1,fuelZero_pc8_phase0_emptyfalse,RLRLRRL
ROW,period2_drain,61,129335,129717,24810,2,1,fuelZero_pc10_phase0_emptyfalse,RLRLRR
ROW,period2_drain,62,129717,129717,33531,316,1,C4_bitfalse_phase0,RLRLRRLRLLRRRR
ROW,period2_drain,63,129717,130907,32391,388,1,normalResponse_pc0_phase0_emptyfalse,RLRLR
ROW,period2_drain,64,130907,132097,12121,2,1,normalResponse_pc2_phase0_emptyfalse,RLRLRL
ROW,period2_drain,65,132097,133287,12321,4,1,normalResponse_pc6_phase0_emptyfalse,RLRLRLL
ROW,period2_drain,66,133287,134477,17992,2,1,normalResponse_pc8_phase0_emptyfalse,RLRLRLLR
ROW,period2_drain,67,134477,135667,18352,2,1,normalResponse_pc10_phase0_emptyfalse,RLRLRLLRR
ROW,period2_drain,68,135667,136857,18966,2,1,normalResponse_pc12_phase0_emptyfalse,RLRLRLLRRL
ROW,period2_drain,69,136857,138047,18565,2,1,normalResponse_pc14_phase0_emptyfalse,RLRLRLLRRLR
ROW,period2_drain,70,138047,139237,18713,2,1,normalResponse_pc16_phase0_emptyfalse,RLRLRLLRRLRL
ROW,period2_drain,71,139237,139253,13281,620,1,C4_bittrue_phase1,RLRLRLLRRLRLRRLRLLRRR
ROW,period2_drain,72,139253,150247,13597,619,1,normalResponse_pc0_phase1_emptyfalse,RLRL
ROW,period2_drain,73,150247,161241,12075,2,1,normalResponse_pc2_phase1_emptyfalse,RLRLL
ROW,period2_drain,74,161241,172235,12435,4,1,normalResponse_pc6_phase1_emptyfalse,RLRLLL
ROW,period2_drain,75,172235,183229,15960,2,1,normalResponse_pc8_phase1_emptyfalse,RLRLLLR
ROW,period2_drain,76,183229,194223,16320,2,1,normalResponse_pc10_phase1_emptyfalse,RLRLLLRR
ROW,period2_drain,77,194223,205217,16934,2,1,normalResponse_pc12_phase1_emptyfalse,RLRLLLRRR
ROW,period2_drain,78,205217,216211,17244,2,1,normalResponse_pc14_phase1_emptyfalse,RLRLLLRRRR
ROW,period2_drain,79,216211,227205,17472,2,1,normalResponse_pc16_phase1_emptyfalse,RLRLLLRRRRR
ROW,period2_drain,80,227205,238199,10932,15,1,markNormal_pc3_phase1_emptyfalse,RLRLLLL
ROW,period2_drain,81,238199,238219,14735,64,1,clockPositive_pc0_phase0_emptyfalse,RLRLRLL
ROW,period2_drain,82,238219,238239,15617,22,1,clockPositive_pc0_phase0_emptyfalse,RLRLRLLR
ROW,period2_drain,83,238239,238259,15664,22,1,clockPositive_pc0_phase0_emptyfalse,RLRLRLLRR
ROW,period2_drain,84,238259,238279,15705,49,1,clockZero_pc0_phase0_emptyfalse,RLRLRLLRRR
ROW,period2_drain,85,238279,238389,15668,118,1,clockLaunch,RLRLRL
ROW,period2_drain,86,238389,238499,14844,26,1,fuelPositive_pc1_phase0_emptyfalse,RLRLRLL
ROW,period2_drain,87,238499,238709,15375,2,1,fuelPositive_pc3_phase0_emptyfalse,RLRLRL
ROW,period2_drain,88,238709,238819,20429,28,1,fuelPositive_pc1_phase0_emptyfalse,RLRLRLRL
ROW,period2_drain,89,238819,239029,22453,2,1,fuelPositive_pc3_phase0_emptyfalse,RLRLRLR
ROW,period2_drain,90,239029,239139,22067,28,1,fuelPositive_pc1_phase0_emptyfalse,RLRLRLRRL
ROW,period2_drain,91,239139,239349,24094,2,1,fuelPositive_pc3_phase0_emptyfalse,RLRLRLRR
ROW,period2_drain,92,239349,239459,22997,58,1,fuelZero_pc1_phase0_emptyfalse,RLRLRLRRRL
ROW,period2_drain,93,239459,239573,26232,3,1,fuelZero_pc4_phase0_emptyfalse,RLRLRLRRRL
ROW,period2_drain,94,239573,239783,28629,2,1,fuelZero_pc6_phase0_emptyfalse,RLRLRLRRR
ROW,period2_drain,95,239783,239993,29687,2,1,fuelZero_pc8_phase0_emptyfalse,RLRLRLRRRL
ROW,period2_drain,96,239993,240431,28184,2,1,fuelZero_pc10_phase0_emptyfalse,RLRLRLRRR
ROW,period2_drain,97,240431,240431,36805,316,1,C4_bitfalse_phase0,RLRLRLRRRLRLLRRRR
ROW,period2_drain,98,240431,241845,35665,388,1,normalResponse_pc0_phase0_emptyfalse,RLRLRLRR
ROW,period2_drain,99,241845,243259,13962,2,1,normalResponse_pc2_phase0_emptyfalse,RLRLRLRRL
ROW,period2_drain,100,243259,244673,14162,4,1,normalResponse_pc6_phase0_emptyfalse,RLRLRLRRLL
ROW,period2_drain,101,244673,246087,21377,2,1,normalResponse_pc8_phase0_emptyfalse,RLRLRLRRLLR
ROW,period2_drain,102,246087,247501,21737,2,1,normalResponse_pc10_phase0_emptyfalse,RLRLRLRRLLRR
ROW,period2_drain,103,247501,248915,22351,2,1,normalResponse_pc12_phase0_emptyfalse,RLRLRLRRLLRRL
ROW,period2_drain,104,248915,250329,21950,2,1,normalResponse_pc14_phase0_emptyfalse,RLRLRLRRLLRRLR
ROW,period2_drain,105,250329,251743,22098,2,1,normalResponse_pc16_phase0_emptyfalse,RLRLRLRRLLRRLRL
ROW,period2_drain,106,251743,251759,14583,620,1,C4_bittrue_phase1,RLRLRLRRLLRRLRLRRLRLLRRR
ROW,period2_drain,107,251759,264825,14753,619,1,normalResponse_pc0_phase1_emptyfalse,RLRLRLR
ROW,period2_drain,108,264825,277891,13824,2,1,normalResponse_pc2_phase1_emptyfalse,RLRLRLRL
ROW,period2_drain,109,277891,290957,14024,4,1,normalResponse_pc6_phase1_emptyfalse,RLRLRLRLL
ROW,period2_drain,110,290957,304023,19647,2,1,normalResponse_pc8_phase1_emptyfalse,RLRLRLRLLR
ROW,period2_drain,111,304023,317089,20007,2,1,normalResponse_pc10_phase1_emptyfalse,RLRLRLRLLRR
ROW,period2_drain,112,317089,330155,20621,2,1,normalResponse_pc12_phase1_emptyfalse,RLRLRLRLLRRR
ROW,period2_drain,113,330155,343221,20931,2,1,normalResponse_pc14_phase1_emptyfalse,RLRLRLRLLRRRR
ROW,period2_drain,114,343221,356287,21159,2,1,normalResponse_pc16_phase1_emptyfalse,RLRLRLRLLRRRRR
ROW,period2_drain,115,356287,369353,22499,15,1,markNormal_pc3_phase1_emptyfalse,RLRLRLRLLL
ROW,period2_drain,116,369353,500337,21594,1724,1,emptyResponse_pc0_phase0_emptytrue,RLRLRL
ROW,period2_drain,117,500337,631321,13778,2,1,emptyResponse_pc2_phase0_emptytrue,RLRLRLL
ROW,period2_drain,118,631321,762305,14138,4,1,emptyResponse_pc6_phase0_emptytrue,RLRLRLLL
ROW,period2_drain,119,762305,893289,16692,2,1,emptyResponse_pc8_phase0_emptytrue,RLRLRLLLR
PASS,period2_drain,samples=120,rootTicks=1956241,persistentTicks=9754,maxRootTicks=36805,maxTermSize=893289
FIXTURE,period2_mixed,samples=120,rootCap=1000000,persistentCap=100000,termCap=1000000
ROW,period2_mixed,0,175,183,1588,50,1,clockZero_pc0_phase0_emptyfalse,L
ROW,period2_mixed,1,183,195,1578,103,1,clockPositive_pc0_phase0_emptyfalse,L
ROW,period2_mixed,2,195,207,2399,49,1,clockZero_pc0_phase0_emptyfalse,LR
ROW,period2_mixed,3,207,361,2385,84,1,clockLaunch,
ROW,period2_mixed,4,361,515,1813,26,1,fuelPositive_pc1_phase0_emptyfalse,L
ROW,period2_mixed,5,515,705,2496,2,1,fuelPositive_pc3_phase0_emptyfalse,
ROW,period2_mixed,6,705,859,9152,58,1,fuelZero_pc1_phase0_emptyfalse,RL
ROW,period2_mixed,7,859,1017,14025,3,1,fuelZero_pc4_phase0_emptyfalse,RL
ROW,period2_mixed,8,1017,1207,17259,2,1,fuelZero_pc6_phase0_emptyfalse,R
ROW,period2_mixed,9,1207,1397,19232,2,1,fuelZero_pc8_phase0_emptyfalse,RL
ROW,period2_mixed,10,1397,1903,16562,2,1,fuelZero_pc10_phase0_emptyfalse,R
ROW,period2_mixed,11,1903,1903,28940,380,1,C4_bittrue_phase0,RLRLLRRRR
ROW,period2_mixed,12,1903,3457,27537,388,1,normalResponse_pc0_phase0_emptyfalse,
ROW,period2_mixed,13,3457,5011,581,2,1,normalResponse_pc2_phase0_emptyfalse,L
ROW,period2_mixed,14,5011,6565,949,4,1,normalResponse_pc6_phase0_emptyfalse,LL
ROW,period2_mixed,15,6565,8119,5441,2,1,normalResponse_pc8_phase0_emptyfalse,LLR
ROW,period2_mixed,16,8119,9673,5801,2,1,normalResponse_pc10_phase0_emptyfalse,LLRR
ROW,period2_mixed,17,9673,11227,6415,2,1,normalResponse_pc12_phase0_emptyfalse,LLRRL
ROW,period2_mixed,18,11227,12781,6014,2,1,normalResponse_pc14_phase0_emptyfalse,LLRRLR
ROW,period2_mixed,19,12781,14335,6162,2,1,normalResponse_pc16_phase0_emptyfalse,LLRRLRR
ROW,period2_mixed,20,14335,14351,15315,71,1,clockPositive_pc0_phase0_emptyfalse,RLL
ROW,period2_mixed,21,14351,14367,16125,22,1,clockPositive_pc0_phase0_emptyfalse,RLLR
ROW,period2_mixed,22,14367,14383,16172,49,1,clockZero_pc0_phase0_emptyfalse,RLLRR
ROW,period2_mixed,23,14383,14537,16148,101,1,clockLaunch,RL
ROW,period2_mixed,24,14537,14691,15550,26,1,fuelPositive_pc1_phase0_emptyfalse,RLL
ROW,period2_mixed,25,14691,14909,16195,2,1,fuelPositive_pc3_phase0_emptyfalse,RL
ROW,period2_mixed,26,14909,15063,23907,28,1,fuelPositive_pc1_phase0_emptyfalse,RLRL
ROW,period2_mixed,27,15063,15281,26804,2,1,fuelPositive_pc3_phase0_emptyfalse,RLR
ROW,period2_mixed,28,15281,15435,25215,58,1,fuelZero_pc1_phase0_emptyfalse,RLRRL
ROW,period2_mixed,29,15435,15593,30088,3,1,fuelZero_pc4_phase0_emptyfalse,RLRRL
ROW,period2_mixed,30,15593,15811,33355,2,1,fuelZero_pc6_phase0_emptyfalse,RLRR
ROW,period2_mixed,31,15811,16029,35307,2,1,fuelZero_pc8_phase0_emptyfalse,RLRRL
ROW,period2_mixed,32,16029,16563,32658,2,1,fuelZero_pc10_phase0_emptyfalse,RLRR
ROW,period2_mixed,33,16563,16563,45510,380,1,C4_bittrue_phase0,RLRRLRLLRRRR
ROW,period2_mixed,34,16563,18229,44107,388,1,normalResponse_pc0_phase0_emptyfalse,RLR
ROW,period2_mixed,35,18229,19895,14352,2,1,normalResponse_pc2_phase0_emptyfalse,RLRL
ROW,period2_mixed,36,19895,21561,14552,4,1,normalResponse_pc6_phase0_emptyfalse,RLRLL
ROW,period2_mixed,37,21561,23227,22092,2,1,normalResponse_pc8_phase0_emptyfalse,RLRLLR
ROW,period2_mixed,38,23227,24893,22452,2,1,normalResponse_pc10_phase0_emptyfalse,RLRLLRR
ROW,period2_mixed,39,24893,26559,23066,2,1,normalResponse_pc12_phase0_emptyfalse,RLRLLRRL
ROW,period2_mixed,40,26559,28225,22665,2,1,normalResponse_pc14_phase0_emptyfalse,RLRLLRRLR
ROW,period2_mixed,41,28225,29891,22813,2,1,normalResponse_pc16_phase0_emptyfalse,RLRLLRRLRR
ROW,period2_mixed,42,29891,29909,18514,662,1,C4_bittrue_phase1,RLRLLRRLRRRRLRLLRRR
ROW,period2_mixed,43,29909,45297,19168,625,1,normalResponse_pc0_phase1_emptyfalse,RL
ROW,period2_mixed,44,45297,60685,14306,2,1,normalResponse_pc2_phase1_emptyfalse,RLL
ROW,period2_mixed,45,60685,76073,14666,4,1,normalResponse_pc6_phase1_emptyfalse,RLLL
ROW,period2_mixed,46,76073,91461,19374,2,1,normalResponse_pc8_phase1_emptyfalse,RLLLR
ROW,period2_mixed,47,91461,106849,19734,2,1,normalResponse_pc10_phase1_emptyfalse,RLLLRR
ROW,period2_mixed,48,106849,122237,20348,2,1,normalResponse_pc12_phase1_emptyfalse,RLLLRRR
ROW,period2_mixed,49,122237,137625,20658,2,1,normalResponse_pc14_phase1_emptyfalse,RLLLRRRR
ROW,period2_mixed,50,137625,153013,20886,2,1,normalResponse_pc16_phase1_emptyfalse,RLLLRRRRR
ROW,period2_mixed,51,153013,168401,21132,2,1,normalResponse_pc18_phase1_emptyfalse,RLLLRRRRRR
ROW,period2_mixed,52,168401,183807,21339,1,1,normalResponse_pc19_phase1_emptyfalse,RLLLRRRRRR
ROW,period2_mixed,53,183807,199213,21524,2,1,normalResponse_pc21_phase1_emptyfalse,RLLLRRRRRRL
ROW,period2_mixed,54,199213,214635,21743,1,1,normalResponse_pc22_phase1_emptyfalse,RLLLRRRRRRL
ROW,period2_mixed,55,214635,214789,20527,35,1,handoff_emptyfalse,RLRL
ROW,period2_mixed,56,214789,214943,19963,26,1,fuelPositive_pc1_phase0_emptyfalse,RLRLL
ROW,period2_mixed,57,214943,215141,20575,2,1,fuelPositive_pc3_phase0_emptyfalse,RLRL
ROW,period2_mixed,58,215141,215295,28320,28,1,fuelPositive_pc1_phase0_emptyfalse,RLRLRL
ROW,period2_mixed,59,215295,215493,31184,2,1,fuelPositive_pc3_phase0_emptyfalse,RLRLR
ROW,period2_mixed,60,215493,215647,29628,58,1,fuelZero_pc1_phase0_emptyfalse,RLRLRRL
ROW,period2_mixed,61,215647,215805,34501,3,1,fuelZero_pc4_phase0_emptyfalse,RLRLRRL
ROW,period2_mixed,62,215805,216003,37735,2,1,fuelZero_pc6_phase0_emptyfalse,RLRLRR
ROW,period2_mixed,63,216003,216201,39708,2,1,fuelZero_pc8_phase0_emptyfalse,RLRLRRL
ROW,period2_mixed,64,216201,216715,37038,2,1,fuelZero_pc10_phase0_emptyfalse,RLRLRR
ROW,period2_mixed,65,216715,216715,49840,380,1,C4_bittrue_phase0,RLRLRRLRLLRRRR
ROW,period2_mixed,66,216715,218301,48437,388,1,normalResponse_pc0_phase0_emptyfalse,RLRLR
ROW,period2_mixed,67,218301,219887,18765,2,1,normalResponse_pc2_phase0_emptyfalse,RLRLRL
ROW,period2_mixed,68,219887,221473,18965,4,1,normalResponse_pc6_phase0_emptyfalse,RLRLRLL
ROW,period2_mixed,69,221473,223059,26425,2,1,normalResponse_pc8_phase0_emptyfalse,RLRLRLLR
ROW,period2_mixed,70,223059,224645,26785,2,1,normalResponse_pc10_phase0_emptyfalse,RLRLRLLRR
ROW,period2_mixed,71,224645,226231,27399,2,1,normalResponse_pc12_phase0_emptyfalse,RLRLRLLRRL
ROW,period2_mixed,72,226231,227817,26998,2,1,normalResponse_pc14_phase0_emptyfalse,RLRLRLLRRLR
ROW,period2_mixed,73,227817,229403,27146,2,1,normalResponse_pc16_phase0_emptyfalse,RLRLRLLRRLRR
ROW,period2_mixed,74,229403,229421,20226,662,1,C4_bittrue_phase1,RLRLRLLRRLRRRRLRLLRRR
ROW,period2_mixed,75,229421,244069,21059,625,1,normalResponse_pc0_phase1_emptyfalse,RLRL
ROW,period2_mixed,76,244069,258717,18719,2,1,normalResponse_pc2_phase1_emptyfalse,RLRLL
ROW,period2_mixed,77,258717,273365,19079,4,1,normalResponse_pc6_phase1_emptyfalse,RLRLLL
ROW,period2_mixed,78,273365,288013,23787,2,1,normalResponse_pc8_phase1_emptyfalse,RLRLLLR
ROW,period2_mixed,79,288013,302661,24147,2,1,normalResponse_pc10_phase1_emptyfalse,RLRLLLRR
ROW,period2_mixed,80,302661,317309,24761,2,1,normalResponse_pc12_phase1_emptyfalse,RLRLLLRRR
ROW,period2_mixed,81,317309,331957,25071,2,1,normalResponse_pc14_phase1_emptyfalse,RLRLLLRRRR
ROW,period2_mixed,82,331957,346605,25299,2,1,normalResponse_pc16_phase1_emptyfalse,RLRLLLRRRRR
ROW,period2_mixed,83,346605,361253,25545,2,1,normalResponse_pc18_phase1_emptyfalse,RLRLLLRRRRRR
ROW,period2_mixed,84,361253,375919,25752,1,1,normalResponse_pc19_phase1_emptyfalse,RLRLLLRRRRRR
ROW,period2_mixed,85,375919,390585,25937,2,1,normalResponse_pc21_phase1_emptyfalse,RLRLLLRRRRRRL
ROW,period2_mixed,86,390585,405267,26156,1,1,normalResponse_pc22_phase1_emptyfalse,RLRLLLRRRRRRL
ROW,period2_mixed,87,405267,405287,25523,71,1,clockPositive_pc0_phase0_emptyfalse,RLRLRLL
ROW,period2_mixed,88,405287,405307,26393,22,1,clockPositive_pc0_phase0_emptyfalse,RLRLRLLR
ROW,period2_mixed,89,405307,405327,26440,22,1,clockPositive_pc0_phase0_emptyfalse,RLRLRLLRR
ROW,period2_mixed,90,405327,405347,26481,49,1,clockZero_pc0_phase0_emptyfalse,RLRLRLLRRR
ROW,period2_mixed,91,405347,405501,26444,118,1,clockLaunch,RLRLRL
ROW,period2_mixed,92,405501,405655,25758,26,1,fuelPositive_pc1_phase0_emptyfalse,RLRLRLL
ROW,period2_mixed,93,405655,405909,26403,2,1,fuelPositive_pc3_phase0_emptyfalse,RLRLRL
ROW,period2_mixed,94,405909,406063,34115,28,1,fuelPositive_pc1_phase0_emptyfalse,RLRLRLRL
ROW,period2_mixed,95,406063,406317,37009,2,1,fuelPositive_pc3_phase0_emptyfalse,RLRLRLR
ROW,period2_mixed,96,406317,406471,36509,28,1,fuelPositive_pc1_phase0_emptyfalse,RLRLRLRRL
ROW,period2_mixed,97,406471,406725,39406,2,1,fuelPositive_pc3_phase0_emptyfalse,RLRLRLRR
ROW,period2_mixed,98,406725,406879,37817,58,1,fuelZero_pc1_phase0_emptyfalse,RLRLRLRRRL
ROW,period2_mixed,99,406879,407037,42690,3,1,fuelZero_pc4_phase0_emptyfalse,RLRLRLRRRL
ROW,period2_mixed,100,407037,407291,45957,2,1,fuelZero_pc6_phase0_emptyfalse,RLRLRLRRR
ROW,period2_mixed,101,407291,407545,47909,2,1,fuelZero_pc8_phase0_emptyfalse,RLRLRLRRRL
ROW,period2_mixed,102,407545,408115,45260,2,1,fuelZero_pc10_phase0_emptyfalse,RLRLRLRRR
ROW,period2_mixed,103,408115,408115,57956,380,1,C4_bittrue_phase0,RLRLRLRRRLRLLRRRR
ROW,period2_mixed,104,408115,409925,56553,388,1,normalResponse_pc0_phase0_emptyfalse,RLRLRLRR
ROW,period2_mixed,105,409925,411735,24698,2,1,normalResponse_pc2_phase0_emptyfalse,RLRLRLRRL
ROW,period2_mixed,106,411735,413545,24898,4,1,normalResponse_pc6_phase0_emptyfalse,RLRLRLRRLL
ROW,period2_mixed,107,413545,415355,34658,2,1,normalResponse_pc8_phase0_emptyfalse,RLRLRLRRLLR
ROW,period2_mixed,108,415355,417165,35018,2,1,normalResponse_pc10_phase0_emptyfalse,RLRLRLRRLLRR
ROW,period2_mixed,109,417165,418975,35632,2,1,normalResponse_pc12_phase0_emptyfalse,RLRLRLRRLLRRL
ROW,period2_mixed,110,418975,420785,35231,2,1,normalResponse_pc14_phase0_emptyfalse,RLRLRLRRLLRRLR
ROW,period2_mixed,111,420785,422595,35379,2,1,normalResponse_pc16_phase0_emptyfalse,RLRLRLRRLLRRLRR
ROW,period2_mixed,112,422595,422613,23121,662,1,C4_bittrue_phase1,RLRLRLRRLLRRLRRRRLRLLRRR
ROW,period2_mixed,113,422613,439333,23802,625,1,normalResponse_pc0_phase1_emptyfalse,RLRLRLR
ROW,period2_mixed,114,439333,456053,24560,2,1,normalResponse_pc2_phase1_emptyfalse,RLRLRLRL
ROW,period2_mixed,115,456053,472773,24760,4,1,normalResponse_pc6_phase1_emptyfalse,RLRLRLRLL
ROW,period2_mixed,116,472773,489493,32448,2,1,normalResponse_pc8_phase1_emptyfalse,RLRLRLRLLR
ROW,period2_mixed,117,489493,506213,32808,2,1,normalResponse_pc10_phase1_emptyfalse,RLRLRLRLLRR
ROW,period2_mixed,118,506213,522933,33422,2,1,normalResponse_pc12_phase1_emptyfalse,RLRLRLRLLRRR
ROW,period2_mixed,119,522933,539653,33732,2,1,normalResponse_pc14_phase1_emptyfalse,RLRLRLRLLRRRR
PASS,period2_mixed,samples=120,rootTicks=2958436,persistentTicks=8401,maxRootTicks=57956,maxTermSize=539653
ALL_PASS,fixtures=6,samples=720
