HEADER,fixture,index,sourceNodes,syntacticRedexes,haltTag,microticks,mutations,address
FIXTURE,period1_empty,terms=197,maxNodes=13,microtickCap=1000000
ROW,period1_empty,0,1,0,PureSFormal.Research.RootResetSelectorContract.HaltKind.nf,167,0,
ROW,period1_empty,1,3,0,PureSFormal.Research.RootResetSelectorContract.HaltKind.nf,441,0,
ROW,period1_empty,2,5,0,PureSFormal.Research.RootResetSelectorContract.HaltKind.nf,447,0,
ROW,period1_empty,3,5,0,PureSFormal.Research.RootResetSelectorContract.HaltKind.nf,718,0,
ROW,period1_empty,4,7,0,PureSFormal.Research.RootResetSelectorContract.HaltKind.nf,453,0,
ROW,period1_empty,5,7,0,PureSFormal.Research.RootResetSelectorContract.HaltKind.nf,455,0,
ROW,period1_empty,6,7,0,PureSFormal.Research.RootResetSelectorContract.HaltKind.nf,724,0,
ROW,period1_empty,7,7,0,PureSFormal.Research.RootResetSelectorContract.HaltKind.nf,727,0,
ROW,period1_empty,8,7,1,PureSFormal.Research.RootResetSelectorContract.HaltKind.redex,1160,1,
ROW,period1_empty,9,9,0,PureSFormal.Research.RootResetSelectorContract.HaltKind.nf,459,0,
ROW,period1_empty,10,9,0,PureSFormal.Research.RootResetSelectorContract.HaltKind.nf,461,0,
ROW,period1_empty,11,9,0,PureSFormal.Research.RootResetSelectorContract.HaltKind.nf,461,0,
ROW,period1_empty,12,9,0,PureSFormal.Research.RootResetSelectorContract.HaltKind.nf,461,0,
ROW,period1_empty,13,9,1,PureSFormal.Research.RootResetSelectorContract.HaltKind.redex,446,1,R
ROW,period1_empty,14,9,0,PureSFormal.Research.RootResetSelectorContract.HaltKind.nf,730,0,
ROW,period1_empty,15,9,0,PureSFormal.Research.RootResetSelectorContract.HaltKind.nf,732,0,
ROW,period1_empty,16,9,0,PureSFormal.Research.RootResetSelectorContract.HaltKind.nf,733,0,
ROW,period1_empty,17,9,1,PureSFormal.Research.RootResetSelectorContract.HaltKind.redex,1187,1,
ROW,period1_empty,18,9,0,PureSFormal.Research.RootResetSelectorContract.HaltKind.nf,733,0,
ROW,period1_empty,19,9,0,PureSFormal.Research.RootResetSelectorContract.HaltKind.nf,738,0,
ROW,period1_empty,20,9,1,PureSFormal.Research.RootResetSelectorContract.HaltKind.redex,1166,1,
ROW,period1_empty,21,9,1,PureSFormal.Research.RootResetSelectorContract.HaltKind.redex,1313,1,
ROW,period1_empty,22,9,1,PureSFormal.Research.RootResetSelectorContract.HaltKind.redex,1105,1,L
ROW,period1_empty,23,11,0,PureSFormal.Research.RootResetSelectorContract.HaltKind.nf,465,0,
ROW,period1_empty,24,11,0,PureSFormal.Research.RootResetSelectorContract.HaltKind.nf,467,0,
ROW,period1_empty,25,11,0,PureSFormal.Research.RootResetSelectorContract.HaltKind.nf,467,0,
ROW,period1_empty,26,11,0,PureSFormal.Research.RootResetSelectorContract.HaltKind.nf,467,0,
ROW,period1_empty,27,11,1,PureSFormal.Research.RootResetSelectorContract.HaltKind.redex,451,1,RR
ROW,period1_empty,28,11,0,PureSFormal.Research.RootResetSelectorContract.HaltKind.nf,467,0,
ROW,period1_empty,29,11,0,PureSFormal.Research.RootResetSelectorContract.HaltKind.nf,469,0,
ROW,period1_empty,30,11,0,PureSFormal.Research.RootResetSelectorContract.HaltKind.nf,467,0,
ROW,period1_empty,31,11,1,PureSFormal.Research.RootResetSelectorContract.HaltKind.redex,446,1,R
ROW,period1_empty,32,11,0,PureSFormal.Research.RootResetSelectorContract.HaltKind.nf,467,0,
ROW,period1_empty,33,11,0,PureSFormal.Research.RootResetSelectorContract.HaltKind.nf,469,0,
ROW,period1_empty,34,11,1,PureSFormal.Research.RootResetSelectorContract.HaltKind.redex,446,1,R
ROW,period1_empty,35,11,1,PureSFormal.Research.RootResetSelectorContract.HaltKind.redex,446,1,R
ROW,period1_empty,36,11,1,PureSFormal.Research.RootResetSelectorContract.HaltKind.redex,453,1,RL
ROW,period1_empty,37,11,0,PureSFormal.Research.RootResetSelectorContract.HaltKind.nf,736,0,
ROW,period1_empty,38,11,0,PureSFormal.Research.RootResetSelectorContract.HaltKind.nf,738,0,
ROW,period1_empty,39,11,0,PureSFormal.Research.RootResetSelectorContract.HaltKind.nf,738,0,
ROW,period1_empty,40,11,0,PureSFormal.Research.RootResetSelectorContract.HaltKind.nf,738,0,
ROW,period1_empty,41,11,1,PureSFormal.Research.RootResetSelectorContract.HaltKind.redex,723,1,R
ROW,period1_empty,42,11,0,PureSFormal.Research.RootResetSelectorContract.HaltKind.nf,739,0,
ROW,period1_empty,43,11,0,PureSFormal.Research.RootResetSelectorContract.HaltKind.nf,741,0,
ROW,period1_empty,44,11,1,PureSFormal.Research.RootResetSelectorContract.HaltKind.redex,1187,1,
ROW,period1_empty,45,11,1,PureSFormal.Research.RootResetSelectorContract.HaltKind.redex,1214,1,
ROW,period1_empty,46,11,0,PureSFormal.Research.RootResetSelectorContract.HaltKind.nf,739,0,
ROW,period1_empty,47,11,0,PureSFormal.Research.RootResetSelectorContract.HaltKind.nf,744,0,
ROW,period1_empty,48,11,1,PureSFormal.Research.RootResetSelectorContract.HaltKind.redex,1193,1,
ROW,period1_empty,49,11,1,PureSFormal.Research.RootResetSelectorContract.HaltKind.redex,1340,1,
ROW,period1_empty,50,11,1,PureSFormal.Research.RootResetSelectorContract.HaltKind.redex,1105,1,L
ROW,period1_empty,51,11,0,PureSFormal.Research.RootResetSelectorContract.HaltKind.nf,739,0,
ROW,period1_empty,52,11,0,PureSFormal.Research.RootResetSelectorContract.HaltKind.nf,741,0,
ROW,period1_empty,53,11,0,PureSFormal.Research.RootResetSelectorContract.HaltKind.nf,744,0,
ROW,period1_empty,54,11,0,PureSFormal.Research.RootResetSelectorContract.HaltKind.nf,744,0,
ROW,period1_empty,55,11,1,PureSFormal.Research.RootResetSelectorContract.HaltKind.redex,732,1,LR
ROW,period1_empty,56,11,1,PureSFormal.Research.RootResetSelectorContract.HaltKind.redex,1166,1,
ROW,period1_empty,57,11,1,PureSFormal.Research.RootResetSelectorContract.HaltKind.redex,1175,1,
ROW,period1_empty,58,11,1,PureSFormal.Research.RootResetSelectorContract.HaltKind.redex,1319,1,
ROW,period1_empty,59,11,1,PureSFormal.Research.RootResetSelectorContract.HaltKind.redex,1114,1,L
ROW,period1_empty,60,11,1,PureSFormal.Research.RootResetSelectorContract.HaltKind.redex,1316,1,
ROW,period1_empty,61,11,1,PureSFormal.Research.RootResetSelectorContract.HaltKind.redex,1619,1,
ROW,period1_empty,62,11,1,PureSFormal.Research.RootResetSelectorContract.HaltKind.redex,1117,1,L
ROW,period1_empty,63,11,1,PureSFormal.Research.RootResetSelectorContract.HaltKind.redex,1112,1,L
ROW,period1_empty,64,11,1,PureSFormal.Research.RootResetSelectorContract.HaltKind.redex,1247,1,LL
ROW,period1_empty,65,13,0,PureSFormal.Research.RootResetSelectorContract.HaltKind.nf,471,0,
ROW,period1_empty,66,13,0,PureSFormal.Research.RootResetSelectorContract.HaltKind.nf,473,0,
ROW,period1_empty,67,13,0,PureSFormal.Research.RootResetSelectorContract.HaltKind.nf,473,0,
ROW,period1_empty,68,13,0,PureSFormal.Research.RootResetSelectorContract.HaltKind.nf,473,0,
ROW,period1_empty,69,13,1,PureSFormal.Research.RootResetSelectorContract.HaltKind.redex,456,1,RRR
ROW,period1_empty,70,13,0,PureSFormal.Research.RootResetSelectorContract.HaltKind.nf,473,0,
ROW,period1_empty,71,13,0,PureSFormal.Research.RootResetSelectorContract.HaltKind.nf,475,0,
ROW,period1_empty,72,13,0,PureSFormal.Research.RootResetSelectorContract.HaltKind.nf,473,0,
ROW,period1_empty,73,13,1,PureSFormal.Research.RootResetSelectorContract.HaltKind.redex,451,1,RR
ROW,period1_empty,74,13,0,PureSFormal.Research.RootResetSelectorContract.HaltKind.nf,473,0,
ROW,period1_empty,75,13,0,PureSFormal.Research.RootResetSelectorContract.HaltKind.nf,475,0,
ROW,period1_empty,76,13,1,PureSFormal.Research.RootResetSelectorContract.HaltKind.redex,451,1,RR
ROW,period1_empty,77,13,1,PureSFormal.Research.RootResetSelectorContract.HaltKind.redex,451,1,RR
ROW,period1_empty,78,13,1,PureSFormal.Research.RootResetSelectorContract.HaltKind.redex,458,1,RRL
ROW,period1_empty,79,13,0,PureSFormal.Research.RootResetSelectorContract.HaltKind.nf,473,0,
ROW,period1_empty,80,13,0,PureSFormal.Research.RootResetSelectorContract.HaltKind.nf,475,0,
ROW,period1_empty,81,13,0,PureSFormal.Research.RootResetSelectorContract.HaltKind.nf,475,0,
ROW,period1_empty,82,13,0,PureSFormal.Research.RootResetSelectorContract.HaltKind.nf,475,0,
ROW,period1_empty,83,13,1,PureSFormal.Research.RootResetSelectorContract.HaltKind.redex,459,1,RR
ROW,period1_empty,84,13,0,PureSFormal.Research.RootResetSelectorContract.HaltKind.nf,473,0,
ROW,period1_empty,85,13,0,PureSFormal.Research.RootResetSelectorContract.HaltKind.nf,475,0,
ROW,period1_empty,86,13,1,PureSFormal.Research.RootResetSelectorContract.HaltKind.redex,446,1,R
ROW,period1_empty,87,13,1,PureSFormal.Research.RootResetSelectorContract.HaltKind.redex,446,1,R
ROW,period1_empty,88,13,0,PureSFormal.Research.RootResetSelectorContract.HaltKind.nf,473,0,
ROW,period1_empty,89,13,0,PureSFormal.Research.RootResetSelectorContract.HaltKind.nf,475,0,
ROW,period1_empty,90,13,1,PureSFormal.Research.RootResetSelectorContract.HaltKind.redex,446,1,R
ROW,period1_empty,91,13,1,PureSFormal.Research.RootResetSelectorContract.HaltKind.redex,446,1,R
ROW,period1_empty,92,13,1,PureSFormal.Research.RootResetSelectorContract.HaltKind.redex,453,1,RL
ROW,period1_empty,93,13,0,PureSFormal.Research.RootResetSelectorContract.HaltKind.nf,473,0,
ROW,period1_empty,94,13,0,PureSFormal.Research.RootResetSelectorContract.HaltKind.nf,475,0,
ROW,period1_empty,95,13,0,PureSFormal.Research.RootResetSelectorContract.HaltKind.nf,475,0,
ROW,period1_empty,96,13,0,PureSFormal.Research.RootResetSelectorContract.HaltKind.nf,475,0,
ROW,period1_empty,97,13,1,PureSFormal.Research.RootResetSelectorContract.HaltKind.redex,456,1,RLR
ROW,period1_empty,98,13,1,PureSFormal.Research.RootResetSelectorContract.HaltKind.redex,446,1,R
ROW,period1_empty,99,13,1,PureSFormal.Research.RootResetSelectorContract.HaltKind.redex,446,1,R
ROW,period1_empty,100,13,1,PureSFormal.Research.RootResetSelectorContract.HaltKind.redex,446,1,R
ROW,period1_empty,101,13,1,PureSFormal.Research.RootResetSelectorContract.HaltKind.redex,453,1,RL
ROW,period1_empty,102,13,1,PureSFormal.Research.RootResetSelectorContract.HaltKind.redex,446,1,R
ROW,period1_empty,103,13,1,PureSFormal.Research.RootResetSelectorContract.HaltKind.redex,446,1,R
ROW,period1_empty,104,13,1,PureSFormal.Research.RootResetSelectorContract.HaltKind.redex,453,1,RL
ROW,period1_empty,105,13,1,PureSFormal.Research.RootResetSelectorContract.HaltKind.redex,453,1,RL
ROW,period1_empty,106,13,1,PureSFormal.Research.RootResetSelectorContract.HaltKind.redex,460,1,RLL
ROW,period1_empty,107,13,0,PureSFormal.Research.RootResetSelectorContract.HaltKind.nf,742,0,
ROW,period1_empty,108,13,0,PureSFormal.Research.RootResetSelectorContract.HaltKind.nf,744,0,
ROW,period1_empty,109,13,0,PureSFormal.Research.RootResetSelectorContract.HaltKind.nf,744,0,
ROW,period1_empty,110,13,0,PureSFormal.Research.RootResetSelectorContract.HaltKind.nf,744,0,
ROW,period1_empty,111,13,1,PureSFormal.Research.RootResetSelectorContract.HaltKind.redex,728,1,RR
ROW,period1_empty,112,13,0,PureSFormal.Research.RootResetSelectorContract.HaltKind.nf,744,0,
ROW,period1_empty,113,13,0,PureSFormal.Research.RootResetSelectorContract.HaltKind.nf,746,0,
ROW,period1_empty,114,13,0,PureSFormal.Research.RootResetSelectorContract.HaltKind.nf,744,0,
ROW,period1_empty,115,13,1,PureSFormal.Research.RootResetSelectorContract.HaltKind.redex,723,1,R
ROW,period1_empty,116,13,0,PureSFormal.Research.RootResetSelectorContract.HaltKind.nf,744,0,
ROW,period1_empty,117,13,0,PureSFormal.Research.RootResetSelectorContract.HaltKind.nf,746,0,
ROW,period1_empty,118,13,1,PureSFormal.Research.RootResetSelectorContract.HaltKind.redex,723,1,R
ROW,period1_empty,119,13,1,PureSFormal.Research.RootResetSelectorContract.HaltKind.redex,723,1,R
ROW,period1_empty,120,13,1,PureSFormal.Research.RootResetSelectorContract.HaltKind.redex,730,1,RL
ROW,period1_empty,121,13,0,PureSFormal.Research.RootResetSelectorContract.HaltKind.nf,745,0,
ROW,period1_empty,122,13,0,PureSFormal.Research.RootResetSelectorContract.HaltKind.nf,747,0,
ROW,period1_empty,123,13,0,PureSFormal.Research.RootResetSelectorContract.HaltKind.nf,747,0,
ROW,period1_empty,124,13,0,PureSFormal.Research.RootResetSelectorContract.HaltKind.nf,747,0,
ROW,period1_empty,125,13,1,PureSFormal.Research.RootResetSelectorContract.HaltKind.redex,732,1,R
ROW,period1_empty,126,13,1,PureSFormal.Research.RootResetSelectorContract.HaltKind.redex,1187,1,
ROW,period1_empty,127,13,1,PureSFormal.Research.RootResetSelectorContract.HaltKind.redex,1187,1,
ROW,period1_empty,128,13,1,PureSFormal.Research.RootResetSelectorContract.HaltKind.redex,1214,1,
ROW,period1_empty,129,13,1,PureSFormal.Research.RootResetSelectorContract.HaltKind.redex,1214,1,
ROW,period1_empty,130,13,2,PureSFormal.Research.RootResetSelectorContract.HaltKind.redex,1274,1,
ROW,period1_empty,131,13,0,PureSFormal.Research.RootResetSelectorContract.HaltKind.nf,745,0,
ROW,period1_empty,132,13,0,PureSFormal.Research.RootResetSelectorContract.HaltKind.nf,747,0,
ROW,period1_empty,133,13,0,PureSFormal.Research.RootResetSelectorContract.HaltKind.nf,750,0,
ROW,period1_empty,134,13,0,PureSFormal.Research.RootResetSelectorContract.HaltKind.nf,752,0,
ROW,period1_empty,135,13,1,PureSFormal.Research.RootResetSelectorContract.HaltKind.redex,1193,1,
ROW,period1_empty,136,13,1,PureSFormal.Research.RootResetSelectorContract.HaltKind.redex,1220,1,
ROW,period1_empty,137,13,1,PureSFormal.Research.RootResetSelectorContract.HaltKind.redex,1340,1,
ROW,period1_empty,138,13,1,PureSFormal.Research.RootResetSelectorContract.HaltKind.redex,1367,1,
ROW,period1_empty,139,13,1,PureSFormal.Research.RootResetSelectorContract.HaltKind.redex,1105,1,L
ROW,period1_empty,140,13,1,PureSFormal.Research.RootResetSelectorContract.HaltKind.redex,1105,1,L
ROW,period1_empty,141,13,0,PureSFormal.Research.RootResetSelectorContract.HaltKind.nf,745,0,
ROW,period1_empty,142,13,0,PureSFormal.Research.RootResetSelectorContract.HaltKind.nf,747,0,
ROW,period1_empty,143,13,0,PureSFormal.Research.RootResetSelectorContract.HaltKind.nf,750,0,
ROW,period1_empty,144,13,0,PureSFormal.Research.RootResetSelectorContract.HaltKind.nf,750,0,
ROW,period1_empty,145,13,1,PureSFormal.Research.RootResetSelectorContract.HaltKind.redex,732,1,LR
ROW,period1_empty,146,13,1,PureSFormal.Research.RootResetSelectorContract.HaltKind.redex,1193,1,
ROW,period1_empty,147,13,1,PureSFormal.Research.RootResetSelectorContract.HaltKind.redex,1202,1,
ROW,period1_empty,148,13,1,PureSFormal.Research.RootResetSelectorContract.HaltKind.redex,1346,1,
ROW,period1_empty,149,13,1,PureSFormal.Research.RootResetSelectorContract.HaltKind.redex,1114,1,L
ROW,period1_empty,150,13,1,PureSFormal.Research.RootResetSelectorContract.HaltKind.redex,1343,1,
ROW,period1_empty,151,13,1,PureSFormal.Research.RootResetSelectorContract.HaltKind.redex,1646,1,
ROW,period1_empty,152,13,1,PureSFormal.Research.RootResetSelectorContract.HaltKind.redex,1117,1,L
ROW,period1_empty,153,13,1,PureSFormal.Research.RootResetSelectorContract.HaltKind.redex,1112,1,L
ROW,period1_empty,154,13,1,PureSFormal.Research.RootResetSelectorContract.HaltKind.redex,1247,1,LL
ROW,period1_empty,155,13,0,PureSFormal.Research.RootResetSelectorContract.HaltKind.nf,745,0,
ROW,period1_empty,156,13,0,PureSFormal.Research.RootResetSelectorContract.HaltKind.nf,747,0,
ROW,period1_empty,157,13,0,PureSFormal.Research.RootResetSelectorContract.HaltKind.nf,747,0,
ROW,period1_empty,158,13,0,PureSFormal.Research.RootResetSelectorContract.HaltKind.nf,747,0,
ROW,period1_empty,159,13,1,PureSFormal.Research.RootResetSelectorContract.HaltKind.redex,728,1,LRR
ROW,period1_empty,160,13,0,PureSFormal.Research.RootResetSelectorContract.HaltKind.nf,750,0,
ROW,period1_empty,161,13,0,PureSFormal.Research.RootResetSelectorContract.HaltKind.nf,752,0,
ROW,period1_empty,162,13,0,PureSFormal.Research.RootResetSelectorContract.HaltKind.nf,750,0,
ROW,period1_empty,163,13,1,PureSFormal.Research.RootResetSelectorContract.HaltKind.redex,732,1,LR
ROW,period1_empty,164,13,0,PureSFormal.Research.RootResetSelectorContract.HaltKind.nf,750,0,
ROW,period1_empty,165,13,0,PureSFormal.Research.RootResetSelectorContract.HaltKind.nf,752,0,
ROW,period1_empty,166,13,1,PureSFormal.Research.RootResetSelectorContract.HaltKind.redex,732,1,LR
ROW,period1_empty,167,13,1,PureSFormal.Research.RootResetSelectorContract.HaltKind.redex,735,1,LR
ROW,period1_empty,168,13,1,PureSFormal.Research.RootResetSelectorContract.HaltKind.redex,736,1,LRL
ROW,period1_empty,169,13,1,PureSFormal.Research.RootResetSelectorContract.HaltKind.redex,1166,1,
ROW,period1_empty,170,13,1,PureSFormal.Research.RootResetSelectorContract.HaltKind.redex,1166,1,
ROW,period1_empty,171,13,1,PureSFormal.Research.RootResetSelectorContract.HaltKind.redex,1175,1,
ROW,period1_empty,172,13,1,PureSFormal.Research.RootResetSelectorContract.HaltKind.redex,1178,1,
ROW,period1_empty,173,13,2,PureSFormal.Research.RootResetSelectorContract.HaltKind.redex,1178,1,
ROW,period1_empty,174,13,1,PureSFormal.Research.RootResetSelectorContract.HaltKind.redex,1319,1,
ROW,period1_empty,175,13,1,PureSFormal.Research.RootResetSelectorContract.HaltKind.redex,1328,1,
ROW,period1_empty,176,13,1,PureSFormal.Research.RootResetSelectorContract.HaltKind.redex,1117,1,L
ROW,period1_empty,177,13,1,PureSFormal.Research.RootResetSelectorContract.HaltKind.redex,1114,1,L
ROW,period1_empty,178,13,1,PureSFormal.Research.RootResetSelectorContract.HaltKind.redex,1322,1,
ROW,period1_empty,179,13,1,PureSFormal.Research.RootResetSelectorContract.HaltKind.redex,1625,1,
ROW,period1_empty,180,13,1,PureSFormal.Research.RootResetSelectorContract.HaltKind.redex,1126,1,L
ROW,period1_empty,181,13,1,PureSFormal.Research.RootResetSelectorContract.HaltKind.redex,1115,1,L
ROW,period1_empty,182,13,1,PureSFormal.Research.RootResetSelectorContract.HaltKind.redex,1250,1,LL
ROW,period1_empty,183,13,1,PureSFormal.Research.RootResetSelectorContract.HaltKind.redex,1316,1,
ROW,period1_empty,184,13,1,PureSFormal.Research.RootResetSelectorContract.HaltKind.redex,1322,1,
ROW,period1_empty,185,13,1,PureSFormal.Research.RootResetSelectorContract.HaltKind.redex,1631,1,
ROW,period1_empty,186,13,1,PureSFormal.Research.RootResetSelectorContract.HaltKind.redex,1751,1,
ROW,period1_empty,187,13,2,PureSFormal.Research.RootResetSelectorContract.HaltKind.redex,1457,1,
ROW,period1_empty,188,13,1,PureSFormal.Research.RootResetSelectorContract.HaltKind.redex,1123,1,L
ROW,period1_empty,189,13,1,PureSFormal.Research.RootResetSelectorContract.HaltKind.redex,1111,1,L
ROW,period1_empty,190,13,1,PureSFormal.Research.RootResetSelectorContract.HaltKind.redex,1121,1,L
ROW,period1_empty,191,13,1,PureSFormal.Research.RootResetSelectorContract.HaltKind.redex,1247,1,LL
ROW,period1_empty,192,13,1,PureSFormal.Research.RootResetSelectorContract.HaltKind.redex,1109,1,L
ROW,period1_empty,193,13,1,PureSFormal.Research.RootResetSelectorContract.HaltKind.redex,1124,1,L
ROW,period1_empty,194,13,1,PureSFormal.Research.RootResetSelectorContract.HaltKind.redex,1289,1,LL
ROW,period1_empty,195,13,1,PureSFormal.Research.RootResetSelectorContract.HaltKind.redex,1256,1,LL
ROW,period1_empty,196,13,1,PureSFormal.Research.RootResetSelectorContract.HaltKind.redex,1256,1,LLL
PASS,period1_empty,terms=197,normal=89,redex=108,microticks=160625,maxMicroticks=1751
FIXTURE,period2_mixed,terms=197,maxNodes=13,microtickCap=1000000
ROW,period2_mixed,0,1,0,PureSFormal.Research.RootResetSelectorContract.HaltKind.nf,205,0,
ROW,period2_mixed,1,3,0,PureSFormal.Research.RootResetSelectorContract.HaltKind.nf,593,0,
ROW,period2_mixed,2,5,0,PureSFormal.Research.RootResetSelectorContract.HaltKind.nf,599,0,
ROW,period2_mixed,3,5,0,PureSFormal.Research.RootResetSelectorContract.HaltKind.nf,984,0,
ROW,period2_mixed,4,7,0,PureSFormal.Research.RootResetSelectorContract.HaltKind.nf,605,0,
ROW,period2_mixed,5,7,0,PureSFormal.Research.RootResetSelectorContract.HaltKind.nf,607,0,
ROW,period2_mixed,6,7,0,PureSFormal.Research.RootResetSelectorContract.HaltKind.nf,990,0,
ROW,period2_mixed,7,7,0,PureSFormal.Research.RootResetSelectorContract.HaltKind.nf,993,0,
ROW,period2_mixed,8,7,1,PureSFormal.Research.RootResetSelectorContract.HaltKind.redex,1576,1,
ROW,period2_mixed,9,9,0,PureSFormal.Research.RootResetSelectorContract.HaltKind.nf,611,0,
ROW,period2_mixed,10,9,0,PureSFormal.Research.RootResetSelectorContract.HaltKind.nf,613,0,
ROW,period2_mixed,11,9,0,PureSFormal.Research.RootResetSelectorContract.HaltKind.nf,613,0,
ROW,period2_mixed,12,9,0,PureSFormal.Research.RootResetSelectorContract.HaltKind.nf,613,0,
ROW,period2_mixed,13,9,1,PureSFormal.Research.RootResetSelectorContract.HaltKind.redex,598,1,R
ROW,period2_mixed,14,9,0,PureSFormal.Research.RootResetSelectorContract.HaltKind.nf,996,0,
ROW,period2_mixed,15,9,0,PureSFormal.Research.RootResetSelectorContract.HaltKind.nf,998,0,
ROW,period2_mixed,16,9,0,PureSFormal.Research.RootResetSelectorContract.HaltKind.nf,999,0,
ROW,period2_mixed,17,9,1,PureSFormal.Research.RootResetSelectorContract.HaltKind.redex,1603,1,
ROW,period2_mixed,18,9,0,PureSFormal.Research.RootResetSelectorContract.HaltKind.nf,999,0,
ROW,period2_mixed,19,9,0,PureSFormal.Research.RootResetSelectorContract.HaltKind.nf,1004,0,
ROW,period2_mixed,20,9,1,PureSFormal.Research.RootResetSelectorContract.HaltKind.redex,1582,1,
ROW,period2_mixed,21,9,1,PureSFormal.Research.RootResetSelectorContract.HaltKind.redex,1765,1,
ROW,period2_mixed,22,9,1,PureSFormal.Research.RootResetSelectorContract.HaltKind.redex,1563,1,L
ROW,period2_mixed,23,11,0,PureSFormal.Research.RootResetSelectorContract.HaltKind.nf,617,0,
ROW,period2_mixed,24,11,0,PureSFormal.Research.RootResetSelectorContract.HaltKind.nf,619,0,
ROW,period2_mixed,25,11,0,PureSFormal.Research.RootResetSelectorContract.HaltKind.nf,619,0,
ROW,period2_mixed,26,11,0,PureSFormal.Research.RootResetSelectorContract.HaltKind.nf,619,0,
ROW,period2_mixed,27,11,1,PureSFormal.Research.RootResetSelectorContract.HaltKind.redex,603,1,RR
ROW,period2_mixed,28,11,0,PureSFormal.Research.RootResetSelectorContract.HaltKind.nf,619,0,
ROW,period2_mixed,29,11,0,PureSFormal.Research.RootResetSelectorContract.HaltKind.nf,621,0,
ROW,period2_mixed,30,11,0,PureSFormal.Research.RootResetSelectorContract.HaltKind.nf,619,0,
ROW,period2_mixed,31,11,1,PureSFormal.Research.RootResetSelectorContract.HaltKind.redex,598,1,R
ROW,period2_mixed,32,11,0,PureSFormal.Research.RootResetSelectorContract.HaltKind.nf,619,0,
ROW,period2_mixed,33,11,0,PureSFormal.Research.RootResetSelectorContract.HaltKind.nf,621,0,
ROW,period2_mixed,34,11,1,PureSFormal.Research.RootResetSelectorContract.HaltKind.redex,598,1,R
ROW,period2_mixed,35,11,1,PureSFormal.Research.RootResetSelectorContract.HaltKind.redex,598,1,R
ROW,period2_mixed,36,11,1,PureSFormal.Research.RootResetSelectorContract.HaltKind.redex,605,1,RL
ROW,period2_mixed,37,11,0,PureSFormal.Research.RootResetSelectorContract.HaltKind.nf,1002,0,
ROW,period2_mixed,38,11,0,PureSFormal.Research.RootResetSelectorContract.HaltKind.nf,1004,0,
ROW,period2_mixed,39,11,0,PureSFormal.Research.RootResetSelectorContract.HaltKind.nf,1004,0,
ROW,period2_mixed,40,11,0,PureSFormal.Research.RootResetSelectorContract.HaltKind.nf,1004,0,
ROW,period2_mixed,41,11,1,PureSFormal.Research.RootResetSelectorContract.HaltKind.redex,989,1,R
ROW,period2_mixed,42,11,0,PureSFormal.Research.RootResetSelectorContract.HaltKind.nf,1005,0,
ROW,period2_mixed,43,11,0,PureSFormal.Research.RootResetSelectorContract.HaltKind.nf,1007,0,
ROW,period2_mixed,44,11,1,PureSFormal.Research.RootResetSelectorContract.HaltKind.redex,1603,1,
ROW,period2_mixed,45,11,1,PureSFormal.Research.RootResetSelectorContract.HaltKind.redex,1630,1,
ROW,period2_mixed,46,11,0,PureSFormal.Research.RootResetSelectorContract.HaltKind.nf,1005,0,
ROW,period2_mixed,47,11,0,PureSFormal.Research.RootResetSelectorContract.HaltKind.nf,1010,0,
ROW,period2_mixed,48,11,1,PureSFormal.Research.RootResetSelectorContract.HaltKind.redex,1609,1,
ROW,period2_mixed,49,11,1,PureSFormal.Research.RootResetSelectorContract.HaltKind.redex,1792,1,
ROW,period2_mixed,50,11,1,PureSFormal.Research.RootResetSelectorContract.HaltKind.redex,1563,1,L
ROW,period2_mixed,51,11,0,PureSFormal.Research.RootResetSelectorContract.HaltKind.nf,1005,0,
ROW,period2_mixed,52,11,0,PureSFormal.Research.RootResetSelectorContract.HaltKind.nf,1007,0,
ROW,period2_mixed,53,11,0,PureSFormal.Research.RootResetSelectorContract.HaltKind.nf,1010,0,
ROW,period2_mixed,54,11,0,PureSFormal.Research.RootResetSelectorContract.HaltKind.nf,1010,0,
ROW,period2_mixed,55,11,1,PureSFormal.Research.RootResetSelectorContract.HaltKind.redex,998,1,LR
ROW,period2_mixed,56,11,1,PureSFormal.Research.RootResetSelectorContract.HaltKind.redex,1582,1,
ROW,period2_mixed,57,11,1,PureSFormal.Research.RootResetSelectorContract.HaltKind.redex,1591,1,
ROW,period2_mixed,58,11,1,PureSFormal.Research.RootResetSelectorContract.HaltKind.redex,1771,1,
ROW,period2_mixed,59,11,1,PureSFormal.Research.RootResetSelectorContract.HaltKind.redex,1572,1,L
ROW,period2_mixed,60,11,1,PureSFormal.Research.RootResetSelectorContract.HaltKind.redex,1768,1,
ROW,period2_mixed,61,11,1,PureSFormal.Research.RootResetSelectorContract.HaltKind.redex,2143,1,
ROW,period2_mixed,62,11,1,PureSFormal.Research.RootResetSelectorContract.HaltKind.redex,1575,1,L
ROW,period2_mixed,63,11,1,PureSFormal.Research.RootResetSelectorContract.HaltKind.redex,1570,1,L
ROW,period2_mixed,64,11,1,PureSFormal.Research.RootResetSelectorContract.HaltKind.redex,1853,1,LL
ROW,period2_mixed,65,13,0,PureSFormal.Research.RootResetSelectorContract.HaltKind.nf,623,0,
ROW,period2_mixed,66,13,0,PureSFormal.Research.RootResetSelectorContract.HaltKind.nf,625,0,
ROW,period2_mixed,67,13,0,PureSFormal.Research.RootResetSelectorContract.HaltKind.nf,625,0,
ROW,period2_mixed,68,13,0,PureSFormal.Research.RootResetSelectorContract.HaltKind.nf,625,0,
ROW,period2_mixed,69,13,1,PureSFormal.Research.RootResetSelectorContract.HaltKind.redex,608,1,RRR
ROW,period2_mixed,70,13,0,PureSFormal.Research.RootResetSelectorContract.HaltKind.nf,625,0,
ROW,period2_mixed,71,13,0,PureSFormal.Research.RootResetSelectorContract.HaltKind.nf,627,0,
ROW,period2_mixed,72,13,0,PureSFormal.Research.RootResetSelectorContract.HaltKind.nf,625,0,
ROW,period2_mixed,73,13,1,PureSFormal.Research.RootResetSelectorContract.HaltKind.redex,603,1,RR
ROW,period2_mixed,74,13,0,PureSFormal.Research.RootResetSelectorContract.HaltKind.nf,625,0,
ROW,period2_mixed,75,13,0,PureSFormal.Research.RootResetSelectorContract.HaltKind.nf,627,0,
ROW,period2_mixed,76,13,1,PureSFormal.Research.RootResetSelectorContract.HaltKind.redex,603,1,RR
ROW,period2_mixed,77,13,1,PureSFormal.Research.RootResetSelectorContract.HaltKind.redex,603,1,RR
ROW,period2_mixed,78,13,1,PureSFormal.Research.RootResetSelectorContract.HaltKind.redex,610,1,RRL
ROW,period2_mixed,79,13,0,PureSFormal.Research.RootResetSelectorContract.HaltKind.nf,625,0,
ROW,period2_mixed,80,13,0,PureSFormal.Research.RootResetSelectorContract.HaltKind.nf,627,0,
ROW,period2_mixed,81,13,0,PureSFormal.Research.RootResetSelectorContract.HaltKind.nf,627,0,
ROW,period2_mixed,82,13,0,PureSFormal.Research.RootResetSelectorContract.HaltKind.nf,627,0,
ROW,period2_mixed,83,13,1,PureSFormal.Research.RootResetSelectorContract.HaltKind.redex,611,1,RR
ROW,period2_mixed,84,13,0,PureSFormal.Research.RootResetSelectorContract.HaltKind.nf,625,0,
ROW,period2_mixed,85,13,0,PureSFormal.Research.RootResetSelectorContract.HaltKind.nf,627,0,
ROW,period2_mixed,86,13,1,PureSFormal.Research.RootResetSelectorContract.HaltKind.redex,598,1,R
ROW,period2_mixed,87,13,1,PureSFormal.Research.RootResetSelectorContract.HaltKind.redex,598,1,R
ROW,period2_mixed,88,13,0,PureSFormal.Research.RootResetSelectorContract.HaltKind.nf,625,0,
ROW,period2_mixed,89,13,0,PureSFormal.Research.RootResetSelectorContract.HaltKind.nf,627,0,
ROW,period2_mixed,90,13,1,PureSFormal.Research.RootResetSelectorContract.HaltKind.redex,598,1,R
ROW,period2_mixed,91,13,1,PureSFormal.Research.RootResetSelectorContract.HaltKind.redex,598,1,R
ROW,period2_mixed,92,13,1,PureSFormal.Research.RootResetSelectorContract.HaltKind.redex,605,1,RL
ROW,period2_mixed,93,13,0,PureSFormal.Research.RootResetSelectorContract.HaltKind.nf,625,0,
ROW,period2_mixed,94,13,0,PureSFormal.Research.RootResetSelectorContract.HaltKind.nf,627,0,
ROW,period2_mixed,95,13,0,PureSFormal.Research.RootResetSelectorContract.HaltKind.nf,627,0,
ROW,period2_mixed,96,13,0,PureSFormal.Research.RootResetSelectorContract.HaltKind.nf,627,0,
ROW,period2_mixed,97,13,1,PureSFormal.Research.RootResetSelectorContract.HaltKind.redex,608,1,RLR
ROW,period2_mixed,98,13,1,PureSFormal.Research.RootResetSelectorContract.HaltKind.redex,598,1,R
ROW,period2_mixed,99,13,1,PureSFormal.Research.RootResetSelectorContract.HaltKind.redex,598,1,R
ROW,period2_mixed,100,13,1,PureSFormal.Research.RootResetSelectorContract.HaltKind.redex,598,1,R
ROW,period2_mixed,101,13,1,PureSFormal.Research.RootResetSelectorContract.HaltKind.redex,605,1,RL
ROW,period2_mixed,102,13,1,PureSFormal.Research.RootResetSelectorContract.HaltKind.redex,598,1,R
ROW,period2_mixed,103,13,1,PureSFormal.Research.RootResetSelectorContract.HaltKind.redex,598,1,R
ROW,period2_mixed,104,13,1,PureSFormal.Research.RootResetSelectorContract.HaltKind.redex,605,1,RL
ROW,period2_mixed,105,13,1,PureSFormal.Research.RootResetSelectorContract.HaltKind.redex,605,1,RL
ROW,period2_mixed,106,13,1,PureSFormal.Research.RootResetSelectorContract.HaltKind.redex,612,1,RLL
ROW,period2_mixed,107,13,0,PureSFormal.Research.RootResetSelectorContract.HaltKind.nf,1008,0,
ROW,period2_mixed,108,13,0,PureSFormal.Research.RootResetSelectorContract.HaltKind.nf,1010,0,
ROW,period2_mixed,109,13,0,PureSFormal.Research.RootResetSelectorContract.HaltKind.nf,1010,0,
ROW,period2_mixed,110,13,0,PureSFormal.Research.RootResetSelectorContract.HaltKind.nf,1010,0,
ROW,period2_mixed,111,13,1,PureSFormal.Research.RootResetSelectorContract.HaltKind.redex,994,1,RR
ROW,period2_mixed,112,13,0,PureSFormal.Research.RootResetSelectorContract.HaltKind.nf,1010,0,
ROW,period2_mixed,113,13,0,PureSFormal.Research.RootResetSelectorContract.HaltKind.nf,1012,0,
ROW,period2_mixed,114,13,0,PureSFormal.Research.RootResetSelectorContract.HaltKind.nf,1010,0,
ROW,period2_mixed,115,13,1,PureSFormal.Research.RootResetSelectorContract.HaltKind.redex,989,1,R
ROW,period2_mixed,116,13,0,PureSFormal.Research.RootResetSelectorContract.HaltKind.nf,1010,0,
ROW,period2_mixed,117,13,0,PureSFormal.Research.RootResetSelectorContract.HaltKind.nf,1012,0,
ROW,period2_mixed,118,13,1,PureSFormal.Research.RootResetSelectorContract.HaltKind.redex,989,1,R
ROW,period2_mixed,119,13,1,PureSFormal.Research.RootResetSelectorContract.HaltKind.redex,989,1,R
ROW,period2_mixed,120,13,1,PureSFormal.Research.RootResetSelectorContract.HaltKind.redex,996,1,RL
ROW,period2_mixed,121,13,0,PureSFormal.Research.RootResetSelectorContract.HaltKind.nf,1011,0,
ROW,period2_mixed,122,13,0,PureSFormal.Research.RootResetSelectorContract.HaltKind.nf,1013,0,
ROW,period2_mixed,123,13,0,PureSFormal.Research.RootResetSelectorContract.HaltKind.nf,1013,0,
ROW,period2_mixed,124,13,0,PureSFormal.Research.RootResetSelectorContract.HaltKind.nf,1013,0,
ROW,period2_mixed,125,13,1,PureSFormal.Research.RootResetSelectorContract.HaltKind.redex,998,1,R
ROW,period2_mixed,126,13,1,PureSFormal.Research.RootResetSelectorContract.HaltKind.redex,1603,1,
ROW,period2_mixed,127,13,1,PureSFormal.Research.RootResetSelectorContract.HaltKind.redex,1603,1,
ROW,period2_mixed,128,13,1,PureSFormal.Research.RootResetSelectorContract.HaltKind.redex,1630,1,
ROW,period2_mixed,129,13,1,PureSFormal.Research.RootResetSelectorContract.HaltKind.redex,1630,1,
ROW,period2_mixed,130,13,2,PureSFormal.Research.RootResetSelectorContract.HaltKind.redex,1690,1,
ROW,period2_mixed,131,13,0,PureSFormal.Research.RootResetSelectorContract.HaltKind.nf,1011,0,
ROW,period2_mixed,132,13,0,PureSFormal.Research.RootResetSelectorContract.HaltKind.nf,1013,0,
ROW,period2_mixed,133,13,0,PureSFormal.Research.RootResetSelectorContract.HaltKind.nf,1016,0,
ROW,period2_mixed,134,13,0,PureSFormal.Research.RootResetSelectorContract.HaltKind.nf,1018,0,
ROW,period2_mixed,135,13,1,PureSFormal.Research.RootResetSelectorContract.HaltKind.redex,1609,1,
ROW,period2_mixed,136,13,1,PureSFormal.Research.RootResetSelectorContract.HaltKind.redex,1636,1,
ROW,period2_mixed,137,13,1,PureSFormal.Research.RootResetSelectorContract.HaltKind.redex,1792,1,
ROW,period2_mixed,138,13,1,PureSFormal.Research.RootResetSelectorContract.HaltKind.redex,1819,1,
ROW,period2_mixed,139,13,1,PureSFormal.Research.RootResetSelectorContract.HaltKind.redex,1563,1,L
ROW,period2_mixed,140,13,1,PureSFormal.Research.RootResetSelectorContract.HaltKind.redex,1563,1,L
ROW,period2_mixed,141,13,0,PureSFormal.Research.RootResetSelectorContract.HaltKind.nf,1011,0,
ROW,period2_mixed,142,13,0,PureSFormal.Research.RootResetSelectorContract.HaltKind.nf,1013,0,
ROW,period2_mixed,143,13,0,PureSFormal.Research.RootResetSelectorContract.HaltKind.nf,1016,0,
ROW,period2_mixed,144,13,0,PureSFormal.Research.RootResetSelectorContract.HaltKind.nf,1016,0,
ROW,period2_mixed,145,13,1,PureSFormal.Research.RootResetSelectorContract.HaltKind.redex,998,1,LR
ROW,period2_mixed,146,13,1,PureSFormal.Research.RootResetSelectorContract.HaltKind.redex,1609,1,
ROW,period2_mixed,147,13,1,PureSFormal.Research.RootResetSelectorContract.HaltKind.redex,1618,1,
ROW,period2_mixed,148,13,1,PureSFormal.Research.RootResetSelectorContract.HaltKind.redex,1798,1,
ROW,period2_mixed,149,13,1,PureSFormal.Research.RootResetSelectorContract.HaltKind.redex,1572,1,L
ROW,period2_mixed,150,13,1,PureSFormal.Research.RootResetSelectorContract.HaltKind.redex,1795,1,
ROW,period2_mixed,151,13,1,PureSFormal.Research.RootResetSelectorContract.HaltKind.redex,2170,1,
ROW,period2_mixed,152,13,1,PureSFormal.Research.RootResetSelectorContract.HaltKind.redex,1575,1,L
ROW,period2_mixed,153,13,1,PureSFormal.Research.RootResetSelectorContract.HaltKind.redex,1570,1,L
ROW,period2_mixed,154,13,1,PureSFormal.Research.RootResetSelectorContract.HaltKind.redex,1853,1,LL
ROW,period2_mixed,155,13,0,PureSFormal.Research.RootResetSelectorContract.HaltKind.nf,1011,0,
ROW,period2_mixed,156,13,0,PureSFormal.Research.RootResetSelectorContract.HaltKind.nf,1013,0,
ROW,period2_mixed,157,13,0,PureSFormal.Research.RootResetSelectorContract.HaltKind.nf,1013,0,
ROW,period2_mixed,158,13,0,PureSFormal.Research.RootResetSelectorContract.HaltKind.nf,1013,0,
ROW,period2_mixed,159,13,1,PureSFormal.Research.RootResetSelectorContract.HaltKind.redex,994,1,LRR
ROW,period2_mixed,160,13,0,PureSFormal.Research.RootResetSelectorContract.HaltKind.nf,1016,0,
ROW,period2_mixed,161,13,0,PureSFormal.Research.RootResetSelectorContract.HaltKind.nf,1018,0,
ROW,period2_mixed,162,13,0,PureSFormal.Research.RootResetSelectorContract.HaltKind.nf,1016,0,
ROW,period2_mixed,163,13,1,PureSFormal.Research.RootResetSelectorContract.HaltKind.redex,998,1,LR
ROW,period2_mixed,164,13,0,PureSFormal.Research.RootResetSelectorContract.HaltKind.nf,1016,0,
ROW,period2_mixed,165,13,0,PureSFormal.Research.RootResetSelectorContract.HaltKind.nf,1018,0,
ROW,period2_mixed,166,13,1,PureSFormal.Research.RootResetSelectorContract.HaltKind.redex,998,1,LR
ROW,period2_mixed,167,13,1,PureSFormal.Research.RootResetSelectorContract.HaltKind.redex,1001,1,LR
ROW,period2_mixed,168,13,1,PureSFormal.Research.RootResetSelectorContract.HaltKind.redex,1002,1,LRL
ROW,period2_mixed,169,13,1,PureSFormal.Research.RootResetSelectorContract.HaltKind.redex,1582,1,
ROW,period2_mixed,170,13,1,PureSFormal.Research.RootResetSelectorContract.HaltKind.redex,1582,1,
ROW,period2_mixed,171,13,1,PureSFormal.Research.RootResetSelectorContract.HaltKind.redex,1591,1,
ROW,period2_mixed,172,13,1,PureSFormal.Research.RootResetSelectorContract.HaltKind.redex,1594,1,
ROW,period2_mixed,173,13,2,PureSFormal.Research.RootResetSelectorContract.HaltKind.redex,1594,1,
ROW,period2_mixed,174,13,1,PureSFormal.Research.RootResetSelectorContract.HaltKind.redex,1771,1,
ROW,period2_mixed,175,13,1,PureSFormal.Research.RootResetSelectorContract.HaltKind.redex,1780,1,
ROW,period2_mixed,176,13,1,PureSFormal.Research.RootResetSelectorContract.HaltKind.redex,1575,1,L
ROW,period2_mixed,177,13,1,PureSFormal.Research.RootResetSelectorContract.HaltKind.redex,1572,1,L
ROW,period2_mixed,178,13,1,PureSFormal.Research.RootResetSelectorContract.HaltKind.redex,1774,1,
ROW,period2_mixed,179,13,1,PureSFormal.Research.RootResetSelectorContract.HaltKind.redex,2149,1,
ROW,period2_mixed,180,13,1,PureSFormal.Research.RootResetSelectorContract.HaltKind.redex,1584,1,L
ROW,period2_mixed,181,13,1,PureSFormal.Research.RootResetSelectorContract.HaltKind.redex,1573,1,L
ROW,period2_mixed,182,13,1,PureSFormal.Research.RootResetSelectorContract.HaltKind.redex,1856,1,LL
ROW,period2_mixed,183,13,1,PureSFormal.Research.RootResetSelectorContract.HaltKind.redex,1768,1,
ROW,period2_mixed,184,13,1,PureSFormal.Research.RootResetSelectorContract.HaltKind.redex,1774,1,
ROW,period2_mixed,185,13,1,PureSFormal.Research.RootResetSelectorContract.HaltKind.redex,2155,1,
ROW,period2_mixed,186,13,1,PureSFormal.Research.RootResetSelectorContract.HaltKind.redex,2311,1,
ROW,period2_mixed,187,13,2,PureSFormal.Research.RootResetSelectorContract.HaltKind.redex,1945,1,
ROW,period2_mixed,188,13,1,PureSFormal.Research.RootResetSelectorContract.HaltKind.redex,1581,1,L
ROW,period2_mixed,189,13,1,PureSFormal.Research.RootResetSelectorContract.HaltKind.redex,1569,1,L
ROW,period2_mixed,190,13,1,PureSFormal.Research.RootResetSelectorContract.HaltKind.redex,1579,1,L
ROW,period2_mixed,191,13,1,PureSFormal.Research.RootResetSelectorContract.HaltKind.redex,1853,1,LL
ROW,period2_mixed,192,13,1,PureSFormal.Research.RootResetSelectorContract.HaltKind.redex,1567,1,L
ROW,period2_mixed,193,13,1,PureSFormal.Research.RootResetSelectorContract.HaltKind.redex,1582,1,L
ROW,period2_mixed,194,13,1,PureSFormal.Research.RootResetSelectorContract.HaltKind.redex,1937,1,LL
ROW,period2_mixed,195,13,1,PureSFormal.Research.RootResetSelectorContract.HaltKind.redex,1862,1,LL
ROW,period2_mixed,196,13,1,PureSFormal.Research.RootResetSelectorContract.HaltKind.redex,1900,1,LLL
PASS,period2_mixed,terms=197,normal=89,redex=108,microticks=218763,maxMicroticks=2311
ALL_PASS,fixtures=2,termsPerFixture=197,executions=394
