ROW,0,1,20,20,20
ROW,1,3,29,29,29
ROW,2,5,29,29,29
ROW,3,5,46,46,46
ROW,4,7,29,29,29
ROW,5,7,29,29,29
ROW,6,7,50,50,50
ROW,7,7,49,49,49
ROW,8,7,55,55,55
ROW,9,9,29,29,29
ROW,10,9,29,29,29
ROW,11,9,29,29,29
ROW,12,9,29,29,29
ROW,13,9,29,29,29
ROW,14,9,53,53,53
ROW,15,9,49,49,49
ROW,16,9,53,53,53
ROW,17,9,59,59,59
ROW,18,9,49,49,49
ROW,19,9,56,56,56
ROW,20,9,61,61,61
ROW,21,9,55,55,55
ROW,22,9,69,69,69
ROW,23,11,29,29,29
ROW,24,11,29,29,29
ROW,25,11,29,29,29
ROW,26,11,29,29,29
ROW,27,11,29,29,29
ROW,28,11,29,29,29
ROW,29,11,29,29,29
ROW,30,11,29,29,29
ROW,31,11,29,29,29
ROW,32,11,29,29,29
ROW,33,11,29,29,29
ROW,34,11,29,29,29
ROW,35,11,29,29,29
ROW,36,11,29,29,29
ROW,37,11,53,53,53
ROW,38,11,57,57,57
ROW,39,11,49,49,49
ROW,40,11,49,49,49
ROW,41,11,49,49,49
ROW,42,11,56,56,56
ROW,43,11,52,52,52
ROW,44,11,62,62,62
ROW,45,11,58,58,58
ROW,46,11,53,53,53
ROW,47,11,60,60,60
ROW,48,11,65,65,65
ROW,49,11,59,59,59
ROW,50,11,73,73,73
ROW,51,11,49,49,49
ROW,52,11,49,49,49
ROW,53,11,59,59,59
ROW,54,11,58,58,58
ROW,55,11,52,52,52
ROW,56,11,61,61,61
ROW,57,11,72,72,72
ROW,58,11,61,61,61
ROW,59,11,75,75,75
ROW,60,11,55,55,55
ROW,61,11,55,55,55
ROW,62,11,75,75,75
ROW,63,11,73,73,73
ROW,64,11,61,61,61
ROW,65,13,29,29,29
ROW,66,13,29,29,29
ROW,67,13,29,29,29
ROW,68,13,29,29,29
ROW,69,13,29,29,29
ROW,70,13,29,29,29
ROW,71,13,29,29,29
ROW,72,13,29,29,29
ROW,73,13,29,29,29
ROW,74,13,29,29,29
ROW,75,13,29,29,29
ROW,76,13,29,29,29
ROW,77,13,29,29,29
ROW,78,13,29,29,29
ROW,79,13,29,29,29
ROW,80,13,29,29,29
ROW,81,13,29,29,29
ROW,82,13,29,29,29
ROW,83,13,29,29,29
ROW,84,13,29,29,29
ROW,85,13,29,29,29
ROW,86,13,29,29,29
ROW,87,13,29,29,29
ROW,88,13,29,29,29
ROW,89,13,29,29,29
ROW,90,13,29,29,29
ROW,91,13,29,29,29
ROW,92,13,29,29,29
ROW,93,13,29,29,29
ROW,94,13,29,29,29
ROW,95,13,29,29,29
ROW,96,13,29,29,29
ROW,97,13,29,29,29
ROW,98,13,29,29,29
ROW,99,13,29,29,29
ROW,100,13,29,29,29
ROW,101,13,29,29,29
ROW,102,13,29,29,29
ROW,103,13,29,29,29
ROW,104,13,29,29,29
ROW,105,13,29,29,29
ROW,106,13,29,29,29
ROW,107,13,53,53,53
ROW,108,13,53,53,53
ROW,109,13,64,64,64
ROW,110,13,57,57,57
ROW,111,13,56,56,56
ROW,112,13,49,49,49
ROW,113,13,49,49,49
ROW,114,13,49,49,49
ROW,115,13,49,49,49
ROW,116,13,49,49,49
ROW,117,13,49,49,49
ROW,118,13,49,49,49
ROW,119,13,49,49,49
ROW,120,13,49,49,49
ROW,121,13,56,56,56
ROW,122,13,60,60,60
ROW,123,13,52,52,52
ROW,124,13,52,52,52
ROW,125,13,52,52,52
ROW,126,13,62,62,62
ROW,127,13,66,66,66
ROW,128,13,58,58,58
ROW,129,13,58,58,58
ROW,130,13,58,58,58
ROW,131,13,56,56,56
ROW,132,13,52,52,52
ROW,133,13,63,63,63
ROW,134,13,59,59,59
ROW,135,13,68,68,68
ROW,136,13,64,64,64
ROW,137,13,62,62,62
ROW,138,13,58,58,58
ROW,139,13,76,76,76
ROW,140,13,72,72,72
ROW,141,13,53,53,53
ROW,142,13,53,53,53
ROW,143,13,63,63,63
ROW,144,13,62,62,62
ROW,145,13,56,56,56
ROW,146,13,65,65,65
ROW,147,13,82,82,82
ROW,148,13,65,65,65
ROW,149,13,79,79,79
ROW,150,13,59,59,59
ROW,151,13,59,59,59
ROW,152,13,79,79,79
ROW,153,13,77,77,77
ROW,154,13,65,65,65
ROW,155,13,49,49,49
ROW,156,13,49,49,49
ROW,157,13,49,49,49
ROW,158,13,49,49,49
ROW,159,13,49,49,49
ROW,160,13,59,59,59
ROW,161,13,66,66,66
ROW,162,13,63,63,63
ROW,163,13,52,52,52
ROW,164,13,57,57,57
ROW,165,13,57,57,57
ROW,166,13,52,52,52
ROW,167,13,52,52,52
ROW,168,13,52,52,52
ROW,169,13,61,61,61
ROW,170,13,61,61,61
ROW,171,13,75,75,75
ROW,172,13,74,74,74
ROW,173,13,67,67,67
ROW,174,13,61,61,61
ROW,175,13,72,72,72
ROW,176,13,75,75,75
ROW,177,13,86,86,86
ROW,178,13,61,61,61
ROW,179,13,61,61,61
ROW,180,13,81,81,81
ROW,181,13,79,79,79
ROW,182,13,67,67,67
ROW,183,13,55,55,55
ROW,184,13,55,55,55
ROW,185,13,55,55,55
ROW,186,13,55,55,55
ROW,187,13,55,55,55
ROW,188,13,75,75,75
ROW,189,13,89,89,89
ROW,190,13,88,88,88
ROW,191,13,61,61,61
ROW,192,13,71,71,71
ROW,193,13,71,71,71
ROW,194,13,61,61,61
ROW,195,13,61,61,61
ROW,196,13,61,61,61
OUTPUT_PASS,terms=197,measuredCalls=591,publicCalls=591,rowOperations=9753,terminalOperations=9753,scannedOperations=9753
