SOURCE|immediate_empty|0|0|1|00|0|1
SOURCE|immediate_empty|1|none
SOURCE|immediate_empty|2|none
SOURCE|immediate_false|0|0|1|000|0|1
SOURCE|immediate_false|1|none
SOURCE|immediate_false|2|none
SOURCE|immediate_true|0|0|1|010|1|1
SOURCE|immediate_true|1|none
SOURCE|immediate_true|2|none
SOURCE|flip_false|0|0|1|000|0|0
SOURCE|flip_false|1|1|1|010|1|1
SOURCE|flip_false|2|none
SOURCE|flip_false|3|none
SOURCE|flip_true|0|0|1|010|1|0
SOURCE|flip_true|1|1|1|000|0|1
SOURCE|flip_true|2|none
SOURCE|flip_true|3|none
SOURCE|left_growth|0|0|1|000|0|0
SOURCE|left_growth|1|1|0|010|0|0
SOURCE|left_growth|2|2|0|0110|0|1
SOURCE|left_growth|3|none
SOURCE|left_growth|4|none
SOURCE|right_growth|0|0|1|010|1|0
SOURCE|right_growth|1|1|2|000|0|0
SOURCE|right_growth|2|2|3|0010|0|1
SOURCE|right_growth|3|none
SOURCE|right_growth|4|none
SOURCE|loop_false|0|0|1|000|0|0
SOURCE|loop_false|1|0|1|000|0|0
SOURCE|loop_false|2|0|1|000|0|0
SOURCE|loop_false|3|0|1|000|0|0
SOURCE|loop_false|4|0|1|000|0|0
SOURCE|loop_true|0|0|1|010|1|0
SOURCE|loop_true|1|0|1|010|1|0
SOURCE|loop_true|2|0|1|010|1|0
SOURCE|loop_true|3|0|1|010|1|0
SOURCE|loop_true|4|0|1|010|1|0
